Component: ARM Compiler 5.06 update 6 (build 750) Tool: armlink [4d35ed]

==============================================================================

Section Cross References

    i2c_stm32f10x.o(i.I2C1_Control) refers to i2c_stm32f10x.o(i.I2C_Control) for I2C_Control
    i2c_stm32f10x.o(i.I2C1_Control) refers to i2c_stm32f10x.o(.constdata) for I2C1_Resources
    i2c_stm32f10x.o(i.I2C1_ER_IRQHandler) refers to i2c_stm32f10x.o(i.I2C_ER_IRQHandler) for I2C_ER_IRQHandler
    i2c_stm32f10x.o(i.I2C1_ER_IRQHandler) refers to i2c_stm32f10x.o(.constdata) for I2C1_Resources
    i2c_stm32f10x.o(i.I2C1_EV_IRQHandler) refers to i2c_stm32f10x.o(i.I2C_EV_IRQHandler) for I2C_EV_IRQHandler
    i2c_stm32f10x.o(i.I2C1_EV_IRQHandler) refers to i2c_stm32f10x.o(.constdata) for I2C1_Resources
    i2c_stm32f10x.o(i.I2C1_GetDataCount) refers to i2c_stm32f10x.o(i.I2C_GetDataCount) for I2C_GetDataCount
    i2c_stm32f10x.o(i.I2C1_GetDataCount) refers to i2c_stm32f10x.o(.constdata) for I2C1_Resources
    i2c_stm32f10x.o(i.I2C1_GetStatus) refers to i2c_stm32f10x.o(i.I2C_GetStatus) for I2C_GetStatus
    i2c_stm32f10x.o(i.I2C1_GetStatus) refers to i2c_stm32f10x.o(.constdata) for I2C1_Resources
    i2c_stm32f10x.o(i.I2C1_Initialize) refers to i2c_stm32f10x.o(i.I2C_Initialize) for I2C_Initialize
    i2c_stm32f10x.o(i.I2C1_Initialize) refers to i2c_stm32f10x.o(.constdata) for I2C1_Resources
    i2c_stm32f10x.o(i.I2C1_MasterReceive) refers to i2c_stm32f10x.o(i.I2C_MasterReceive) for I2C_MasterReceive
    i2c_stm32f10x.o(i.I2C1_MasterReceive) refers to i2c_stm32f10x.o(.constdata) for I2C1_Resources
    i2c_stm32f10x.o(i.I2C1_MasterTransmit) refers to i2c_stm32f10x.o(i.I2C_MasterTransmit) for I2C_MasterTransmit
    i2c_stm32f10x.o(i.I2C1_MasterTransmit) refers to i2c_stm32f10x.o(.constdata) for I2C1_Resources
    i2c_stm32f10x.o(i.I2C1_PowerControl) refers to i2c_stm32f10x.o(i.I2C_PowerControl) for I2C_PowerControl
    i2c_stm32f10x.o(i.I2C1_PowerControl) refers to i2c_stm32f10x.o(.constdata) for I2C1_Resources
    i2c_stm32f10x.o(i.I2C1_SlaveReceive) refers to i2c_stm32f10x.o(i.I2C_SlaveReceive) for I2C_SlaveReceive
    i2c_stm32f10x.o(i.I2C1_SlaveReceive) refers to i2c_stm32f10x.o(.constdata) for I2C1_Resources
    i2c_stm32f10x.o(i.I2C1_SlaveTransmit) refers to i2c_stm32f10x.o(i.I2C_SlaveTransmit) for I2C_SlaveTransmit
    i2c_stm32f10x.o(i.I2C1_SlaveTransmit) refers to i2c_stm32f10x.o(.constdata) for I2C1_Resources
    i2c_stm32f10x.o(i.I2C1_Uninitialize) refers to i2c_stm32f10x.o(i.I2C_Uninitialize) for I2C_Uninitialize
    i2c_stm32f10x.o(i.I2C1_Uninitialize) refers to i2c_stm32f10x.o(.constdata) for I2C1_Resources
    i2c_stm32f10x.o(i.I2CX_GetCapabilities) refers to i2c_stm32f10x.o(.constdata) for DriverCapabilities
    i2c_stm32f10x.o(i.I2CX_GetVersion) refers to i2c_stm32f10x.o(.constdata) for DriverVersion
    i2c_stm32f10x.o(i.I2C_Control) refers to system_stm32f10x.o(i.SystemCoreClockUpdate) for SystemCoreClockUpdate
    i2c_stm32f10x.o(i.I2C_Control) refers to gpio_stm32f10x.o(i.GPIO_PinConfigure) for GPIO_PinConfigure
    i2c_stm32f10x.o(i.I2C_Control) refers to system_stm32f10x.o(.data) for SystemCoreClock
    i2c_stm32f10x.o(i.I2C_Initialize) refers to gpio_stm32f10x.o(i.GPIO_AFConfigure) for GPIO_AFConfigure
    i2c_stm32f10x.o(i.I2C_Initialize) refers to gpio_stm32f10x.o(i.GPIO_PortClock) for GPIO_PortClock
    i2c_stm32f10x.o(i.I2C_Initialize) refers to gpio_stm32f10x.o(i.GPIO_PinConfigure) for GPIO_PinConfigure
    i2c_stm32f10x.o(i.I2C_Initialize) refers to rt_memclr_w.o(.text) for __aeabi_memclr4
    i2c_stm32f10x.o(i.I2C_PowerControl) refers to i2c_stm32f10x.o(i.__NVIC_DisableIRQ) for __NVIC_DisableIRQ
    i2c_stm32f10x.o(i.I2C_PowerControl) refers to i2c_stm32f10x.o(i.__NVIC_ClearPendingIRQ) for __NVIC_ClearPendingIRQ
    i2c_stm32f10x.o(i.I2C_PowerControl) refers to i2c_stm32f10x.o(i.__NVIC_EnableIRQ) for __NVIC_EnableIRQ
    i2c_stm32f10x.o(i.I2C_Uninitialize) refers to gpio_stm32f10x.o(i.GPIO_PinConfigure) for GPIO_PinConfigure
    i2c_stm32f10x.o(i.I2C_Uninitialize) refers to gpio_stm32f10x.o(i.GPIO_AFConfigure) for GPIO_AFConfigure
    i2c_stm32f10x.o(.constdata) refers to i2c_stm32f10x.o(.bss) for I2C1_Info
    i2c_stm32f10x.o(.constdata) refers to i2c_stm32f10x.o(i.I2CX_GetVersion) for I2CX_GetVersion
    i2c_stm32f10x.o(.constdata) refers to i2c_stm32f10x.o(i.I2CX_GetCapabilities) for I2CX_GetCapabilities
    i2c_stm32f10x.o(.constdata) refers to i2c_stm32f10x.o(i.I2C1_Initialize) for I2C1_Initialize
    i2c_stm32f10x.o(.constdata) refers to i2c_stm32f10x.o(i.I2C1_Uninitialize) for I2C1_Uninitialize
    i2c_stm32f10x.o(.constdata) refers to i2c_stm32f10x.o(i.I2C1_PowerControl) for I2C1_PowerControl
    i2c_stm32f10x.o(.constdata) refers to i2c_stm32f10x.o(i.I2C1_MasterTransmit) for I2C1_MasterTransmit
    i2c_stm32f10x.o(.constdata) refers to i2c_stm32f10x.o(i.I2C1_MasterReceive) for I2C1_MasterReceive
    i2c_stm32f10x.o(.constdata) refers to i2c_stm32f10x.o(i.I2C1_SlaveTransmit) for I2C1_SlaveTransmit
[...]
    startup_stm32f10x_md.o(RESET) refers to dma_stm32f10x.o(i.DMA1_Channel6_IRQHandler) for DMA1_Channel6_IRQHandler
    startup_stm32f10x_md.o(RESET) refers to dma_stm32f10x.o(i.DMA1_Channel7_IRQHandler) for DMA1_Channel7_IRQHandler
    startup_stm32f10x_md.o(RESET) refers to i2c_stm32f10x.o(i.I2C1_EV_IRQHandler) for I2C1_EV_IRQHandler
    startup_stm32f10x_md.o(RESET) refers to i2c_stm32f10x.o(i.I2C1_ER_IRQHandler) for I2C1_ER_IRQHandler
    startup_stm32f10x_md.o(RESET) refers to spi_stm32f10x.o(i.SPI1_IRQHandler) for SPI1_IRQHandler
    startup_stm32f10x_md.o(RESET) refers to usart_stm32f10x.o(i.USART1_IRQHandler) for USART1_IRQHandler
    startup_stm32f10x_md.o(.text) refers (Special) to heapauxi.o(.text) for __use_two_region_memory
    startup_stm32f10x_md.o(.text) refers to system_stm32f10x.o(i.SystemInit) for SystemInit
    startup_stm32f10x_md.o(.text) refers to __main.o(!!!main) for __main
    startup_stm32f10x_md.o(.text) refers to startup_stm32f10x_md.o(HEAP) for Heap_Mem
    startup_stm32f10x_md.o(.text) refers to startup_stm32f10x_md.o(STACK) for Stack_Mem
    system_stm32f10x.o(i.SetSysClock) refers to system_stm32f10x.o(i.SetSysClockTo72) for SetSysClockTo72
    system_stm32f10x.o(i.SystemCoreClockUpdate) refers to system_stm32f10x.o(.data) for SystemCoreClock
    system_stm32f10x.o(i.SystemInit) refers to system_stm32f10x.o(i.SetSysClock) for SetSysClock
    __main.o(!!!main) refers to __rtentry.o(.ARM.Collect$$rtentry$$00000000) for __rt_entry
    __rtentry.o(.ARM.Collect$$rtentry$$00000000) refers (Special) to __rtentry2.o(.ARM.Collect$$rtentry$$0000000A) for __rt_entry_li
    __rtentry.o(.ARM.Collect$$rtentry$$00000000) refers (Special) to __rtentry2.o(.ARM.Collect$$rtentry$$0000000D) for __rt_entry_main
    __rtentry.o(.ARM.Collect$$rtentry$$00000000) refers (Special) to __rtentry2.o(.ARM.Collect$$rtentry$$0000000C) for __rt_entry_postli_1
    __rtentry.o(.ARM.Collect$$rtentry$$00000000) refers (Special) to __rtentry2.o(.ARM.Collect$$rtentry$$00000009) for __rt_entry_postsh_1
    __rtentry.o(.ARM.Collect$$rtentry$$00000000) refers (Special) to __rtentry2.o(.ARM.Collect$$rtentry$$00000002) for __rt_entry_presh_1
    __rtentry.o(.ARM.Collect$$rtentry$$00000000) refers (Special) to __rtentry4.o(.ARM.Collect$$rtentry$$00000004) for __rt_entry_sh
    __rtentry2.o(.ARM.Collect$$rtentry$$00000008) refers to boardinit2.o(.text) for _platform_post_stackheap_init
    __rtentry2.o(.ARM.Collect$$rtentry$$0000000A) refers to libinit.o(.ARM.Collect$$libinit$$00000000) for __rt_lib_init
    __rtentry2.o(.ARM.Collect$$rtentry$$0000000B) refers to boardinit3.o(.text) for _platform_post_lib_init
    __rtentry2.o(.ARM.Collect$$rtentry$$0000000D) refers to main.o(i.main) for main
    __rtentry2.o(.ARM.Collect$$rtentry$$0000000D) refers to exit.o(.text) for exit
    __rtentry2.o(.ARM.exidx) refers to __rtentry2.o(.ARM.Collect$$rtentry$$00000001) for .ARM.Collect$$rtentry$$00000001
    __rtentry2.o(.ARM.exidx) refers to __rtentry2.o(.ARM.Collect$$rtentry$$00000008) for .ARM.Collect$$rtentry$$00000008
    __rtentry2.o(.ARM.exidx) refers to __rtentry2.o(.ARM.Collect$$rtentry$$0000000A) for .ARM.Collect$$rtentry$$0000000A
    __rtentry2.o(.ARM.exidx) refers to __rtentry2.o(.ARM.Collect$$rtentry$$0000000B) for .ARM.Collect$$rtentry$$0000000B
    __rtentry2.o(.ARM.exidx) refers to __rtentry2.o(.ARM.Collect$$rtentry$$0000000D) for .ARM.Collect$$rtentry$$0000000D
    __rtentry4.o(.ARM.Collect$$rtentry$$00000004) refers to sys_stackheap_outer.o(.text) for __user_setup_stackheap
    __rtentry4.o(.ARM.exidx) refers to __rtentry4.o(.ARM.Collect$$rtentry$$00000004) for .ARM.Collect$$rtentry$$00000004
    sys_stackheap_outer.o(.text) refers to libspace.o(.text) for __user_perproc_libspace
    sys_stackheap_outer.o(.text) refers to startup_stm32f10x_md.o(.text) for __user_initial_stackheap
    exit.o(.text) refers to rtexit.o(.ARM.Collect$$rtexit$$00000000) for __rt_exit
    libinit.o(.ARM.Collect$$libinit$$00000000) refers (Special) to libinit2.o(.ARM.Collect$$libinit$$0000002E) for __rt_lib_init_alloca_1
    libinit.o(.ARM.Collect$$libinit$$00000000) refers (Special) to libinit2.o(.ARM.Collect$$libinit$$0000002C) for __rt_lib_init_argv_1
    libinit.o(.ARM.Collect$$libinit$$00000000) refers (Special) to libinit2.o(.ARM.Collect$$libinit$$0000001B) for __rt_lib_init_atexit_1
    libinit.o(.ARM.Collect$$libinit$$00000000) refers (Special) to libinit2.o(.ARM.Collect$$libinit$$00000021) for __rt_lib_init_clock_1
    libinit.o(.ARM.Collect$$libinit$$00000000) refers (Special) to libinit2.o(.ARM.Collect$$libinit$$00000032) for __rt_lib_init_cpp_1
    libinit.o(.ARM.Collect$$libinit$$00000000) refers (Special) to libinit2.o(.ARM.Collect$$libinit$$00000030) for __rt_lib_init_exceptions_1
    libinit.o(.ARM.Collect$$libinit$$00000000) refers (Special) to libinit2.o(.ARM.Collect$$libinit$$00000002) for __rt_lib_init_fp_1
    libinit.o(.ARM.Collect$$libinit$$00000000) refers (Special) to libinit2.o(.ARM.Collect$$libinit$$0000001F) for __rt_lib_init_fp_trap_1
    libinit.o(.ARM.Collect$$libinit$$00000000) refers (Special) to libinit2.o(.ARM.Collect$$libinit$$00000023) for __rt_lib_init_getenv_1
    libinit.o(.ARM.Collect$$libinit$$00000000) refers (Special) to libinit2.o(.ARM.Collect$$libinit$$0000000A) for __rt_lib_init_heap_1
    libinit.o(.ARM.Collect$$libinit$$00000000) refers (Special) to libinit2.o(.ARM.Collect$$libinit$$00000011) for __rt_lib_init_lc_collate_1
    libinit.o(.ARM.Collect$$libinit$$00000000) refers (Special) to libinit2.o(.ARM.Collect$$libinit$$00000013) for __rt_lib_init_lc_ctype_1
    libinit.o(.ARM.Collect$$libinit$$00000000) refers (Special) to libinit2.o(.ARM.Collect$$libinit$$00000015) for __rt_lib_init_lc_monetary_1
    libinit.o(.ARM.Collect$$libinit$$00000000) refers (Special) to libinit2.o(.ARM.Collect$$libinit$$00000017) for __rt_lib_init_lc_numeric_1
    libinit.o(.ARM.Collect$$libinit$$00000000) refers (Special) to libinit2.o(.ARM.Collect$$libinit$$00000019) for __rt_lib_init_lc_time_1
    libinit.o(.ARM.Collect$$libinit$$00000000) refers (Special) to libinit2.o(.ARM.Collect$$libinit$$00000004) for __rt_lib_init_preinit_1
    libinit.o(.ARM.Collect$$libinit$$00000000) refers (Special) to libinit2.o(.ARM.Collect$$libinit$$0000000E) for __rt_lib_init_rand_1
    libinit.o(.ARM.Collect$$libinit$$00000000) refers (Special) to libinit2.o(.ARM.Collect$$libinit$$00000033) for __rt_lib_init_return
    libinit.o(.ARM.Collect$$libinit$$00000000) refers (Special) to libinit2.o(.ARM.Collect$$libinit$$0000001D) for __rt_lib_init_signal_1
    libinit.o(.ARM.Collect$$libinit$$00000000) refers (Special) to libinit2.o(.ARM.Collect$$libinit$$00000025) for __rt_lib_init_stdio_1
    libinit.o(.ARM.Collect$$libinit$$00000000) refers (Special) to libinit2.o(.ARM.Collect$$libinit$$0000000C) for __rt_lib_init_user_alloc_1
    libspace.o(.text) refers to libspace.o(.bss) for __libspace_start
    rtexit.o(.ARM.Collect$$rtexit$$00000000) refers (Special) to rtexit2.o(.ARM.Collect$$rtexit$$00000004) for __rt_exit_exit
    rtexit.o(.ARM.Collect$$rtexit$$00000000) refers (Special) to rtexit2.o(.ARM.Collect$$rtexit$$00000003) for __rt_exit_ls
    rtexit.o(.ARM.Collect$$rtexit$$00000000) refers (Special) to rtexit2.o(.ARM.Collect$$rtexit$$00000002) for __rt_exit_prels_1
    rtexit.o(.ARM.exidx) refers (Special) to rtexit2.o(.ARM.Collect$$rtexit$$00000004) for __rt_exit_exit
    rtexit.o(.ARM.exidx) refers (Special) to rtexit2.o(.ARM.Collect$$rtexit$$00000003) for __rt_exit_ls
    rtexit.o(.ARM.exidx) refers (Special) to rtexit2.o(.ARM.Collect$$rtexit$$00000002) for __rt_exit_prels_1
    rtexit.o(.ARM.exidx) refers to rtexit.o(.ARM.Collect$$rtexit$$00000000) for .ARM.Collect$$rtexit$$00000000
    libinit2.o(.ARM.Collect$$libinit$$00000010) refers to libinit2.o(.ARM.Collect$$libinit$$0000000F) for .ARM.Collect$$libinit$$0000000F
    libinit2.o(.ARM.Collect$$libinit$$00000012) refers to libinit2.o(.ARM.Collect$$libinit$$0000000F) for .ARM.Collect$$libinit$$0000000F
    libinit2.o(.ARM.Collect$$libinit$$00000014) refers to libinit2.o(.ARM.Collect$$libinit$$0000000F) for .ARM.Collect$$libinit$$0000000F
    libinit2.o(.ARM.Collect$$libinit$$00000016) refers to libinit2.o(.ARM.Collect$$libinit$$0000000F) for .ARM.Collect$$libinit$$0000000F
    libinit2.o(.ARM.Collect$$libinit$$00000018) refers to libinit2.o(.ARM.Collect$$libinit$$0000000F) for .ARM.Collect$$libinit$$0000000F
    libinit2.o(.ARM.Collect$$libinit$$00000026) refers to argv_veneer.o(.emb_text) for __ARM_argv_veneer
    libinit2.o(.ARM.Collect$$libinit$$00000027) refers to argv_veneer.o(.emb_text) for __ARM_argv_veneer
    rtexit2.o(.ARM.Collect$$rtexit$$00000003) refers to libshutdown.o(.ARM.Collect$$libshutdown$$00000000) for __rt_lib_shutdown
    rtexit2.o(.ARM.Collect$$rtexit$$00000004) refers to sys_exit.o(.text) for _sys_exit
    rtexit2.o(.ARM.exidx) refers to rtexit2.o(.ARM.Collect$$rtexit$$00000001) for .ARM.Collect$$rtexit$$00000001
    rtexit2.o(.ARM.exidx) refers to rtexit2.o(.ARM.Collect$$rtexit$$00000003) for .ARM.Collect$$rtexit$$00000003
    rtexit2.o(.ARM.exidx) refers to rtexit2.o(.ARM.Collect$$rtexit$$00000004) for .ARM.Collect$$rtexit$$00000004
    argv_veneer.o(.emb_text) refers to no_argv.o(.text) for __ARM_get_argv
    sys_exit.o(.text) refers (Special) to use_no_semi.o(.text) for __I$use$semihosting
    sys_exit.o(.text) refers (Special) to indicate_semi.o(.text) for __semihosting_library_function
    _get_argv_nomalloc.o(.text) refers (Special) to hrguard.o(.text) for __heap_region$guard
    _get_argv_nomalloc.o(.text) refers to defsig_rtmem_outer.o(.text) for __rt_SIGRTMEM
    _get_argv_nomalloc.o(.text) refers to sys_command.o(.text) for _sys_command_string
    libshutdown.o(.ARM.Collect$$libshutdown$$00000000) refers (Special) to libshutdown2.o(.ARM.Collect$$libshutdown$$00000002) for __rt_lib_shutdown_cpp_1
    libshutdown.o(.ARM.Collect$$libshutdown$$00000000) refers (Special) to libshutdown2.o(.ARM.Collect$$libshutdown$$00000007) for __rt_lib_shutdown_fp_trap_1
    libshutdown.o(.ARM.Collect$$libshutdown$$00000000) refers (Special) to libshutdown2.o(.ARM.Collect$$libshutdown$$0000000F) for __rt_lib_shutdown_heap_1
    libshutdown.o(.ARM.Collect$$libshutdown$$00000000) refers (Special) to libshutdown2.o(.ARM.Collect$$libshutdown$$00000010) for __rt_lib_shutdown_return
    libshutdown.o(.ARM.Collect$$libshutdown$$00000000) refers (Special) to libshutdown2.o(.ARM.Collect$$libshutdown$$0000000A) for __rt_lib_shutdown_signal_1
    libshutdown.o(.ARM.Collect$$libshutdown$$00000000) refers (Special) to libshutdown2.o(.ARM.Collect$$libshutdown$$00000004) for __rt_lib_shutdown_stdio_1
    libshutdown.o(.ARM.Collect$$libshutdown$$00000000) refers (Special) to libshutdown2.o(.ARM.Collect$$libshutdown$$0000000C) for __rt_lib_shutdown_user_alloc_1
    sys_command.o(.text) refers (Special) to use_no_semi.o(.text) for __I$use$semihosting
    sys_command.o(.text) refers (Special) to indicate_semi.o(.text) for __semihosting_library_function
    defsig_rtmem_outer.o(.text) refers to defsig_rtmem_inner.o(.text) for __rt_SIGRTMEM_inner
    defsig_rtmem_outer.o(.text) refers to defsig_exit.o(.text) for __sig_exit
    defsig_rtmem_formal.o(.text) refers to rt_raise.o(.text) for __rt_raise
    rt_raise.o(.text) refers to __raise.o(.text) for __raise
    rt_raise.o(.text) refers to sys_exit.o(.text) for _sys_exit
    defsig_exit.o(.text) refers to sys_exit.o(.text) for _sys_exit
    defsig_rtmem_inner.o(.text) refers to defsig_general.o(.text) for __default_signal_display
    __raise.o(.text) refers to defsig.o(CL$$defsig) for __default_signal_handler
    defsig_general.o(.text) refers to sys_wrch.o(.text) for _ttywrch
    sys_wrch.o(.text) refers (Special) to use_no_semi.o(.text) for __I$use$semihosting
    sys_wrch.o(.text) refers (Special) to indicate_semi.o(.text) for __semihosting_library_function
    defsig.o(CL$$defsig) refers to defsig_rtmem_inner.o(.text) for __rt_SIGRTMEM_inner
    defsig_abrt_inner.o(.text) refers to defsig_general.o(.text) for __default_signal_display
    defsig_fpe_inner.o(.text) refers to defsig_general.o(.text) for __default_signal_display
    defsig_rtred_inner.o(.text) refers to defsig_general.o(.text) for __default_signal_display
    defsig_stak_inner.o(.text) refers to defsig_general.o(.text) for __default_signal_display
    defsig_pvfn_inner.o(.text) refers to defsig_general.o(.text) for __default_signal_display
    defsig_cppl_inner.o(.text) refers to defsig_general.o(.text) for __default_signal_display
    defsig_segv_inner.o(.text) refers to defsig_general.o(.text) for __default_signal_display
    defsig_other.o(.text) refers to defsig_general.o(.text) for __default_signal_display


==============================================================================

Removing Unused input sections from the image.

    Removing main.o(.rev16_text), (4 bytes).
    Removing main.o(.revsh_text), (4 bytes).
    Removing main.o(.rrx_text), (6 bytes).
    Removing i2c_stm32f10x.o(.rev16_text), (4 bytes).
    Removing i2c_stm32f10x.o(.revsh_text), (4 bytes).
    Removing i2c_stm32f10x.o(.rrx_text), (6 bytes).
    Removing spi_stm32f10x.o(.rev16_text), (4 bytes).
    Removing spi_stm32f10x.o(.revsh_text), (4 bytes).
    Removing spi_stm32f10x.o(.rrx_text), (6 bytes).
    Removing usart_stm32f10x.o(.rev16_text), (4 bytes).
    Removing usart_stm32f10x.o(.revsh_text), (4 bytes).
    Removing usart_stm32f10x.o(.rrx_text), (6 bytes).
    Removing dma_stm32f10x.o(.rev16_text), (4 bytes).
    Removing dma_stm32f10x.o(.revsh_text), (4 bytes).
    Removing dma_stm32f10x.o(.rrx_text), (6 bytes).
    Removing dma_stm32f10x.o(i.DMA_ChannelInitialize), (256 bytes).
    Removing dma_stm32f10x.o(i.DMA_ChannelUninitialize), (188 bytes).
    Removing dma_stm32f10x.o(i.__NVIC_ClearPendingIRQ), (28 bytes).
    Removing dma_stm32f10x.o(i.__NVIC_DisableIRQ), (60 bytes).
    Removing dma_stm32f10x.o(i.__NVIC_EnableIRQ), (26 bytes).
    Removing dma_stm32f10x.o(.data), (1 bytes).
    Removing gpio_stm32f10x.o(.rev16_text), (4 bytes).
    Removing gpio_stm32f10x.o(.revsh_text), (4 bytes).
    Removing gpio_stm32f10x.o(.rrx_text), (6 bytes).
    Removing system_stm32f10x.o(.rev16_text), (4 bytes).
    Removing system_stm32f10x.o(.revsh_text), (4 bytes).
    Removing system_stm32f10x.o(.rrx_text), (6 bytes).

27 unused section(s) (total 657 bytes) removed from the image.

==============================================================================

Image Symbol Table

    Local Symbols

    Symbol Name                              Value     Ov Type        Size  Object(Section)

    ../clib/angel/boardlib.s                 0x00000000   Number         0  boardshut.o ABSOLUTE
    ../clib/angel/boardlib.s                 0x00000000   Number         0  boardinit1.o ABSOLUTE
    ../clib/angel/boardlib.s                 0x00000000   Number         0  boardinit2.o ABSOLUTE
    ../clib/angel/boardlib.s                 0x00000000   Number         0  boardinit3.o ABSOLUTE
    ../clib/angel/handlers.s                 0x00000000   Number         0  __scatter_zi.o ABSOLUTE
    ../clib/angel/handlers.s                 0x00000000   Number         0  __scatter_copy.o ABSOLUTE
    ../clib/angel/kernel.s                   0x00000000   Number         0  rtexit.o ABSOLUTE
    ../clib/angel/kernel.s                   0x00000000   Number         0  rtexit2.o ABSOLUTE
    ../clib/angel/kernel.s                   0x00000000   Number         0  __rtentry4.o ABSOLUTE
    ../clib/angel/kernel.s                   0x00000000   Number         0  __rtentry2.o ABSOLUTE
    ../clib/angel/kernel.s                   0x00000000   Number         0  __rtentry.o ABSOLUTE
    ../clib/angel/rt.s                       0x00000000   Number         0  rt_raise.o ABSOLUTE
    ../clib/angel/scatter.s                  0x00000000   Number         0  __scatter.o ABSOLUTE
    ../clib/angel/startup.s                  0x00000000   Number         0  __main.o ABSOLUTE
    ../clib/angel/sys.s                      0x00000000   Number         0  libspace.o ABSOLUTE
    ../clib/angel/sys.s                      0x00000000   Number         0  sys_stackheap_outer.o ABSOLUTE
    ../clib/angel/sys.s                      0x00000000   Number         0  use_no_semi.o ABSOLUTE
    ../clib/angel/sys.s                      0x00000000   Number         0  indicate_semi.o ABSOLUTE
    ../clib/angel/sysapp.c                   0x00000000   Number         0  sys_command.o ABSOLUTE
    ../clib/angel/sysapp.c                   0x00000000   Number         0  sys_exit.o ABSOLUTE
    ../clib/angel/sysapp.c                   0x00000000   Number         0  sys_wrch.o ABSOLUTE
    ../clib/armsys.c                         0x00000000   Number         0  no_argv.o ABSOLUTE
    ../clib/armsys.c                         0x00000000   Number         0  _get_argv_nomalloc.o ABSOLUTE
    ../clib/armsys.c                         0x00000000   Number         0  argv_veneer.o ABSOLUTE
    ../clib/armsys.c                         0x00000000   Number         0  argv_veneer.o ABSOLUTE
    ../clib/heapalloc.c                      0x00000000   Number         0  hrguard.o ABSOLUTE
    ../clib/heapaux.c                        0x00000000   Number         0  heapauxi.o ABSOLUTE
    ../clib/libinit.s                        0x00000000   Number         0  libinit.o ABSOLUTE
    ../clib/libinit.s                        0x00000000   Number         0  libshutdown2.o ABSOLUTE
    ../clib/libinit.s                        0x00000000   Number         0  libshutdown.o ABSOLUTE
    ../clib/libinit.s                        0x00000000   Number         0  libinit2.o ABSOLUTE
    ../clib/memcpset.s                       0x00000000   Number         0  rt_memclr_w.o ABSOLUTE
    ../clib/signal.c                         0x00000000   Number         0  defsig_rtmem_outer.o ABSOLUTE
    ../clib/signal.c                         0x00000000   Number         0  defsig_cppl_inner.o ABSOLUTE
    ../clib/signal.c                         0x00000000   Number         0  defsig_abrt_inner.o ABSOLUTE
    ../clib/signal.c                         0x00000000   Number         0  defsig_general.o ABSOLUTE
    ../clib/signal.c                         0x00000000   Number         0  __raise.o ABSOLUTE
    ../clib/signal.c                         0x00000000   Number         0  defsig_other.o ABSOLUTE
    ../clib/signal.c                         0x00000000   Number         0  defsig_segv_inner.o ABSOLUTE
    ../clib/signal.c                         0x00000000   Number         0  defsig_rtmem_inner.o ABSOLUTE
    ../clib/signal.c                         0x00000000   Number         0  defsig_exit.o ABSOLUTE
    ../clib/signal.c                         0x00000000   Number         0  defsig_pvfn_inner.o ABSOLUTE
    ../clib/signal.c                         0x00000000   Number         0  defsig_rtmem_formal.o ABSOLUTE
    ../clib/signal.c                         0x00000000   Number         0  defsig_stak_inner.o ABSOLUTE
    ../clib/signal.c                         0x00000000   Number         0  defsig_rtred_inner.o ABSOLUTE
    ../clib/signal.c                         0x00000000   Number         0  defsig_fpe_inner.o ABSOLUTE
    ../clib/signal.s                         0x00000000   Number         0  defsig.o ABSOLUTE
    ../clib/stdlib.c                         0x00000000   Number         0  exit.o ABSOLUTE
    ../fplib/fpinit.s                        0x00000000   Number         0  fpinit.o ABSOLUTE
    C:\Keil_v5\ARM\PACK\Keil\STM32F1xx_DFP\2.3.0\RTE_Driver\DMA_STM32F10x.c 0x00000000   Number         0  dma_stm32f10x.o ABSOLUTE
    C:\Keil_v5\ARM\PACK\Keil\STM32F1xx_DFP\2.3.0\RTE_Driver\GPIO_STM32F10x.c 0x00000000   Number         0  gpio_stm32f10x.o ABSOLUTE
    C:\Keil_v5\ARM\PACK\Keil\STM32F1xx_DFP\2.3.0\RTE_Driver\I2C_STM32F10x.c 0x00000000   Number         0  i2c_stm32f10x.o ABSOLUTE
    C:\Keil_v5\ARM\PACK\Keil\STM32F1xx_DFP\2.3.0\RTE_Driver\SPI_STM32F10x.c 0x00000000   Number         0  spi_stm32f10x.o ABSOLUTE
    C:\Keil_v5\ARM\PACK\Keil\STM32F1xx_DFP\2.3.0\RTE_Driver\USART_STM32F10x.c 0x00000000   Number         0  usart_stm32f10x.o ABSOLUTE
    C:\\Keil_v5\\ARM\\PACK\\Keil\\STM32F1xx_DFP\\2.3.0\\RTE_Driver\\DMA_STM32F10x.c 0x00000000   Number         0  dma_stm32f10x.o ABSOLUTE
    C:\\Keil_v5\\ARM\\PACK\\Keil\\STM32F1xx_DFP\\2.3.0\\RTE_Driver\\GPIO_STM32F10x.c 0x00000000   Number         0  gpio_stm32f10x.o ABSOLUTE
    C:\\Keil_v5\\ARM\\PACK\\Keil\\STM32F1xx_DFP\\2.3.0\\RTE_Driver\\I2C_STM32F10x.c 0x00000000   Number         0  i2c_stm32f10x.o ABSOLUTE
    C:\\Keil_v5\\ARM\\PACK\\Keil\\STM32F1xx_DFP\\2.3.0\\RTE_Driver\\SPI_STM32F10x.c 0x00000000   Number         0  spi_stm32f10x.o ABSOLUTE
    C:\\Keil_v5\\ARM\\PACK\\Keil\\STM32F1xx_DFP\\2.3.0\\RTE_Driver\\USART_STM32F10x.c 0x00000000   Number         0  usart_stm32f10x.o ABSOLUTE
    RTE\Device\STM32F103C8\startup_stm32f10x_md.s 0x00000000   Number         0  startup_stm32f10x_md.o ABSOLUTE
    RTE\Device\STM32F103C8\system_stm32f10x.c 0x00000000   Number         0  system_stm32f10x.o ABSOLUTE
    RTE\\Device\\STM32F103C8\\system_stm32f10x.c 0x00000000   Number         0  system_stm32f10x.o ABSOLUTE
    dc.s                                     0x00000000   Number         0  dc.o ABSOLUTE
    main.c                                   0x00000000   Number         0  main.o ABSOLUTE
    main.c                                   0x00000000   Number         0  main.o ABSOLUTE
    RESET                                    0x08000000   Section      236  startup_stm32f10x_md.o(RESET)
    !!!main                                  0x080000ec   Section        8  __main.o(!!!main)
    !!!scatter                               0x080000f4   Section       52  __scatter.o(!!!scatter)
    !!handler_copy                           0x08000128   Section       26  __scatter_copy.o(!!handler_copy)
    !!handler_zi                             0x08000144   Section       28  __scatter_zi.o(!!handler_zi)
    .ARM.Collect$$libinit$$00000000          0x08000160   Section        2  libinit.o(.ARM.Collect$$libinit$$00000000)
    .ARM.Collect$$libinit$$00000002          0x08000162   Section        0  libinit2.o(.ARM.Collect$$libinit$$00000002)
    .ARM.Collect$$libinit$$00000004          0x08000162   Section        0  libinit2.o(.ARM.Collect$$libinit$$00000004)
    .ARM.Collect$$libinit$$0000000A          0x08000162   Section        0  libinit2.o(.ARM.Collect$$libinit$$0000000A)
    .ARM.Collect$$libinit$$0000000C          0x08000162   Section        0  libinit2.o(.ARM.Collect$$libinit$$0000000C)
    .ARM.Collect$$libinit$$0000000E          0x08000162   Section        0  libinit2.o(.ARM.Collect$$libinit$$0000000E)
    .ARM.Collect$$libinit$$00000011          0x08000162   Section        0  libinit2.o(.ARM.Collect$$libinit$$00000011)
    .ARM.Collect$$libinit$$00000013          0x08000162   Section        0  libinit2.o(.ARM.Collect$$libinit$$00000013)
    .ARM.Collect$$libinit$$00000015          0x08000162   Section        0  libinit2.o(.ARM.Collect$$libinit$$00000015)
    .ARM.Collect$$libinit$$00000017          0x08000162   Section        0  libinit2.o(.ARM.Collect$$libinit$$00000017)
    .ARM.Collect$$libinit$$00000019          0x08000162   Section        0  libinit2.o(.ARM.Collect$$libinit$$00000019)
    .ARM.Collect$$libinit$$0000001B          0x08000162   Section        0  libinit2.o(.ARM.Collect$$libinit$$0000001B)
    .ARM.Collect$$libinit$$0000001D          0x08000162   Section        0  libinit2.o(.ARM.Collect$$libinit$$0000001D)
    .ARM.Collect$$libinit$$0000001F          0x08000162   Section        0  libinit2.o(.ARM.Collect$$libinit$$0000001F)
    .ARM.Collect$$libinit$$00000021          0x08000162   Section        0  libinit2.o(.ARM.Collect$$libinit$$00000021)
    .ARM.Collect$$libinit$$00000023          0x08000162   Section        0  libinit2.o(.ARM.Collect$$libinit$$00000023)
    .ARM.Collect$$libinit$$00000025          0x08000162   Section        0  libinit2.o(.ARM.Collect$$libinit$$00000025)
    .ARM.Collect$$libinit$$0000002C          0x08000162   Section        0  libinit2.o(.ARM.Collect$$libinit$$0000002C)
    .ARM.Collect$$libinit$$0000002E          0x08000162   Section        0  libinit2.o(.ARM.Collect$$libinit$$0000002E)
    .ARM.Collect$$libinit$$00000030          0x08000162   Section        0  libinit2.o(.ARM.Collect$$libinit$$00000030)
    .ARM.Collect$$libinit$$00000032          0x08000162   Section        0  libinit2.o(.ARM.Collect$$libinit$$00000032)
    .ARM.Collect$$libinit$$00000033          0x08000162   Section        2  libinit2.o(.ARM.Collect$$libinit$$00000033)
    .ARM.Collect$$libshutdown$$00000000      0x08000164   Section        2  libshutdown.o(.ARM.Collect$$libshutdown$$00000000)
    .ARM.Collect$$libshutdown$$00000002      0x08000166   Section        0  libshutdown2.o(.ARM.Collect$$libshutdown$$00000002)
    .ARM.Collect$$libshutdown$$00000004      0x08000166   Section        0  libshutdown2.o(.ARM.Collect$$libshutdown$$00000004)
    .ARM.Collect$$libshutdown$$00000007      0x08000166   Section        0  libshutdown2.o(.ARM.Collect$$libshutdown$$00000007)
    .ARM.Collect$$libshutdown$$0000000A      0x08000166   Section        0  libshutdown2.o(.ARM.Collect$$libshutdown$$0000000A)
    .ARM.Collect$$libshutdown$$0000000C      0x08000166   Section        0  libshutdown2.o(.ARM.Collect$$libshutdown$$0000000C)
    .ARM.Collect$$libshutdown$$0000000F      0x08000166   Section        0  libshutdown2.o(.ARM.Collect$$libshutdown$$0000000F)
    .ARM.Collect$$libshutdown$$00000010      0x08000166   Section        2  libshutdown2.o(.ARM.Collect$$libshutdown$$00000010)
    .ARM.Collect$$rtentry$$00000000          0x08000168   Section        0  __rtentry.o(.ARM.Collect$$rtentry$$00000000)
    .ARM.Collect$$rtentry$$00000002          0x08000168   Section        0  __rtentry2.o(.ARM.Collect$$rtentry$$00000002)
    .ARM.Collect$$rtentry$$00000004          0x08000168   Section        6  __rtentry4.o(.ARM.Collect$$rtentry$$00000004)
    .ARM.Collect$$rtentry$$00000009          0x0800016e   Section        0  __rtentry2.o(.ARM.Collect$$rtentry$$00000009)
    .ARM.Collect$$rtentry$$0000000A          0x0800016e   Section        4  __rtentry2.o(.ARM.Collect$$rtentry$$0000000A)
    .ARM.Collect$$rtentry$$0000000C          0x08000172   Section        0  __rtentry2.o(.ARM.Collect$$rtentry$$0000000C)
    .ARM.Collect$$rtentry$$0000000D          0x08000172   Section        8  __rtentry2.o(.ARM.Collect$$rtentry$$0000000D)
    .ARM.Collect$$rtexit$$00000000           0x0800017a   Section        2  rtexit.o(.ARM.Collect$$rtexit$$00000000)
    .ARM.Collect$$rtexit$$00000002           0x0800017c   Section        0  rtexit2.o(.ARM.Collect$$rtexit$$00000002)
    .ARM.Collect$$rtexit$$00000003           0x0800017c   Section        4  rtexit2.o(.ARM.Collect$$rtexit$$00000003)
    .ARM.Collect$$rtexit$$00000004           0x08000180   Section        6  rtexit2.o(.ARM.Collect$$rtexit$$00000004)
    .text                                    0x08000188   Section       64  startup_stm32f10x_md.o(.text)
    .text                                    0x080001c8   Section       78  rt_memclr_w.o(.text)
    .text                                    0x08000216   Section        0  heapauxi.o(.text)
    .text                                    0x0800021c   Section       74  sys_stackheap_outer.o(.text)
    .text                                    0x08000266   Section        0  exit.o(.text)
    .text                                    0x08000278   Section        8  libspace.o(.text)
    .text                                    0x08000280   Section        0  sys_exit.o(.text)
    .text                                    0x0800028c   Section        2  use_no_semi.o(.text)
    .text                                    0x0800028e   Section        0  indicate_semi.o(.text)
    i.DMA1_Channel1_Event                    0x0800028e   Section        0  dma_stm32f10x.o(i.DMA1_Channel1_Event)
    i.DMA1_Channel1_IRQHandler               0x08000290   Section        0  dma_stm32f10x.o(i.DMA1_Channel1_IRQHandler)
    i.DMA1_Channel2_Event                    0x080002ac   Section        0  dma_stm32f10x.o(i.DMA1_Channel2_Event)
    i.DMA1_Channel2_IRQHandler               0x080002b0   Section        0  dma_stm32f10x.o(i.DMA1_Channel2_IRQHandler)
    i.DMA1_Channel3_Event                    0x080002cc   Section        0  dma_stm32f10x.o(i.DMA1_Channel3_Event)
    i.DMA1_Channel3_IRQHandler               0x080002d0   Section        0  dma_stm32f10x.o(i.DMA1_Channel3_IRQHandler)
    i.DMA1_Channel4_Event                    0x080002ec   Section        0  dma_stm32f10x.o(i.DMA1_Channel4_Event)
    i.DMA1_Channel4_IRQHandler               0x080002f0   Section        0  dma_stm32f10x.o(i.DMA1_Channel4_IRQHandler)
    i.DMA1_Channel5_Event                    0x0800030c   Section        0  dma_stm32f10x.o(i.DMA1_Channel5_Event)
    i.DMA1_Channel5_IRQHandler               0x08000310   Section        0  dma_stm32f10x.o(i.DMA1_Channel5_IRQHandler)
    i.DMA1_Channel6_Event                    0x0800032c   Section        0  dma_stm32f10x.o(i.DMA1_Channel6_Event)
    i.DMA1_Channel6_IRQHandler               0x08000330   Section        0  dma_stm32f10x.o(i.DMA1_Channel6_IRQHandler)
    i.DMA1_Channel7_Event                    0x0800034c   Section        0  dma_stm32f10x.o(i.DMA1_Channel7_Event)
    i.DMA1_Channel7_IRQHandler               0x08000350   Section        0  dma_stm32f10x.o(i.DMA1_Channel7_IRQHandler)
    i.GPIO_AFConfigure                       0x0800036c   Section        0  gpio_stm32f10x.o(i.GPIO_AFConfigure)
    i.GPIO_GetPortClockState                 0x08000408   Section        0  gpio_stm32f10x.o(i.GPIO_GetPortClockState)
    i.GPIO_PinConfigure                      0x080004a0   Section        0  gpio_stm32f10x.o(i.GPIO_PinConfigure)
    i.GPIO_PortClock                         0x08000518   Section        0  gpio_stm32f10x.o(i.GPIO_PortClock)
    i.I2C1_Control                           0x08000654   Section        0  i2c_stm32f10x.o(i.I2C1_Control)
    I2C1_Control                             0x08000655   Thumb Code    18  i2c_stm32f10x.o(i.I2C1_Control)
    i.I2C1_ER_IRQHandler                     0x0800066c   Section        0  i2c_stm32f10x.o(i.I2C1_ER_IRQHandler)
    i.I2C1_EV_IRQHandler                     0x0800067c   Section        0  i2c_stm32f10x.o(i.I2C1_EV_IRQHandler)
    i.I2C1_GetDataCount                      0x0800068c   Section        0  i2c_stm32f10x.o(i.I2C1_GetDataCount)
    I2C1_GetDataCount                        0x0800068d   Thumb Code    10  i2c_stm32f10x.o(i.I2C1_GetDataCount)
    i.I2C1_GetStatus                         0x0800069c   Section        0  i2c_stm32f10x.o(i.I2C1_GetStatus)
    I2C1_GetStatus                           0x0800069d   Thumb Code    12  i2c_stm32f10x.o(i.I2C1_GetStatus)
    i.I2C1_Initialize                        0x080006ac   Section        0  i2c_stm32f10x.o(i.I2C1_Initialize)
    I2C1_Initialize                          0x080006ad   Thumb Code    14  i2c_stm32f10x.o(i.I2C1_Initialize)
    i.I2C1_MasterReceive                     0x080006c0   Section        0  i2c_stm32f10x.o(i.I2C1_MasterReceive)
    I2C1_MasterReceive                       0x080006c1   Thumb Code    28  i2c_stm32f10x.o(i.I2C1_MasterReceive)
    i.I2C1_MasterTransmit                    0x080006e0   Section        0  i2c_stm32f10x.o(i.I2C1_MasterTransmit)
    I2C1_MasterTransmit                      0x080006e1   Thumb Code    28  i2c_stm32f10x.o(i.I2C1_MasterTransmit)
    i.I2C1_PowerControl                      0x08000700   Section        0  i2c_stm32f10x.o(i.I2C1_PowerControl)
    I2C1_PowerControl                        0x08000701   Thumb Code    14  i2c_stm32f10x.o(i.I2C1_PowerControl)
    i.I2C1_SlaveReceive                      0x08000714   Section        0  i2c_stm32f10x.o(i.I2C1_SlaveReceive)
    I2C1_SlaveReceive                        0x08000715   Thumb Code    18  i2c_stm32f10x.o(i.I2C1_SlaveReceive)
    i.I2C1_SlaveTransmit                     0x0800072c   Section        0  i2c_stm32f10x.o(i.I2C1_SlaveTransmit)
    I2C1_SlaveTransmit                       0x0800072d   Thumb Code    18  i2c_stm32f10x.o(i.I2C1_SlaveTransmit)
    i.I2C1_Uninitialize                      0x08000744   Section        0  i2c_stm32f10x.o(i.I2C1_Uninitialize)
    I2C1_Uninitialize                        0x08000745   Thumb Code    10  i2c_stm32f10x.o(i.I2C1_Uninitialize)
    i.I2CX_GetCapabilities                   0x08000754   Section        0  i2c_stm32f10x.o(i.I2CX_GetCapabilities)
    I2CX_GetCapabilities                     0x08000755   Thumb Code     6  i2c_stm32f10x.o(i.I2CX_GetCapabilities)
    i.I2CX_GetVersion                        0x08000760   Section        0  i2c_stm32f10x.o(i.I2CX_GetVersion)
    I2CX_GetVersion                          0x08000761   Thumb Code    10  i2c_stm32f10x.o(i.I2CX_GetVersion)
    i.I2C_Control                            0x08000770   Section        0  i2c_stm32f10x.o(i.I2C_Control)
    I2C_Control                              0x08000771   Thumb Code   964  i2c_stm32f10x.o(i.I2C_Control)
    i.I2C_ER_IRQHandler                      0x08000b5c   Section        0  i2c_stm32f10x.o(i.I2C_ER_IRQHandler)
    I2C_ER_IRQHandler                        0x08000b5d   Thumb Code   290  i2c_stm32f10x.o(i.I2C_ER_IRQHandler)
    i.I2C_EV_IRQHandler                      0x08000c7e   Section        0  i2c_stm32f10x.o(i.I2C_EV_IRQHandler)
    I2C_EV_IRQHandler                        0x08000c7f   Thumb Code  1420  i2c_stm32f10x.o(i.I2C_EV_IRQHandler)
    i.I2C_GetDataCount                       0x0800120a   Section        0  i2c_stm32f10x.o(i.I2C_GetDataCount)
    I2C_GetDataCount                         0x0800120b   Thumb Code     8  i2c_stm32f10x.o(i.I2C_GetDataCount)
    i.I2C_GetStatus                          0x08001212   Section        0  i2c_stm32f10x.o(i.I2C_GetStatus)
    I2C_GetStatus                            0x08001213   Thumb Code     8  i2c_stm32f10x.o(i.I2C_GetStatus)
    i.I2C_Initialize                         0x0800121a   Section        0  i2c_stm32f10x.o(i.I2C_Initialize)
    I2C_Initialize                           0x0800121b   Thumb Code    88  i2c_stm32f10x.o(i.I2C_Initialize)
    i.I2C_MasterReceive                      0x08001272   Section        0  i2c_stm32f10x.o(i.I2C_MasterReceive)
    I2C_MasterReceive                        0x08001273   Thumb Code   226  i2c_stm32f10x.o(i.I2C_MasterReceive)
    i.I2C_MasterTransmit                     0x08001354   Section        0  i2c_stm32f10x.o(i.I2C_MasterTransmit)
    I2C_MasterTransmit                       0x08001355   Thumb Code   212  i2c_stm32f10x.o(i.I2C_MasterTransmit)
    i.I2C_PowerControl                       0x08001428   Section        0  i2c_stm32f10x.o(i.I2C_PowerControl)
    I2C_PowerControl                         0x08001429   Thumb Code   342  i2c_stm32f10x.o(i.I2C_PowerControl)
    i.I2C_SlaveReceive                       0x08001584   Section        0  i2c_stm32f10x.o(i.I2C_SlaveReceive)
    I2C_SlaveReceive                         0x08001585   Thumb Code   112  i2c_stm32f10x.o(i.I2C_SlaveReceive)
    i.I2C_SlaveTransmit                      0x080015f4   Section        0  i2c_stm32f10x.o(i.I2C_SlaveTransmit)
    I2C_SlaveTransmit                        0x080015f5   Thumb Code   100  i2c_stm32f10x.o(i.I2C_SlaveTransmit)
    i.I2C_Uninitialize                       0x08001658   Section        0  i2c_stm32f10x.o(i.I2C_Uninitialize)
    I2C_Uninitialize                         0x08001659   Thumb Code    42  i2c_stm32f10x.o(i.I2C_Uninitialize)
    i.SPI1_Control                           0x08001684   Section        0  spi_stm32f10x.o(i.SPI1_Control)
    SPI1_Control                             0x08001685   Thumb Code    18  spi_stm32f10x.o(i.SPI1_Control)
    i.SPI1_GetDataCount                      0x0800169c   Section        0  spi_stm32f10x.o(i.SPI1_GetDataCount)
    SPI1_GetDataCount                        0x0800169d   Thumb Code    10  spi_stm32f10x.o(i.SPI1_GetDataCount)
    i.SPI1_GetStatus                         0x080016ac   Section        0  spi_stm32f10x.o(i.SPI1_GetStatus)
    SPI1_GetStatus                           0x080016ad   Thumb Code    12  spi_stm32f10x.o(i.SPI1_GetStatus)
    i.SPI1_IRQHandler                        0x080016bc   Section        0  spi_stm32f10x.o(i.SPI1_IRQHandler)
    i.SPI1_Initialize                        0x080016cc   Section        0  spi_stm32f10x.o(i.SPI1_Initialize)
    SPI1_Initialize                          0x080016cd   Thumb Code    14  spi_stm32f10x.o(i.SPI1_Initialize)
    i.SPI1_PowerControl                      0x080016e0   Section        0  spi_stm32f10x.o(i.SPI1_PowerControl)
    SPI1_PowerControl                        0x080016e1   Thumb Code    14  spi_stm32f10x.o(i.SPI1_PowerControl)
    i.SPI1_Receive                           0x080016f4   Section        0  spi_stm32f10x.o(i.SPI1_Receive)
    SPI1_Receive                             0x080016f5   Thumb Code    18  spi_stm32f10x.o(i.SPI1_Receive)
    i.SPI1_Send                              0x0800170c   Section        0  spi_stm32f10x.o(i.SPI1_Send)
    SPI1_Send                                0x0800170d   Thumb Code    18  spi_stm32f10x.o(i.SPI1_Send)
    i.SPI1_Transfer                          0x08001724   Section        0  spi_stm32f10x.o(i.SPI1_Transfer)
    SPI1_Transfer                            0x08001725   Thumb Code    22  spi_stm32f10x.o(i.SPI1_Transfer)
    i.SPI1_Uninitialize                      0x08001740   Section        0  spi_stm32f10x.o(i.SPI1_Uninitialize)
    SPI1_Uninitialize                        0x08001741   Thumb Code    10  spi_stm32f10x.o(i.SPI1_Uninitialize)
    i.SPIX_GetCapabilities                   0x08001750   Section        0  spi_stm32f10x.o(i.SPIX_GetCapabilities)
    SPIX_GetCapabilities                     0x08001751   Thumb Code     6  spi_stm32f10x.o(i.SPIX_GetCapabilities)
    i.SPIX_GetVersion                        0x0800175c   Section        0  spi_stm32f10x.o(i.SPIX_GetVersion)
    SPIX_GetVersion                          0x0800175d   Thumb Code    10  spi_stm32f10x.o(i.SPIX_GetVersion)
    i.SPI_Control                            0x0800176c   Section        0  spi_stm32f10x.o(i.SPI_Control)
    SPI_Control                              0x0800176d   Thumb Code  1072  spi_stm32f10x.o(i.SPI_Control)
    i.SPI_GetDataCount                       0x08001b9c   Section        0  spi_stm32f10x.o(i.SPI_GetDataCount)
    SPI_GetDataCount                         0x08001b9d   Thumb Code     8  spi_stm32f10x.o(i.SPI_GetDataCount)
    i.SPI_GetStatus                          0x08001ba4   Section        0  spi_stm32f10x.o(i.SPI_GetStatus)
    SPI_GetStatus                            0x08001ba5   Thumb Code    90  spi_stm32f10x.o(i.SPI_GetStatus)
    i.SPI_IRQHandler                         0x08001bfe   Section        0  spi_stm32f10x.o(i.SPI_IRQHandler)
    i.SPI_Initialize                         0x08001e06   Section        0  spi_stm32f10x.o(i.SPI_Initialize)
    SPI_Initialize                           0x08001e07   Thumb Code   158  spi_stm32f10x.o(i.SPI_Initialize)
    i.SPI_PeripheralReset                    0x08001ea4   Section        0  spi_stm32f10x.o(i.SPI_PeripheralReset)
    SPI_PeripheralReset                      0x08001ea5   Thumb Code    82  spi_stm32f10x.o(i.SPI_PeripheralReset)
    i.SPI_PowerControl                       0x08001f04   Section        0  spi_stm32f10x.o(i.SPI_PowerControl)
    SPI_PowerControl                         0x08001f05   Thumb Code   340  spi_stm32f10x.o(i.SPI_PowerControl)
    i.SPI_Receive                            0x0800206c   Section        0  spi_stm32f10x.o(i.SPI_Receive)
    SPI_Receive                              0x0800206d   Thumb Code   148  spi_stm32f10x.o(i.SPI_Receive)
    i.SPI_Send                               0x08002100   Section        0  spi_stm32f10x.o(i.SPI_Send)
    SPI_Send                                 0x08002101   Thumb Code   148  spi_stm32f10x.o(i.SPI_Send)
    i.SPI_Transfer                           0x08002194   Section        0  spi_stm32f10x.o(i.SPI_Transfer)
    SPI_Transfer                             0x08002195   Thumb Code   112  spi_stm32f10x.o(i.SPI_Transfer)
    i.SPI_Uninitialize                       0x08002204   Section        0  spi_stm32f10x.o(i.SPI_Uninitialize)
    SPI_Uninitialize                         0x08002205   Thumb Code    78  spi_stm32f10x.o(i.SPI_Uninitialize)
    i.SetSysClock                            0x08002252   Section        0  system_stm32f10x.o(i.SetSysClock)
    SetSysClock                              0x08002253   Thumb Code     8  system_stm32f10x.o(i.SetSysClock)
    i.SetSysClockTo72                        0x0800225c   Section        0  system_stm32f10x.o(i.SetSysClockTo72)
    SetSysClockTo72                          0x0800225d   Thumb Code   214  system_stm32f10x.o(i.SetSysClockTo72)
    i.SystemCoreClockUpdate                  0x0800233c   Section        0  system_stm32f10x.o(i.SystemCoreClockUpdate)
    i.SystemInit                             0x080023e0   Section        0  system_stm32f10x.o(i.SystemInit)
    i.USART1_Control                         0x08002440   Section        0  usart_stm32f10x.o(i.USART1_Control)
    USART1_Control                           0x08002441   Thumb Code    18  usart_stm32f10x.o(i.USART1_Control)
    i.USART1_GetCapabilities                 0x08002458   Section        0  usart_stm32f10x.o(i.USART1_GetCapabilities)
    USART1_GetCapabilities                   0x08002459   Thumb Code    12  usart_stm32f10x.o(i.USART1_GetCapabilities)
    i.USART1_GetModemStatus                  0x08002468   Section        0  usart_stm32f10x.o(i.USART1_GetModemStatus)
    USART1_GetModemStatus                    0x08002469   Thumb Code    12  usart_stm32f10x.o(i.USART1_GetModemStatus)
    i.USART1_GetRxCount                      0x08002478   Section        0  usart_stm32f10x.o(i.USART1_GetRxCount)
    USART1_GetRxCount                        0x08002479   Thumb Code    10  usart_stm32f10x.o(i.USART1_GetRxCount)
    i.USART1_GetStatus                       0x08002488   Section        0  usart_stm32f10x.o(i.USART1_GetStatus)
    USART1_GetStatus                         0x08002489   Thumb Code    12  usart_stm32f10x.o(i.USART1_GetStatus)
    i.USART1_GetTxCount                      0x08002498   Section        0  usart_stm32f10x.o(i.USART1_GetTxCount)
    USART1_GetTxCount                        0x08002499   Thumb Code    10  usart_stm32f10x.o(i.USART1_GetTxCount)
    i.USART1_IRQHandler                      0x080024a8   Section        0  usart_stm32f10x.o(i.USART1_IRQHandler)
    i.USART1_Initialize                      0x080024b8   Section        0  usart_stm32f10x.o(i.USART1_Initialize)
    USART1_Initialize                        0x080024b9   Thumb Code    14  usart_stm32f10x.o(i.USART1_Initialize)
    i.USART1_PowerControl                    0x080024cc   Section        0  usart_stm32f10x.o(i.USART1_PowerControl)
    USART1_PowerControl                      0x080024cd   Thumb Code    14  usart_stm32f10x.o(i.USART1_PowerControl)
    i.USART1_Receive                         0x080024e0   Section        0  usart_stm32f10x.o(i.USART1_Receive)
    USART1_Receive                           0x080024e1   Thumb Code    18  usart_stm32f10x.o(i.USART1_Receive)
    i.USART1_Send                            0x080024f8   Section        0  usart_stm32f10x.o(i.USART1_Send)
    USART1_Send                              0x080024f9   Thumb Code    18  usart_stm32f10x.o(i.USART1_Send)
    i.USART1_SetModemControl                 0x08002510   Section        0  usart_stm32f10x.o(i.USART1_SetModemControl)
    USART1_SetModemControl                   0x08002511   Thumb Code    14  usart_stm32f10x.o(i.USART1_SetModemControl)
    i.USART1_Transfer                        0x08002524   Section        0  usart_stm32f10x.o(i.USART1_Transfer)
    USART1_Transfer                          0x08002525   Thumb Code    22  usart_stm32f10x.o(i.USART1_Transfer)
    i.USART1_Uninitialize                    0x08002540   Section        0  usart_stm32f10x.o(i.USART1_Uninitialize)
    USART1_Uninitialize                      0x08002541   Thumb Code    10  usart_stm32f10x.o(i.USART1_Uninitialize)
    i.USART_Control                          0x08002550   Section        0  usart_stm32f10x.o(i.USART_Control)
    USART_Control                            0x08002551   Thumb Code  2082  usart_stm32f10x.o(i.USART_Control)
    i.USART_GetCapabilities                  0x08002d72   Section        0  usart_stm32f10x.o(i.USART_GetCapabilities)
    USART_GetCapabilities                    0x08002d73   Thumb Code     6  usart_stm32f10x.o(i.USART_GetCapabilities)
    i.USART_GetModemStatus                   0x08002d78   Section        0  usart_stm32f10x.o(i.USART_GetModemStatus)
    USART_GetModemStatus                     0x08002d79   Thumb Code   144  usart_stm32f10x.o(i.USART_GetModemStatus)
    i.USART_GetRxCount                       0x08002e08   Section        0  usart_stm32f10x.o(i.USART_GetRxCount)
    USART_GetRxCount                         0x08002e09   Thumb Code     8  usart_stm32f10x.o(i.USART_GetRxCount)
    i.USART_GetStatus                        0x08002e10   Section        0  usart_stm32f10x.o(i.USART_GetStatus)
    USART_GetStatus                          0x08002e11   Thumb Code   212  usart_stm32f10x.o(i.USART_GetStatus)
    i.USART_GetTxCount                       0x08002ee4   Section        0  usart_stm32f10x.o(i.USART_GetTxCount)
    USART_GetTxCount                         0x08002ee5   Thumb Code     8  usart_stm32f10x.o(i.USART_GetTxCount)
    i.USART_IRQHandler                       0x08002eec   Section        0  usart_stm32f10x.o(i.USART_IRQHandler)
    i.USART_Initialize                       0x0800315c   Section        0  usart_stm32f10x.o(i.USART_Initialize)
    USART_Initialize                         0x0800315d   Thumb Code   162  usart_stm32f10x.o(i.USART_Initialize)
    i.USART_PeripheralReset                  0x08003200   Section        0  usart_stm32f10x.o(i.USART_PeripheralReset)
    USART_PeripheralReset                    0x08003201   Thumb Code   118  usart_stm32f10x.o(i.USART_PeripheralReset)
    i.USART_PowerControl                     0x08003288   Section        0  usart_stm32f10x.o(i.USART_PowerControl)
    USART_PowerControl                       0x08003289   Thumb Code   440  usart_stm32f10x.o(i.USART_PowerControl)
    i.USART_Receive                          0x08003458   Section        0  usart_stm32f10x.o(i.USART_Receive)
    USART_Receive                            0x08003459   Thumb Code   162  usart_stm32f10x.o(i.USART_Receive)
    i.USART_Send                             0x080034fa   Section        0  usart_stm32f10x.o(i.USART_Send)
    USART_Send                               0x080034fb   Thumb Code   136  usart_stm32f10x.o(i.USART_Send)
    i.USART_SetModemControl                  0x08003582   Section        0  usart_stm32f10x.o(i.USART_SetModemControl)
    USART_SetModemControl                    0x08003583   Thumb Code   156  usart_stm32f10x.o(i.USART_SetModemControl)
    i.USART_Transfer                         0x0800361e   Section        0  usart_stm32f10x.o(i.USART_Transfer)
    USART_Transfer                           0x0800361f   Thumb Code   106  usart_stm32f10x.o(i.USART_Transfer)
    i.USART_Uninitialize                     0x08003688   Section        0  usart_stm32f10x.o(i.USART_Uninitialize)
    USART_Uninitialize                       0x08003689   Thumb Code   108  usart_stm32f10x.o(i.USART_Uninitialize)
    i.USARTx_GetVersion                      0x080036f4   Section        0  usart_stm32f10x.o(i.USARTx_GetVersion)
    USARTx_GetVersion                        0x080036f5   Thumb Code    10  usart_stm32f10x.o(i.USARTx_GetVersion)
    i.__NVIC_ClearPendingIRQ                 0x08003704   Section        0  i2c_stm32f10x.o(i.__NVIC_ClearPendingIRQ)
    __NVIC_ClearPendingIRQ                   0x08003705   Thumb Code    22  i2c_stm32f10x.o(i.__NVIC_ClearPendingIRQ)
    i.__NVIC_DisableIRQ                      0x08003720   Section        0  i2c_stm32f10x.o(i.__NVIC_DisableIRQ)
    __NVIC_DisableIRQ                        0x08003721   Thumb Code    54  i2c_stm32f10x.o(i.__NVIC_DisableIRQ)
    i.__NVIC_EnableIRQ                       0x0800375c   Section        0  i2c_stm32f10x.o(i.__NVIC_EnableIRQ)
    __NVIC_EnableIRQ                         0x0800375d   Thumb Code    26  i2c_stm32f10x.o(i.__NVIC_EnableIRQ)
    i.main                                   0x08003776   Section        0  main.o(i.main)
    .constdata                               0x0800377c   Section       96  i2c_stm32f10x.o(.constdata)
    DriverVersion                            0x0800377c   Data           4  i2c_stm32f10x.o(.constdata)
    DriverCapabilities                       0x08003780   Data           4  i2c_stm32f10x.o(.constdata)
    I2C1_Resources                           0x08003784   Data          40  i2c_stm32f10x.o(.constdata)
    .constdata                               0x080037dc   Section      116  spi_stm32f10x.o(.constdata)
    DriverVersion                            0x080037dc   Data           4  spi_stm32f10x.o(.constdata)
    DriverCapabilities                       0x080037e0   Data           4  spi_stm32f10x.o(.constdata)
    SPI1_nss                                 0x080037e4   Data           8  spi_stm32f10x.o(.constdata)
    SPI1_sck                                 0x080037ec   Data           8  spi_stm32f10x.o(.constdata)
    SPI1_Resources                           0x080037f4   Data          48  spi_stm32f10x.o(.constdata)
    .constdata                               0x08003850   Section      124  usart_stm32f10x.o(.constdata)
    usart_driver_version                     0x08003850   Data           4  usart_stm32f10x.o(.constdata)
    USART1_tx                                0x08003854   Data           8  usart_stm32f10x.o(.constdata)
    USART1_Resources                         0x0800385c   Data          56  usart_stm32f10x.o(.constdata)
    .data                                    0x20000000   Section       20  system_stm32f10x.o(.data)
    .bss                                     0x20000014   Section       28  i2c_stm32f10x.o(.bss)
    I2C1_Info                                0x20000014   Data          28  i2c_stm32f10x.o(.bss)
    .bss                                     0x20000030   Section       40  spi_stm32f10x.o(.bss)
    SPI1_Info                                0x20000030   Data          12  spi_stm32f10x.o(.bss)
    SPI1_TransferInfo                        0x2000003c   Data          28  spi_stm32f10x.o(.bss)
    .bss                                     0x20000058   Section       56  usart_stm32f10x.o(.bss)
    USART1_Info                              0x20000058   Data          20  usart_stm32f10x.o(.bss)
    USART1_TransferInfo                      0x2000006c   Data          36  usart_stm32f10x.o(.bss)
    .bss                                     0x20000090   Section       96  libspace.o(.bss)
    HEAP                                     0x200000f0   Section      512  startup_stm32f10x_md.o(HEAP)
    Heap_Mem                                 0x200000f0   Data         512  startup_stm32f10x_md.o(HEAP)
    STACK                                    0x200002f0   Section     1024  startup_stm32f10x_md.o(STACK)
    Stack_Mem                                0x200002f0   Data        1024  startup_stm32f10x_md.o(STACK)
    __initial_sp                             0x200006f0   Data           0  startup_stm32f10x_md.o(STACK)

    Global Symbols

    Symbol Name                              Value     Ov Type        Size  Object(Section)

    BuildAttributes$$THM_ISAv4$P$D$K$B$S$PE$A:L22UL41UL21$X:L11$S22US41US21$IEEE1$IW$USESV6$~STKCKD$USESV7$~SHL$OSPACE$ROPI$EBA8$UX$STANDARDLIB$REQ8$PRES8$EABIv2 0x00000000   Number         0  anon$$obj.o ABSOLUTE
    __ARM_use_no_argv                        0x00000000   Number         0  main.o ABSOLUTE
    __ARM_exceptions_init                     - Undefined Weak Reference
    __alloca_initialize                       - Undefined Weak Reference
    __arm_preinit_                            - Undefined Weak Reference
    __cpp_initialize__aeabi_                  - Undefined Weak Reference
    __cxa_finalize                            - Undefined Weak Reference
    __rt_locale                               - Undefined Weak Reference
    __sigvec_lookup                           - Undefined Weak Reference
    _atexit_init                              - Undefined Weak Reference
    _call_atexit_fns                          - Undefined Weak Reference
    _clock_init                               - Undefined Weak Reference
    _fp_trap_init                             - Undefined Weak Reference
    _fp_trap_shutdown                         - Undefined Weak Reference
    _get_lc_collate                           - Undefined Weak Reference
    _get_lc_ctype                             - Undefined Weak Reference
    _get_lc_monetary                          - Undefined Weak Reference
    _get_lc_numeric                           - Undefined Weak Reference
    _get_lc_time                              - Undefined Weak Reference
    _getenv_init                              - Undefined Weak Reference
    _handle_redirection                       - Undefined Weak Reference
    _init_alloc                               - Undefined Weak Reference
    _init_user_alloc                          - Undefined Weak Reference
    _initio                                   - Undefined Weak Reference
    _rand_init                                - Undefined Weak Reference
    _signal_finish                            - Undefined Weak Reference
    _signal_init                              - Undefined Weak Reference
    _terminate_alloc                          - Undefined Weak Reference
    _terminate_user_alloc                     - Undefined Weak Reference
    _terminateio                              - Undefined Weak Reference
    __Vectors_Size                           0x000000ec   Number         0  startup_stm32f10x_md.o ABSOLUTE
    __Vectors                                0x08000000   Data           4  startup_stm32f10x_md.o(RESET)
    __Vectors_End                            0x080000ec   Data           0  startup_stm32f10x_md.o(RESET)
    __main                                   0x080000ed   Thumb Code     8  __main.o(!!!main)
    __scatterload                            0x080000f5   Thumb Code     0  __scatter.o(!!!scatter)
    __scatterload_rt2                        0x080000f5   Thumb Code    44  __scatter.o(!!!scatter)
    __scatterload_rt2_thumb_only             0x080000f5   Thumb Code     0  __scatter.o(!!!scatter)
    __scatterload_null                       0x08000103   Thumb Code     0  __scatter.o(!!!scatter)
    __scatterload_copy                       0x08000129   Thumb Code    26  __scatter_copy.o(!!handler_copy)
    __scatterload_zeroinit                   0x08000145   Thumb Code    28  __scatter_zi.o(!!handler_zi)
    __rt_lib_init                            0x08000161   Thumb Code     0  libinit.o(.ARM.Collect$$libinit$$00000000)
    __rt_lib_init_alloca_1                   0x08000163   Thumb Code     0  libinit2.o(.ARM.Collect$$libinit$$0000002E)
    __rt_lib_init_argv_1                     0x08000163   Thumb Code     0  libinit2.o(.ARM.Collect$$libinit$$0000002C)
    __rt_lib_init_atexit_1                   0x08000163   Thumb Code     0  libinit2.o(.ARM.Collect$$libinit$$0000001B)
    __rt_lib_init_clock_1                    0x08000163   Thumb Code     0  libinit2.o(.ARM.Collect$$libinit$$00000021)
    __rt_lib_init_cpp_1                      0x08000163   Thumb Code     0  libinit2.o(.ARM.Collect$$libinit$$00000032)
    __rt_lib_init_exceptions_1               0x08000163   Thumb Code     0  libinit2.o(.ARM.Collect$$libinit$$00000030)
    __rt_lib_init_fp_1                       0x08000163   Thumb Code     0  libinit2.o(.ARM.Collect$$libinit$$00000002)
    __rt_lib_init_fp_trap_1                  0x08000163   Thumb Code     0  libinit2.o(.ARM.Collect$$libinit$$0000001F)
    __rt_lib_init_getenv_1                   0x08000163   Thumb Code     0  libinit2.o(.ARM.Collect$$libinit$$00000023)
    __rt_lib_init_heap_1                     0x08000163   Thumb Code     0  libinit2.o(.ARM.Collect$$libinit$$0000000A)
    __rt_lib_init_lc_collate_1               0x08000163   Thumb Code     0  libinit2.o(.ARM.Collect$$libinit$$00000011)
    __rt_lib_init_lc_ctype_1                 0x08000163   Thumb Code     0  libinit2.o(.ARM.Collect$$libinit$$00000013)
    __rt_lib_init_lc_monetary_1              0x08000163   Thumb Code     0  libinit2.o(.ARM.Collect$$libinit$$00000015)
    __rt_lib_init_lc_numeric_1               0x08000163   Thumb Code     0  libinit2.o(.ARM.Collect$$libinit$$00000017)
    __rt_lib_init_lc_time_1                  0x08000163   Thumb Code     0  libinit2.o(.ARM.Collect$$libinit$$00000019)
    __rt_lib_init_preinit_1                  0x08000163   Thumb Code     0  libinit2.o(.ARM.Collect$$libinit$$00000004)
    __rt_lib_init_rand_1                     0x08000163   Thumb Code     0  libinit2.o(.ARM.Collect$$libinit$$0000000E)
    __rt_lib_init_return                     0x08000163   Thumb Code     0  libinit2.o(.ARM.Collect$$libinit$$00000033)
    __rt_lib_init_signal_1                   0x08000163   Thumb Code     0  libinit2.o(.ARM.Collect$$libinit$$0000001D)
    __rt_lib_init_stdio_1                    0x08000163   Thumb Code     0  libinit2.o(.ARM.Collect$$libinit$$00000025)
    __rt_lib_init_user_alloc_1               0x08000163   Thumb Code     0  libinit2.o(.ARM.Collect$$libinit$$0000000C)
    __rt_lib_shutdown                        0x08000165   Thumb Code     0  libshutdown.o(.ARM.Collect$$libshutdown$$00000000)
    __rt_lib_shutdown_cpp_1                  0x08000167   Thumb Code     0  libshutdown2.o(.ARM.Collect$$libshutdown$$00000002)
    __rt_lib_shutdown_fp_trap_1              0x08000167   Thumb Code     0  libshutdown2.o(.ARM.Collect$$libshutdown$$00000007)
    __rt_lib_shutdown_heap_1                 0x08000167   Thumb Code     0  libshutdown2.o(.ARM.Collect$$libshutdown$$0000000F)
    __rt_lib_shutdown_return                 0x08000167   Thumb Code     0  libshutdown2.o(.ARM.Collect$$libshutdown$$00000010)
    __rt_lib_shutdown_signal_1               0x08000167   Thumb Code     0  libshutdown2.o(.ARM.Collect$$libshutdown$$0000000A)
    __rt_lib_shutdown_stdio_1                0x08000167   Thumb Code     0  libshutdown2.o(.ARM.Collect$$libshutdown$$00000004)
    __rt_lib_shutdown_user_alloc_1           0x08000167   Thumb Code     0  libshutdown2.o(.ARM.Collect$$libshutdown$$0000000C)
    __rt_entry                               0x08000169   Thumb Code     0  __rtentry.o(.ARM.Collect$$rtentry$$00000000)
    __rt_entry_presh_1                       0x08000169   Thumb Code     0  __rtentry2.o(.ARM.Collect$$rtentry$$00000002)
    __rt_entry_sh                            0x08000169   Thumb Code     0  __rtentry4.o(.ARM.Collect$$rtentry$$00000004)
    __rt_entry_li                            0x0800016f   Thumb Code     0  __rtentry2.o(.ARM.Collect$$rtentry$$0000000A)
    __rt_entry_postsh_1                      0x0800016f   Thumb Code     0  __rtentry2.o(.ARM.Collect$$rtentry$$00000009)
    __rt_entry_main                          0x08000173   Thumb Code     0  __rtentry2.o(.ARM.Collect$$rtentry$$0000000D)
    __rt_entry_postli_1                      0x08000173   Thumb Code     0  __rtentry2.o(.ARM.Collect$$rtentry$$0000000C)
    __rt_exit                                0x0800017b   Thumb Code     0  rtexit.o(.ARM.Collect$$rtexit$$00000000)
    __rt_exit_ls                             0x0800017d   Thumb Code     0  rtexit2.o(.ARM.Collect$$rtexit$$00000003)
    __rt_exit_prels_1                        0x0800017d   Thumb Code     0  rtexit2.o(.ARM.Collect$$rtexit$$00000002)
    __rt_exit_exit                           0x08000181   Thumb Code     0  rtexit2.o(.ARM.Collect$$rtexit$$00000004)
    Reset_Handler                            0x08000189   Thumb Code     8  startup_stm32f10x_md.o(.text)
    NMI_Handler                              0x08000191   Thumb Code     2  startup_stm32f10x_md.o(.text)
    HardFault_Handler                        0x08000193   Thumb Code     2  startup_stm32f10x_md.o(.text)
    MemManage_Handler                        0x08000195   Thumb Code     2  startup_stm32f10x_md.o(.text)
    BusFault_Handler                         0x08000197   Thumb Code     2  startup_stm32f10x_md.o(.text)
    UsageFault_Handler                       0x08000199   Thumb Code     2  startup_stm32f10x_md.o(.text)
    SVC_Handler                              0x0800019b   Thumb Code     2  startup_stm32f10x_md.o(.text)
    DebugMon_Handler                         0x0800019d   Thumb Code     2  startup_stm32f10x_md.o(.text)
    PendSV_Handler                           0x0800019f   Thumb Code     2  startup_stm32f10x_md.o(.text)
    SysTick_Handler                          0x080001a1   Thumb Code     2  startup_stm32f10x_md.o(.text)
    ADC1_2_IRQHandler                        0x080001a3   Thumb Code     0  startup_stm32f10x_md.o(.text)
    CAN1_RX1_IRQHandler                      0x080001a3   Thumb Code     0  startup_stm32f10x_md.o(.text)
    CAN1_SCE_IRQHandler                      0x080001a3   Thumb Code     0  startup_stm32f10x_md.o(.text)
    EXTI0_IRQHandler                         0x080001a3   Thumb Code     0  startup_stm32f10x_md.o(.text)
    EXTI15_10_IRQHandler                     0x080001a3   Thumb Code     0  startup_stm32f10x_md.o(.text)
    EXTI1_IRQHandler                         0x080001a3   Thumb Code     0  startup_stm32f10x_md.o(.text)
    EXTI2_IRQHandler                         0x080001a3   Thumb Code     0  startup_stm32f10x_md.o(.text)
    EXTI3_IRQHandler                         0x080001a3   Thumb Code     0  startup_stm32f10x_md.o(.text)
    EXTI4_IRQHandler                         0x080001a3   Thumb Code     0  startup_stm32f10x_md.o(.text)
    EXTI9_5_IRQHandler                       0x080001a3   Thumb Code     0  startup_stm32f10x_md.o(.text)
    FLASH_IRQHandler                         0x080001a3   Thumb Code     0  startup_stm32f10x_md.o(.text)
    I2C2_ER_IRQHandler                       0x080001a3   Thumb Code     0  startup_stm32f10x_md.o(.text)
    I2C2_EV_IRQHandler                       0x080001a3   Thumb Code     0  startup_stm32f10x_md.o(.text)
    PVD_IRQHandler                           0x080001a3   Thumb Code     0  startup_stm32f10x_md.o(.text)
    RCC_IRQHandler                           0x080001a3   Thumb Code     0  startup_stm32f10x_md.o(.text)
    RTCAlarm_IRQHandler                      0x080001a3   Thumb Code     0  startup_stm32f10x_md.o(.text)
    RTC_IRQHandler                           0x080001a3   Thumb Code     0  startup_stm32f10x_md.o(.text)
    SPI2_IRQHandler                          0x080001a3   Thumb Code     0  startup_stm32f10x_md.o(.text)
    TAMPER_IRQHandler                        0x080001a3   Thumb Code     0  startup_stm32f10x_md.o(.text)
    TIM1_BRK_IRQHandler                      0x080001a3   Thumb Code     0  startup_stm32f10x_md.o(.text)
    TIM1_CC_IRQHandler                       0x080001a3   Thumb Code     0  startup_stm32f10x_md.o(.text)
    TIM1_TRG_COM_IRQHandler                  0x080001a3   Thumb Code     0  startup_stm32f10x_md.o(.text)
    TIM1_UP_IRQHandler                       0x080001a3   Thumb Code     0  startup_stm32f10x_md.o(.text)
    TIM2_IRQHandler                          0x080001a3   Thumb Code     0  startup_stm32f10x_md.o(.text)
    TIM3_IRQHandler                          0x080001a3   Thumb Code     0  startup_stm32f10x_md.o(.text)
    TIM4_IRQHandler                          0x080001a3   Thumb Code     0  startup_stm32f10x_md.o(.text)
    USART2_IRQHandler                        0x080001a3   Thumb Code     0  startup_stm32f10x_md.o(.text)
    USART3_IRQHandler                        0x080001a3   Thumb Code     0  startup_stm32f10x_md.o(.text)
    USBWakeUp_IRQHandler                     0x080001a3   Thumb Code     0  startup_stm32f10x_md.o(.text)
    USB_HP_CAN1_TX_IRQHandler                0x080001a3   Thumb Code     0  startup_stm32f10x_md.o(.text)
    USB_LP_CAN1_RX0_IRQHandler               0x080001a3   Thumb Code     0  startup_stm32f10x_md.o(.text)
    WWDG_IRQHandler                          0x080001a3   Thumb Code     0  startup_stm32f10x_md.o(.text)
    __user_initial_stackheap                 0x080001a5   Thumb Code     0  startup_stm32f10x_md.o(.text)
    __aeabi_memclr4                          0x080001c9   Thumb Code     0  rt_memclr_w.o(.text)
    __aeabi_memclr8                          0x080001c9   Thumb Code     0  rt_memclr_w.o(.text)
    __rt_memclr_w                            0x080001c9   Thumb Code    78  rt_memclr_w.o(.text)
    _memset_w                                0x080001cd   Thumb Code     0  rt_memclr_w.o(.text)
    __use_two_region_memory                  0x08000217   Thumb Code     2  heapauxi.o(.text)
    __rt_heap_escrow$2region                 0x08000219   Thumb Code     2  heapauxi.o(.text)
    __rt_heap_expand$2region                 0x0800021b   Thumb Code     2  heapauxi.o(.text)
    __user_setup_stackheap                   0x0800021d   Thumb Code    74  sys_stackheap_outer.o(.text)
    exit                                     0x08000267   Thumb Code    18  exit.o(.text)
    __user_libspace                          0x08000279   Thumb Code     8  libspace.o(.text)
    __user_perproc_libspace                  0x08000279   Thumb Code     0  libspace.o(.text)
    __user_perthread_libspace                0x08000279   Thumb Code     0  libspace.o(.text)
    _sys_exit                                0x08000281   Thumb Code     8  sys_exit.o(.text)
    __I$use$semihosting                      0x0800028d   Thumb Code     0  use_no_semi.o(.text)
    __use_no_semihosting_swi                 0x0800028d   Thumb Code     2  use_no_semi.o(.text)
    DMA1_Channel1_Event                      0x0800028f   Thumb Code     2  dma_stm32f10x.o(i.DMA1_Channel1_Event)
    __semihosting_library_function           0x0800028f   Thumb Code     0  indicate_semi.o(.text)
    DMA1_Channel1_IRQHandler                 0x08000291   Thumb Code    22  dma_stm32f10x.o(i.DMA1_Channel1_IRQHandler)
    DMA1_Channel2_Event                      0x080002ad   Thumb Code     2  dma_stm32f10x.o(i.DMA1_Channel2_Event)
    DMA1_Channel2_IRQHandler                 0x080002b1   Thumb Code    24  dma_stm32f10x.o(i.DMA1_Channel2_IRQHandler)
    DMA1_Channel3_Event                      0x080002cd   Thumb Code     2  dma_stm32f10x.o(i.DMA1_Channel3_Event)
    DMA1_Channel3_IRQHandler                 0x080002d1   Thumb Code    24  dma_stm32f10x.o(i.DMA1_Channel3_IRQHandler)
    DMA1_Channel4_Event                      0x080002ed   Thumb Code     2  dma_stm32f10x.o(i.DMA1_Channel4_Event)
    DMA1_Channel4_IRQHandler                 0x080002f1   Thumb Code    24  dma_stm32f10x.o(i.DMA1_Channel4_IRQHandler)
    DMA1_Channel5_Event                      0x0800030d   Thumb Code     2  dma_stm32f10x.o(i.DMA1_Channel5_Event)
    DMA1_Channel5_IRQHandler                 0x08000311   Thumb Code    24  dma_stm32f10x.o(i.DMA1_Channel5_IRQHandler)
    DMA1_Channel6_Event                      0x0800032d   Thumb Code     2  dma_stm32f10x.o(i.DMA1_Channel6_Event)
    DMA1_Channel6_IRQHandler                 0x08000331   Thumb Code    24  dma_stm32f10x.o(i.DMA1_Channel6_IRQHandler)
    DMA1_Channel7_Event                      0x0800034d   Thumb Code     2  dma_stm32f10x.o(i.DMA1_Channel7_Event)
    DMA1_Channel7_IRQHandler                 0x08000351   Thumb Code    24  dma_stm32f10x.o(i.DMA1_Channel7_IRQHandler)
    GPIO_AFConfigure                         0x0800036d   Thumb Code   146  gpio_stm32f10x.o(i.GPIO_AFConfigure)
    GPIO_GetPortClockState                   0x08000409   Thumb Code   118  gpio_stm32f10x.o(i.GPIO_GetPortClockState)
    GPIO_PinConfigure                        0x080004a1   Thumb Code   120  gpio_stm32f10x.o(i.GPIO_PinConfigure)
    GPIO_PortClock                           0x08000519   Thumb Code   284  gpio_stm32f10x.o(i.GPIO_PortClock)
    I2C1_ER_IRQHandler                       0x0800066d   Thumb Code    10  i2c_stm32f10x.o(i.I2C1_ER_IRQHandler)
    I2C1_EV_IRQHandler                       0x0800067d   Thumb Code    10  i2c_stm32f10x.o(i.I2C1_EV_IRQHandler)
    SPI1_IRQHandler                          0x080016bd   Thumb Code    10  spi_stm32f10x.o(i.SPI1_IRQHandler)
    SPI_IRQHandler                           0x08001bff   Thumb Code   520  spi_stm32f10x.o(i.SPI_IRQHandler)
    SystemCoreClockUpdate                    0x0800233d   Thumb Code   142  system_stm32f10x.o(i.SystemCoreClockUpdate)
    SystemInit                               0x080023e1   Thumb Code    78  system_stm32f10x.o(i.SystemInit)
    USART1_IRQHandler                        0x080024a9   Thumb Code    10  usart_stm32f10x.o(i.USART1_IRQHandler)
    USART_IRQHandler                         0x08002eed   Thumb Code   624  usart_stm32f10x.o(i.USART_IRQHandler)
    main                                     0x08003777   Thumb Code     4  main.o(i.main)
    Driver_I2C1                              0x080037ac   Data          48  i2c_stm32f10x.o(.constdata)
    Driver_SPI1                              0x08003824   Data          44  spi_stm32f10x.o(.constdata)
    Driver_USART1                            0x08003894   Data          56  usart_stm32f10x.o(.constdata)
    Region$$Table$$Base                      0x080038cc   Number         0  anon$$obj.o(Region$$Table)
    Region$$Table$$Limit                     0x080038ec   Number         0  anon$$obj.o(Region$$Table)
    SystemCoreClock                          0x20000000   Data           4  system_stm32f10x.o(.data)
    AHBPrescTable                            0x20000004   Data          16  system_stm32f10x.o(.data)
    __libspace_start                         0x20000090   Data          96  libspace.o(.bss)
    __temporary_stack_top$libspace           0x200000f0   Data           0  libspace.o(.bss)



==============================================================================

Memory Map of the image

  Image Entry point : 0x08000189

  Load Region LR_1 (Base: 0x08000000, Size: 0x00003900, Max: 0xffffffff, ABSOLUTE)

    Execution Region ER_RO (Exec base: 0x08000000, Load base: 0x08000000, Size: 0x000038ec, Max: 0xffffffff, ABSOLUTE)

    Exec Addr    Load Addr    Size         Type   Attr      Idx    E Section Name        Object

    0x08000000   0x08000000   0x000000ec   Data   RO          770    RESET               startup_stm32f10x_md.o
    0x080000ec   0x080000ec   0x00000008   Code   RO          827  * !!!main             c_w.l(__main.o)
    0x080000f4   0x080000f4   0x00000034   Code   RO          984    !!!scatter          c_w.l(__scatter.o)
    0x08000128   0x08000128   0x0000001a   Code   RO          986    !!handler_copy      c_w.l(__scatter_copy.o)
    0x08000142   0x08000142   0x00000002   PAD
    0x08000144   0x08000144   0x0000001c   Code   RO          988    !!handler_zi        c_w.l(__scatter_zi.o)
    0x08000160   0x08000160   0x00000002   Code   RO          854    .ARM.Collect$$libinit$$00000000  c_w.l(libinit.o)
    0x08000162   0x08000162   0x00000000   Code   RO          861    .ARM.Collect$$libinit$$00000002  c_w.l(libinit2.o)
    0x08000162   0x08000162   0x00000000   Code   RO          863    .ARM.Collect$$libinit$$00000004  c_w.l(libinit2.o)
    0x08000162   0x08000162   0x00000000   Code   RO          866    .ARM.Collect$$libinit$$0000000A  c_w.l(libinit2.o)
    0x08000162   0x08000162   0x00000000   Code   RO          868    .ARM.Collect$$libinit$$0000000C  c_w.l(libinit2.o)
    0x08000162   0x08000162   0x00000000   Code   RO          870    .ARM.Collect$$libinit$$0000000E  c_w.l(libinit2.o)
    0x08000162   0x08000162   0x00000000   Code   RO          873    .ARM.Collect$$libinit$$00000011  c_w.l(libinit2.o)
    0x08000162   0x08000162   0x00000000   Code   RO          875    .ARM.Collect$$libinit$$00000013  c_w.l(libinit2.o)
    0x08000162   0x08000162   0x00000000   Code   RO          877    .ARM.Collect$$libinit$$00000015  c_w.l(libinit2.o)
    0x08000162   0x08000162   0x00000000   Code   RO          879    .ARM.Collect$$libinit$$00000017  c_w.l(libinit2.o)
    0x08000162   0x08000162   0x00000000   Code   RO          881    .ARM.Collect$$libinit$$00000019  c_w.l(libinit2.o)
    0x08000162   0x08000162   0x00000000   Code   RO          883    .ARM.Collect$$libinit$$0000001B  c_w.l(libinit2.o)
    0x08000162   0x08000162   0x00000000   Code   RO          885    .ARM.Collect$$libinit$$0000001D  c_w.l(libinit2.o)
    0x08000162   0x08000162   0x00000000   Code   RO          887    .ARM.Collect$$libinit$$0000001F  c_w.l(libinit2.o)
    0x08000162   0x08000162   0x00000000   Code   RO          889    .ARM.Collect$$libinit$$00000021  c_w.l(libinit2.o)
    0x08000162   0x08000162   0x00000000   Code   RO          891    .ARM.Collect$$libinit$$00000023  c_w.l(libinit2.o)
    0x08000162   0x08000162   0x00000000   Code   RO          893    .ARM.Collect$$libinit$$00000025  c_w.l(libinit2.o)
    0x08000162   0x08000162   0x00000000   Code   RO          897    .ARM.Collect$$libinit$$0000002C  c_w.l(libinit2.o)
    0x08000162   0x08000162   0x00000000   Code   RO          899    .ARM.Collect$$libinit$$0000002E  c_w.l(libinit2.o)
    0x08000162   0x08000162   0x00000000   Code   RO          901    .ARM.Collect$$libinit$$00000030  c_w.l(libinit2.o)
    0x08000162   0x08000162   0x00000000   Code   RO          903    .ARM.Collect$$libinit$$00000032  c_w.l(libinit2.o)
    0x08000162   0x08000162   0x00000002   Code   RO          904    .ARM.Collect$$libinit$$00000033  c_w.l(libinit2.o)
    0x08000164   0x08000164   0x00000002   Code   RO          924    .ARM.Collect$$libshutdown$$00000000  c_w.l(libshutdown.o)
    0x08000166   0x08000166   0x00000000   Code   RO          937    .ARM.Collect$$libshutdown$$00000002  c_w.l(libshutdown2.o)
    0x08000166   0x08000166   0x00000000   Code   RO          939    .ARM.Collect$$libshutdown$$00000004  c_w.l(libshutdown2.o)
    0x08000166   0x08000166   0x00000000   Code   RO          942    .ARM.Collect$$libshutdown$$00000007  c_w.l(libshutdown2.o)
    0x08000166   0x08000166   0x00000000   Code   RO          945    .ARM.Collect$$libshutdown$$0000000A  c_w.l(libshutdown2.o)
    0x08000166   0x08000166   0x00000000   Code   RO          947    .ARM.Collect$$libshutdown$$0000000C  c_w.l(libshutdown2.o)
    0x08000166   0x08000166   0x00000000   Code   RO          950    .ARM.Collect$$libshutdown$$0000000F  c_w.l(libshutdown2.o)
    0x08000166   0x08000166   0x00000002   Code   RO          951    .ARM.Collect$$libshutdown$$00000010  c_w.l(libshutdown2.o)
    0x08000168   0x08000168   0x00000000   Code   RO          829    .ARM.Collect$$rtentry$$00000000  c_w.l(__rtentry.o)
    0x08000168   0x08000168   0x00000000   Code   RO          831    .ARM.Collect$$rtentry$$00000002  c_w.l(__rtentry2.o)
    0x08000168   0x08000168   0x00000006   Code   RO          843    .ARM.Collect$$rtentry$$00000004  c_w.l(__rtentry4.o)
    0x0800016e   0x0800016e   0x00000000   Code   RO          833    .ARM.Collect$$rtentry$$00000009  c_w.l(__rtentry2.o)
    0x0800016e   0x0800016e   0x00000004   Code   RO          834    .ARM.Collect$$rtentry$$0000000A  c_w.l(__rtentry2.o)
    0x08000172   0x08000172   0x00000000   Code   RO          836    .ARM.Collect$$rtentry$$0000000C  c_w.l(__rtentry2.o)
    0x08000172   0x08000172   0x00000008   Code   RO          837    .ARM.Collect$$rtentry$$0000000D  c_w.l(__rtentry2.o)
    0x0800017a   0x0800017a   0x00000002   Code   RO          858    .ARM.Collect$$rtexit$$00000000  c_w.l(rtexit.o)
    0x0800017c   0x0800017c   0x00000000   Code   RO          906    .ARM.Collect$$rtexit$$00000002  c_w.l(rtexit2.o)
    0x0800017c   0x0800017c   0x00000004   Code   RO          907    .ARM.Collect$$rtexit$$00000003  c_w.l(rtexit2.o)
    0x08000180   0x08000180   0x00000006   Code   RO          908    .ARM.Collect$$rtexit$$00000004  c_w.l(rtexit2.o)
    0x08000186   0x08000186   0x00000002   PAD
    0x08000188   0x08000188   0x00000040   Code   RO          771  * .text               startup_stm32f10x_md.o
    0x080001c8   0x080001c8   0x0000004e   Code   RO          823    .text               c_w.l(rt_memclr_w.o)
    0x08000216   0x08000216   0x00000006   Code   RO          825    .text               c_w.l(heapauxi.o)
    0x0800021c   0x0800021c   0x0000004a   Code   RO          845    .text               c_w.l(sys_stackheap_outer.o)
    0x08000266   0x08000266   0x00000012   Code   RO          847    .text               c_w.l(exit.o)
    0x08000278   0x08000278   0x00000008   Code   RO          855    .text               c_w.l(libspace.o)
    0x08000280   0x08000280   0x0000000c   Code   RO          916    .text               c_w.l(sys_exit.o)
    0x0800028c   0x0800028c   0x00000002   Code   RO          927    .text               c_w.l(use_no_semi.o)
    0x0800028e   0x0800028e   0x00000000   Code   RO          929    .text               c_w.l(indicate_semi.o)
    0x0800028e   0x0800028e   0x00000002   Code   RO          595    i.DMA1_Channel1_Event  dma_stm32f10x.o
    0x08000290   0x08000290   0x0000001c   Code   RO          596    i.DMA1_Channel1_IRQHandler  dma_stm32f10x.o
    0x080002ac   0x080002ac   0x00000002   Code   RO          597    i.DMA1_Channel2_Event  dma_stm32f10x.o
    0x080002ae   0x080002ae   0x00000002   PAD
    0x080002b0   0x080002b0   0x0000001c   Code   RO          598    i.DMA1_Channel2_IRQHandler  dma_stm32f10x.o
    0x080002cc   0x080002cc   0x00000002   Code   RO          599    i.DMA1_Channel3_Event  dma_stm32f10x.o
    0x080002ce   0x080002ce   0x00000002   PAD
    0x080002d0   0x080002d0   0x0000001c   Code   RO          600    i.DMA1_Channel3_IRQHandler  dma_stm32f10x.o
    0x080002ec   0x080002ec   0x00000002   Code   RO          601    i.DMA1_Channel4_Event  dma_stm32f10x.o
    0x080002ee   0x080002ee   0x00000002   PAD
    0x080002f0   0x080002f0   0x0000001c   Code   RO          602    i.DMA1_Channel4_IRQHandler  dma_stm32f10x.o
    0x0800030c   0x0800030c   0x00000002   Code   RO          603    i.DMA1_Channel5_Event  dma_stm32f10x.o
    0x0800030e   0x0800030e   0x00000002   PAD
    0x08000310   0x08000310   0x0000001c   Code   RO          604    i.DMA1_Channel5_IRQHandler  dma_stm32f10x.o
    0x0800032c   0x0800032c   0x00000002   Code   RO          605    i.DMA1_Channel6_Event  dma_stm32f10x.o
    0x0800032e   0x0800032e   0x00000002   PAD
    0x08000330   0x08000330   0x0000001c   Code   RO          606    i.DMA1_Channel6_IRQHandler  dma_stm32f10x.o
    0x0800034c   0x0800034c   0x00000002   Code   RO          607    i.DMA1_Channel7_Event  dma_stm32f10x.o
    0x0800034e   0x0800034e   0x00000002   PAD
    0x08000350   0x08000350   0x0000001c   Code   RO          608    i.DMA1_Channel7_IRQHandler  dma_stm32f10x.o
    0x0800036c   0x0800036c   0x0000009c   Code   RO          726    i.GPIO_AFConfigure  gpio_stm32f10x.o
    0x08000408   0x08000408   0x00000098   Code   RO          727    i.GPIO_GetPortClockState  gpio_stm32f10x.o
    0x080004a0   0x080004a0   0x00000078   Code   RO          728    i.GPIO_PinConfigure  gpio_stm32f10x.o
    0x08000518   0x08000518   0x0000013c   Code   RO          729    i.GPIO_PortClock    gpio_stm32f10x.o
    0x08000654   0x08000654   0x00000018   Code   RO           60    i.I2C1_Control      i2c_stm32f10x.o
    0x0800066c   0x0800066c   0x00000010   Code   RO           61    i.I2C1_ER_IRQHandler  i2c_stm32f10x.o
    0x0800067c   0x0800067c   0x00000010   Code   RO           62    i.I2C1_EV_IRQHandler  i2c_stm32f10x.o
    0x0800068c   0x0800068c   0x00000010   Code   RO           63    i.I2C1_GetDataCount  i2c_stm32f10x.o
    0x0800069c   0x0800069c   0x00000010   Code   RO           64    i.I2C1_GetStatus    i2c_stm32f10x.o
    0x080006ac   0x080006ac   0x00000014   Code   RO           65    i.I2C1_Initialize   i2c_stm32f10x.o
    0x080006c0   0x080006c0   0x00000020   Code   RO           66    i.I2C1_MasterReceive  i2c_stm32f10x.o
    0x080006e0   0x080006e0   0x00000020   Code   RO           67    i.I2C1_MasterTransmit  i2c_stm32f10x.o
    0x08000700   0x08000700   0x00000014   Code   RO           68    i.I2C1_PowerControl  i2c_stm32f10x.o
    0x08000714   0x08000714   0x00000018   Code   RO           69    i.I2C1_SlaveReceive  i2c_stm32f10x.o
    0x0800072c   0x0800072c   0x00000018   Code   RO           70    i.I2C1_SlaveTransmit  i2c_stm32f10x.o
    0x08000744   0x08000744   0x00000010   Code   RO           71    i.I2C1_Uninitialize  i2c_stm32f10x.o
    0x08000754   0x08000754   0x0000000c   Code   RO           72    i.I2CX_GetCapabilities  i2c_stm32f10x.o
    0x08000760   0x08000760   0x00000010   Code   RO           73    i.I2CX_GetVersion   i2c_stm32f10x.o
    0x08000770   0x08000770   0x000003ec   Code   RO           74    i.I2C_Control       i2c_stm32f10x.o
    0x08000b5c   0x08000b5c   0x00000122   Code   RO           75    i.I2C_ER_IRQHandler  i2c_stm32f10x.o
    0x08000c7e   0x08000c7e   0x0000058c   Code   RO           76    i.I2C_EV_IRQHandler  i2c_stm32f10x.o
    0x0800120a   0x0800120a   0x00000008   Code   RO           77    i.I2C_GetDataCount  i2c_stm32f10x.o
    0x08001212   0x08001212   0x00000008   Code   RO           78    i.I2C_GetStatus     i2c_stm32f10x.o
    0x0800121a   0x0800121a   0x00000058   Code   RO           79    i.I2C_Initialize    i2c_stm32f10x.o
    0x08001272   0x08001272   0x000000e2   Code   RO           80    i.I2C_MasterReceive  i2c_stm32f10x.o
    0x08001354   0x08001354   0x000000d4   Code   RO           81    i.I2C_MasterTransmit  i2c_stm32f10x.o
    0x08001428   0x08001428   0x0000015c   Code   RO           82    i.I2C_PowerControl  i2c_stm32f10x.o
    0x08001584   0x08001584   0x00000070   Code   RO           83    i.I2C_SlaveReceive  i2c_stm32f10x.o
    0x080015f4   0x080015f4   0x00000064   Code   RO           84    i.I2C_SlaveTransmit  i2c_stm32f10x.o
    0x08001658   0x08001658   0x0000002a   Code   RO           85    i.I2C_Uninitialize  i2c_stm32f10x.o
    0x08001682   0x08001682   0x00000002   PAD
    0x08001684   0x08001684   0x00000018   Code   RO          260    i.SPI1_Control      spi_stm32f10x.o
    0x0800169c   0x0800169c   0x00000010   Code   RO          261    i.SPI1_GetDataCount  spi_stm32f10x.o
    0x080016ac   0x080016ac   0x00000010   Code   RO          262    i.SPI1_GetStatus    spi_stm32f10x.o
    0x080016bc   0x080016bc   0x00000010   Code   RO          263    i.SPI1_IRQHandler   spi_stm32f10x.o
    0x080016cc   0x080016cc   0x00000014   Code   RO          264    i.SPI1_Initialize   spi_stm32f10x.o
    0x080016e0   0x080016e0   0x00000014   Code   RO          265    i.SPI1_PowerControl  spi_stm32f10x.o
    0x080016f4   0x080016f4   0x00000018   Code   RO          266    i.SPI1_Receive      spi_stm32f10x.o
    0x0800170c   0x0800170c   0x00000018   Code   RO          267    i.SPI1_Send         spi_stm32f10x.o
    0x08001724   0x08001724   0x0000001c   Code   RO          268    i.SPI1_Transfer     spi_stm32f10x.o
    0x08001740   0x08001740   0x00000010   Code   RO          269    i.SPI1_Uninitialize  spi_stm32f10x.o
    0x08001750   0x08001750   0x0000000c   Code   RO          270    i.SPIX_GetCapabilities  spi_stm32f10x.o
    0x0800175c   0x0800175c   0x00000010   Code   RO          271    i.SPIX_GetVersion   spi_stm32f10x.o
    0x0800176c   0x0800176c   0x00000430   Code   RO          272    i.SPI_Control       spi_stm32f10x.o
    0x08001b9c   0x08001b9c   0x00000008   Code   RO          273    i.SPI_GetDataCount  spi_stm32f10x.o
    0x08001ba4   0x08001ba4   0x0000005a   Code   RO          274    i.SPI_GetStatus     spi_stm32f10x.o
    0x08001bfe   0x08001bfe   0x00000208   Code   RO          275    i.SPI_IRQHandler    spi_stm32f10x.o
    0x08001e06   0x08001e06   0x0000009e   Code   RO          276    i.SPI_Initialize    spi_stm32f10x.o
    0x08001ea4   0x08001ea4   0x00000060   Code   RO          277    i.SPI_PeripheralReset  spi_stm32f10x.o
    0x08001f04   0x08001f04   0x00000168   Code   RO          278    i.SPI_PowerControl  spi_stm32f10x.o
    0x0800206c   0x0800206c   0x00000094   Code   RO          279    i.SPI_Receive       spi_stm32f10x.o
    0x08002100   0x08002100   0x00000094   Code   RO          280    i.SPI_Send          spi_stm32f10x.o
    0x08002194   0x08002194   0x00000070   Code   RO          281    i.SPI_Transfer      spi_stm32f10x.o
    0x08002204   0x08002204   0x0000004e   Code   RO          282    i.SPI_Uninitialize  spi_stm32f10x.o
    0x08002252   0x08002252   0x00000008   Code   RO          778    i.SetSysClock       system_stm32f10x.o
    0x0800225a   0x0800225a   0x00000002   PAD
    0x0800225c   0x0800225c   0x000000e0   Code   RO          779    i.SetSysClockTo72   system_stm32f10x.o
    0x0800233c   0x0800233c   0x000000a4   Code   RO          780    i.SystemCoreClockUpdate  system_stm32f10x.o
    0x080023e0   0x080023e0   0x00000060   Code   RO          781    i.SystemInit        system_stm32f10x.o
    0x08002440   0x08002440   0x00000018   Code   RO          415    i.USART1_Control    usart_stm32f10x.o
    0x08002458   0x08002458   0x00000010   Code   RO          416    i.USART1_GetCapabilities  usart_stm32f10x.o
    0x08002468   0x08002468   0x00000010   Code   RO          417    i.USART1_GetModemStatus  usart_stm32f10x.o
    0x08002478   0x08002478   0x00000010   Code   RO          418    i.USART1_GetRxCount  usart_stm32f10x.o
    0x08002488   0x08002488   0x00000010   Code   RO          419    i.USART1_GetStatus  usart_stm32f10x.o
    0x08002498   0x08002498   0x00000010   Code   RO          420    i.USART1_GetTxCount  usart_stm32f10x.o
    0x080024a8   0x080024a8   0x00000010   Code   RO          421    i.USART1_IRQHandler  usart_stm32f10x.o
    0x080024b8   0x080024b8   0x00000014   Code   RO          422    i.USART1_Initialize  usart_stm32f10x.o
    0x080024cc   0x080024cc   0x00000014   Code   RO          423    i.USART1_PowerControl  usart_stm32f10x.o
    0x080024e0   0x080024e0   0x00000018   Code   RO          424    i.USART1_Receive    usart_stm32f10x.o
    0x080024f8   0x080024f8   0x00000018   Code   RO          425    i.USART1_Send       usart_stm32f10x.o
    0x08002510   0x08002510   0x00000014   Code   RO          426    i.USART1_SetModemControl  usart_stm32f10x.o
    0x08002524   0x08002524   0x0000001c   Code   RO          427    i.USART1_Transfer   usart_stm32f10x.o
    0x08002540   0x08002540   0x00000010   Code   RO          428    i.USART1_Uninitialize  usart_stm32f10x.o
    0x08002550   0x08002550   0x00000822   Code   RO          429    i.USART_Control     usart_stm32f10x.o
    0x08002d72   0x08002d72   0x00000006   Code   RO          430    i.USART_GetCapabilities  usart_stm32f10x.o
    0x08002d78   0x08002d78   0x00000090   Code   RO          431    i.USART_GetModemStatus  usart_stm32f10x.o
    0x08002e08   0x08002e08   0x00000008   Code   RO          432    i.USART_GetRxCount  usart_stm32f10x.o
    0x08002e10   0x08002e10   0x000000d4   Code   RO          433    i.USART_GetStatus   usart_stm32f10x.o
    0x08002ee4   0x08002ee4   0x00000008   Code   RO          434    i.USART_GetTxCount  usart_stm32f10x.o
    0x08002eec   0x08002eec   0x00000270   Code   RO          435    i.USART_IRQHandler  usart_stm32f10x.o
    0x0800315c   0x0800315c   0x000000a2   Code   RO          436    i.USART_Initialize  usart_stm32f10x.o
    0x080031fe   0x080031fe   0x00000002   PAD
    0x08003200   0x08003200   0x00000088   Code   RO          437    i.USART_PeripheralReset  usart_stm32f10x.o
    0x08003288   0x08003288   0x000001d0   Code   RO          438    i.USART_PowerControl  usart_stm32f10x.o
    0x08003458   0x08003458   0x000000a2   Code   RO          439    i.USART_Receive     usart_stm32f10x.o
    0x080034fa   0x080034fa   0x00000088   Code   RO          440    i.USART_Send        usart_stm32f10x.o
    0x08003582   0x08003582   0x0000009c   Code   RO          441    i.USART_SetModemControl  usart_stm32f10x.o
    0x0800361e   0x0800361e   0x0000006a   Code   RO          442    i.USART_Transfer    usart_stm32f10x.o
    0x08003688   0x08003688   0x0000006c   Code   RO          443    i.USART_Uninitialize  usart_stm32f10x.o
    0x080036f4   0x080036f4   0x00000010   Code   RO          444    i.USARTx_GetVersion  usart_stm32f10x.o
    0x08003704   0x08003704   0x0000001c   Code   RO           86    i.__NVIC_ClearPendingIRQ  i2c_stm32f10x.o
    0x08003720   0x08003720   0x0000003c   Code   RO           87    i.__NVIC_DisableIRQ  i2c_stm32f10x.o
    0x0800375c   0x0800375c   0x0000001a   Code   RO           88    i.__NVIC_EnableIRQ  i2c_stm32f10x.o
    0x08003776   0x08003776   0x00000004   Code   RO            4    i.main              main.o
    0x0800377a   0x0800377a   0x00000002   PAD
    0x0800377c   0x0800377c   0x00000060   Data   RO           90    .constdata          i2c_stm32f10x.o
    0x080037dc   0x080037dc   0x00000074   Data   RO          284    .constdata          spi_stm32f10x.o
    0x08003850   0x08003850   0x0000007c   Data   RO          446    .constdata          usart_stm32f10x.o
    0x080038cc   0x080038cc   0x00000020   Data   RO          982    Region$$Table       anon$$obj.o


    Execution Region ER_RW (Exec base: 0x20000000, Load base: 0x080038ec, Size: 0x00000014, Max: 0xffffffff, ABSOLUTE)

    Exec Addr    Load Addr    Size         Type   Attr      Idx    E Section Name        Object

    0x20000000   0x080038ec   0x00000014   Data   RW          782    .data               system_stm32f10x.o


    Execution Region ER_ZI (Exec base: 0x20000014, Load base: 0x08003900, Size: 0x000006dc, Max: 0xffffffff, ABSOLUTE)

    Exec Addr    Load Addr    Size         Type   Attr      Idx    E Section Name        Object

    0x20000014        -       0x0000001c   Zero   RW           89    .bss                i2c_stm32f10x.o
    0x20000030        -       0x00000028   Zero   RW          283    .bss                spi_stm32f10x.o
    0x20000058        -       0x00000038   Zero   RW          445    .bss                usart_stm32f10x.o
    0x20000090        -       0x00000060   Zero   RW          856    .bss                c_w.l(libspace.o)
    0x200000f0        -       0x00000200   Zero   RW          769    HEAP                startup_stm32f10x_md.o
    0x200002f0        -       0x00000400   Zero   RW          768    STACK               startup_stm32f10x_md.o


==============================================================================

Image component sizes


      Code (inc. data)   RO Data    RW Data    ZI Data      Debug   Object Name

       210         30          0          0          0       7259   dma_stm32f10x.o
       744         76          0          0          0       6361   gpio_stm32f10x.o
      4256        136         96          0         28      53387   i2c_stm32f10x.o
         4          0          0          0          0     206719   main.o
      3022        104        116          0         40      52200   spi_stm32f10x.o
        64         26        236          0       1536        812   startup_stm32f10x_md.o
       492         50          0         20          0       3017   system_stm32f10x.o
      4802        158        124          0         56      30915   usart_stm32f10x.o

    ----------------------------------------------------------------------
     13614        580        604         20       1660     360670   Object Totals
         0          0         32          0          0          0   (incl. Generated)
        20          0          0          0          0          0   (incl. Padding)

    ----------------------------------------------------------------------

      Code (inc. data)   RO Data    RW Data    ZI Data      Debug   Library Member Name

         8          0          0          0          0         68   __main.o
         0          0          0          0          0          0   __rtentry.o
        12          0          0          0          0          0   __rtentry2.o
         6          0          0          0          0          0   __rtentry4.o
        52          8          0          0          0          0   __scatter.o
        26          0          0          0          0          0   __scatter_copy.o
        28          0          0          0          0          0   __scatter_zi.o
        18          0          0          0          0         80   exit.o
         6          0          0          0          0        152   heapauxi.o
         0          0          0          0          0          0   indicate_semi.o
         2          0          0          0          0          0   libinit.o
         2          0          0          0          0          0   libinit2.o
         2          0          0          0          0          0   libshutdown.o
         2          0          0          0          0          0   libshutdown2.o
         8          4          0          0         96         68   libspace.o
        78          0          0          0          0         80   rt_memclr_w.o
         2          0          0          0          0          0   rtexit.o
        10          0          0          0          0          0   rtexit2.o
        12          4          0          0          0         68   sys_exit.o
        74          0          0          0          0         80   sys_stackheap_outer.o
         2          0          0          0          0         68   use_no_semi.o

    ----------------------------------------------------------------------
       354         16          0          0         96        664   Library Totals
         4          0          0          0          0          0   (incl. Padding)

    ----------------------------------------------------------------------

      Code (inc. data)   RO Data    RW Data    ZI Data      Debug   Library Name

       350         16          0          0         96        664   c_w.l

    ----------------------------------------------------------------------
       354         16          0          0         96        664   Library Totals

    ----------------------------------------------------------------------

==============================================================================


      Code (inc. data)   RO Data    RW Data    ZI Data      Debug   

     13968        596        604         20       1756     355818   Grand Totals
     13968        596        604         20       1756     355818   ELF Image Totals
     13968        596        604         20          0          0   ROM Totals

==============================================================================

    Total RO  Size (Code + RO Data)                14572 (  14.23kB)
    Total RW  Size (RW Data + ZI Data)              1776 (   1.73kB)
    Total ROM Size (Code + RO Data + RW Data)      14592 (  14.25kB)

==============================================================================

