Component: ARM Compiler 5.06 update 6 (build 750) Tool: armlink [4d35ed]

==============================================================================

Section Cross References

    main.o(i.main) refers to onewire.o(i.OW_Init) for OW_Init
    main.o(i.main) refers to onewire.o(i.OW_Send) for OW_Send
    main.o(i.main) refers to onewire.o(i.OW_out_set_as_Power_pin) for OW_out_set_as_Power_pin
    main.o(i.main) refers to onewire.o(i.OW_out_set_as_TX_pin) for OW_out_set_as_TX_pin
    onewire.o(i.OW_Init) refers to stm32f10x_rcc.o(i.RCC_APB2PeriphClockCmd) for RCC_APB2PeriphClockCmd
    onewire.o(i.OW_Init) refers to stm32f10x_gpio.o(i.GPIO_Init) for GPIO_Init
    onewire.o(i.OW_Init) refers to stm32f10x_rcc.o(i.RCC_AHBPeriphClockCmd) for RCC_AHBPeriphClockCmd
    onewire.o(i.OW_Init) refers to stm32f10x_usart.o(i.USART_Init) for USART_Init
    onewire.o(i.OW_Init) refers to stm32f10x_usart.o(i.USART_Cmd) for USART_Cmd
    onewire.o(i.OW_Init) refers to stm32f10x_usart.o(i.USART_HalfDuplexCmd) for USART_HalfDuplexCmd
    onewire.o(i.OW_Reset) refers to stm32f10x_usart.o(i.USART_Init) for USART_Init
    onewire.o(i.OW_Reset) refers to stm32f10x_usart.o(i.USART_ClearFlag) for USART_ClearFlag
    onewire.o(i.OW_Reset) refers to stm32f10x_usart.o(i.USART_SendData) for USART_SendData
    onewire.o(i.OW_Reset) refers to stm32f10x_usart.o(i.USART_GetFlagStatus) for USART_GetFlagStatus
    onewire.o(i.OW_Reset) refers to stm32f10x_usart.o(i.USART_ReceiveData) for USART_ReceiveData
    onewire.o(i.OW_Send) refers to onewire.o(i.OW_Reset) for OW_Reset
    onewire.o(i.OW_Send) refers to onewire.o(i.OW_toBits) for OW_toBits
    onewire.o(i.OW_Send) refers to stm32f10x_dma.o(i.DMA_DeInit) for DMA_DeInit
    onewire.o(i.OW_Send) refers to stm32f10x_dma.o(i.DMA_Init) for DMA_Init
    onewire.o(i.OW_Send) refers to stm32f10x_usart.o(i.USART_ClearFlag) for USART_ClearFlag
    onewire.o(i.OW_Send) refers to stm32f10x_usart.o(i.USART_DMACmd) for USART_DMACmd
    onewire.o(i.OW_Send) refers to stm32f10x_dma.o(i.DMA_Cmd) for DMA_Cmd
    onewire.o(i.OW_Send) refers to stm32f10x_dma.o(i.DMA_GetFlagStatus) for DMA_GetFlagStatus
    onewire.o(i.OW_Send) refers to onewire.o(i.OW_toByte) for OW_toByte
    onewire.o(i.OW_Send) refers to onewire.o(.data) for ow_buf
    onewire.o(i.OW_out_set_as_Power_pin) refers to stm32f10x_rcc.o(i.RCC_APB2PeriphClockCmd) for RCC_APB2PeriphClockCmd
    onewire.o(i.OW_out_set_as_Power_pin) refers to stm32f10x_gpio.o(i.GPIO_SetBits) for GPIO_SetBits
    onewire.o(i.OW_out_set_as_Power_pin) refers to stm32f10x_gpio.o(i.GPIO_Init) for GPIO_Init
    onewire.o(i.OW_out_set_as_TX_pin) refers to stm32f10x_rcc.o(i.RCC_APB2PeriphClockCmd) for RCC_APB2PeriphClockCmd
    onewire.o(i.OW_out_set_as_TX_pin) refers to stm32f10x_gpio.o(i.GPIO_Init) for GPIO_Init
    i2c_stm32f10x.o(i.I2C1_Control) refers to i2c_stm32f10x.o(i.I2C_Control) for I2C_Control
    i2c_stm32f10x.o(i.I2C1_Control) refers to i2c_stm32f10x.o(.constdata) for I2C1_Resources
    i2c_stm32f10x.o(i.I2C1_ER_IRQHandler) refers to i2c_stm32f10x.o(i.I2C_ER_IRQHandler) for I2C_ER_IRQHandler
    i2c_stm32f10x.o(i.I2C1_ER_IRQHandler) refers to i2c_stm32f10x.o(.constdata) for I2C1_Resources
    i2c_stm32f10x.o(i.I2C1_EV_IRQHandler) refers to i2c_stm32f10x.o(i.I2C_EV_IRQHandler) for I2C_EV_IRQHandler
    i2c_stm32f10x.o(i.I2C1_EV_IRQHandler) refers to i2c_stm32f10x.o(.constdata) for I2C1_Resources
    i2c_stm32f10x.o(i.I2C1_GetDataCount) refers to i2c_stm32f10x.o(i.I2C_GetDataCount) for I2C_GetDataCount
    i2c_stm32f10x.o(i.I2C1_GetDataCount) refers to i2c_stm32f10x.o(.constdata) for I2C1_Resources
    i2c_stm32f10x.o(i.I2C1_GetStatus) refers to i2c_stm32f10x.o(i.I2C_GetStatus) for I2C_GetStatus
    i2c_stm32f10x.o(i.I2C1_GetStatus) refers to i2c_stm32f10x.o(.constdata) for I2C1_Resources
    i2c_stm32f10x.o(i.I2C1_Initialize) refers to i2c_stm32f10x.o(i.I2C_Initialize) for I2C_Initialize
    i2c_stm32f10x.o(i.I2C1_Initialize) refers to i2c_stm32f10x.o(.constdata) for I2C1_Resources
    i2c_stm32f10x.o(i.I2C1_MasterReceive) refers to i2c_stm32f10x.o(i.I2C_MasterReceive) for I2C_MasterReceive
    i2c_stm32f10x.o(i.I2C1_MasterReceive) refers to i2c_stm32f10x.o(.constdata) for I2C1_Resources
    i2c_stm32f10x.o(i.I2C1_MasterTransmit) refers to i2c_stm32f10x.o(i.I2C_MasterTransmit) for I2C_MasterTransmit
    i2c_stm32f10x.o(i.I2C1_MasterTransmit) refers to i2c_stm32f10x.o(.constdata) for I2C1_Resources
    i2c_stm32f10x.o(i.I2C1_PowerControl) refers to i2c_stm32f10x.o(i.I2C_PowerControl) for I2C_PowerControl
    i2c_stm32f10x.o(i.I2C1_PowerControl) refers to i2c_stm32f10x.o(.constdata) for I2C1_Resources
    i2c_stm32f10x.o(i.I2C1_SlaveReceive) refers to i2c_stm32f10x.o(i.I2C_SlaveReceive) for I2C_SlaveReceive
    i2c_stm32f10x.o(i.I2C1_SlaveReceive) refers to i2c_stm32f10x.o(.constdata) for I2C1_Resources
    i2c_stm32f10x.o(i.I2C1_SlaveTransmit) refers to i2c_stm32f10x.o(i.I2C_SlaveTransmit) for I2C_SlaveTransmit
[...]
    Removing stm32f10x_spi.o(i.I2S_StructInit), (20 bytes).
    Removing stm32f10x_spi.o(i.SPI_BiDirectionalLineConfig), (28 bytes).
    Removing stm32f10x_spi.o(i.SPI_CalculateCRC), (24 bytes).
    Removing stm32f10x_spi.o(i.SPI_Cmd), (24 bytes).
    Removing stm32f10x_spi.o(i.SPI_DataSizeConfig), (18 bytes).
    Removing stm32f10x_spi.o(i.SPI_GetCRC), (16 bytes).
    Removing stm32f10x_spi.o(i.SPI_GetCRCPolynomial), (6 bytes).
    Removing stm32f10x_spi.o(i.SPI_I2S_ClearFlag), (6 bytes).
    Removing stm32f10x_spi.o(i.SPI_I2S_ClearITPendingBit), (20 bytes).
    Removing stm32f10x_spi.o(i.SPI_I2S_DMACmd), (18 bytes).
    Removing stm32f10x_spi.o(i.SPI_I2S_DeInit), (88 bytes).
    Removing stm32f10x_spi.o(i.SPI_I2S_GetFlagStatus), (18 bytes).
    Removing stm32f10x_spi.o(i.SPI_I2S_GetITStatus), (52 bytes).
    Removing stm32f10x_spi.o(i.SPI_I2S_ITConfig), (32 bytes).
    Removing stm32f10x_spi.o(i.SPI_I2S_ReceiveData), (6 bytes).
    Removing stm32f10x_spi.o(i.SPI_I2S_SendData), (4 bytes).
    Removing stm32f10x_spi.o(i.SPI_Init), (60 bytes).
    Removing stm32f10x_spi.o(i.SPI_NSSInternalSoftwareConfig), (30 bytes).
    Removing stm32f10x_spi.o(i.SPI_SSOutputCmd), (24 bytes).
    Removing stm32f10x_spi.o(i.SPI_StructInit), (24 bytes).
    Removing stm32f10x_spi.o(i.SPI_TransmitCRC), (10 bytes).
    Removing stm32f10x_usart.o(.rev16_text), (4 bytes).
    Removing stm32f10x_usart.o(.revsh_text), (4 bytes).
    Removing stm32f10x_usart.o(.rrx_text), (6 bytes).
    Removing stm32f10x_usart.o(i.USART_ClearITPendingBit), (30 bytes).
    Removing stm32f10x_usart.o(i.USART_ClockInit), (34 bytes).
    Removing stm32f10x_usart.o(i.USART_ClockStructInit), (12 bytes).
    Removing stm32f10x_usart.o(i.USART_DeInit), (156 bytes).
    Removing stm32f10x_usart.o(i.USART_GetITStatus), (84 bytes).
    Removing stm32f10x_usart.o(i.USART_ITConfig), (74 bytes).
    Removing stm32f10x_usart.o(i.USART_IrDACmd), (24 bytes).
    Removing stm32f10x_usart.o(i.USART_IrDAConfig), (18 bytes).
    Removing stm32f10x_usart.o(i.USART_LINBreakDetectLengthConfig), (18 bytes).
    Removing stm32f10x_usart.o(i.USART_LINCmd), (24 bytes).
    Removing stm32f10x_usart.o(i.USART_OneBitMethodCmd), (24 bytes).
    Removing stm32f10x_usart.o(i.USART_OverSampling8Cmd), (22 bytes).
    Removing stm32f10x_usart.o(i.USART_ReceiverWakeUpCmd), (24 bytes).
    Removing stm32f10x_usart.o(i.USART_SendBreak), (10 bytes).
    Removing stm32f10x_usart.o(i.USART_SetAddress), (18 bytes).
    Removing stm32f10x_usart.o(i.USART_SetGuardTime), (16 bytes).
    Removing stm32f10x_usart.o(i.USART_SetPrescaler), (16 bytes).
    Removing stm32f10x_usart.o(i.USART_SmartCardCmd), (24 bytes).
    Removing stm32f10x_usart.o(i.USART_SmartCardNACKCmd), (24 bytes).
    Removing stm32f10x_usart.o(i.USART_StructInit), (24 bytes).
    Removing stm32f10x_usart.o(i.USART_WakeUpConfig), (18 bytes).

186 unused section(s) (total 5055 bytes) removed from the image.

==============================================================================

Image Symbol Table

    Local Symbols

    Symbol Name                              Value     Ov Type        Size  Object(Section)

    ../clib/angel/boardlib.s                 0x00000000   Number         0  boardinit3.o ABSOLUTE
    ../clib/angel/boardlib.s                 0x00000000   Number         0  boardinit2.o ABSOLUTE
    ../clib/angel/boardlib.s                 0x00000000   Number         0  boardinit1.o ABSOLUTE
    ../clib/angel/boardlib.s                 0x00000000   Number         0  boardshut.o ABSOLUTE
    ../clib/angel/handlers.s                 0x00000000   Number         0  __scatter_copy.o ABSOLUTE
    ../clib/angel/handlers.s                 0x00000000   Number         0  __scatter_zi.o ABSOLUTE
    ../clib/angel/kernel.s                   0x00000000   Number         0  rtexit.o ABSOLUTE
    ../clib/angel/kernel.s                   0x00000000   Number         0  __rtentry4.o ABSOLUTE
    ../clib/angel/kernel.s                   0x00000000   Number         0  __rtentry2.o ABSOLUTE
    ../clib/angel/kernel.s                   0x00000000   Number         0  __rtentry.o ABSOLUTE
    ../clib/angel/kernel.s                   0x00000000   Number         0  rtexit2.o ABSOLUTE
    ../clib/angel/rt.s                       0x00000000   Number         0  rt_raise.o ABSOLUTE
    ../clib/angel/scatter.s                  0x00000000   Number         0  __scatter.o ABSOLUTE
    ../clib/angel/startup.s                  0x00000000   Number         0  __main.o ABSOLUTE
    ../clib/angel/sys.s                      0x00000000   Number         0  libspace.o ABSOLUTE
    ../clib/angel/sys.s                      0x00000000   Number         0  sys_stackheap_outer.o ABSOLUTE
    ../clib/angel/sys.s                      0x00000000   Number         0  indicate_semi.o ABSOLUTE
    ../clib/angel/sys.s                      0x00000000   Number         0  use_no_semi.o ABSOLUTE
    ../clib/angel/sysapp.c                   0x00000000   Number         0  sys_wrch.o ABSOLUTE
    ../clib/angel/sysapp.c                   0x00000000   Number         0  sys_command.o ABSOLUTE
    ../clib/angel/sysapp.c                   0x00000000   Number         0  sys_exit.o ABSOLUTE
    ../clib/armsys.c                         0x00000000   Number         0  argv_veneer.o ABSOLUTE
    ../clib/armsys.c                         0x00000000   Number         0  argv_veneer.o ABSOLUTE
    ../clib/armsys.c                         0x00000000   Number         0  _get_argv_nomalloc.o ABSOLUTE
    ../clib/armsys.c                         0x00000000   Number         0  no_argv.o ABSOLUTE
    ../clib/heapalloc.c                      0x00000000   Number         0  hrguard.o ABSOLUTE
    ../clib/heapaux.c                        0x00000000   Number         0  heapauxi.o ABSOLUTE
    ../clib/libinit.s                        0x00000000   Number         0  libshutdown.o ABSOLUTE
    ../clib/libinit.s                        0x00000000   Number         0  libinit.o ABSOLUTE
    ../clib/libinit.s                        0x00000000   Number         0  libinit2.o ABSOLUTE
    ../clib/libinit.s                        0x00000000   Number         0  libshutdown2.o ABSOLUTE
    ../clib/memcpset.s                       0x00000000   Number         0  rt_memclr_w.o ABSOLUTE
    ../clib/signal.c                         0x00000000   Number         0  defsig_rtmem_inner.o ABSOLUTE
    ../clib/signal.c                         0x00000000   Number         0  __raise.o ABSOLUTE
    ../clib/signal.c                         0x00000000   Number         0  defsig_exit.o ABSOLUTE
    ../clib/signal.c                         0x00000000   Number         0  defsig_fpe_inner.o ABSOLUTE
    ../clib/signal.c                         0x00000000   Number         0  defsig_rtmem_outer.o ABSOLUTE
    ../clib/signal.c                         0x00000000   Number         0  defsig_rtmem_formal.o ABSOLUTE
    ../clib/signal.c                         0x00000000   Number         0  defsig_rtred_inner.o ABSOLUTE
    ../clib/signal.c                         0x00000000   Number         0  defsig_stak_inner.o ABSOLUTE
    ../clib/signal.c                         0x00000000   Number         0  defsig_pvfn_inner.o ABSOLUTE
    ../clib/signal.c                         0x00000000   Number         0  defsig_cppl_inner.o ABSOLUTE
    ../clib/signal.c                         0x00000000   Number         0  defsig_segv_inner.o ABSOLUTE
    ../clib/signal.c                         0x00000000   Number         0  defsig_other.o ABSOLUTE
    ../clib/signal.c                         0x00000000   Number         0  defsig_general.o ABSOLUTE
    ../clib/signal.c                         0x00000000   Number         0  defsig_abrt_inner.o ABSOLUTE
    ../clib/signal.s                         0x00000000   Number         0  defsig.o ABSOLUTE
    ../clib/stdlib.c                         0x00000000   Number         0  exit.o ABSOLUTE
    ../fplib/fpinit.s                        0x00000000   Number         0  fpinit.o ABSOLUTE
    1-Wire\\onewire.c                        0x00000000   Number         0  onewire.o ABSOLUTE
    1-Wire\onewire.c                         0x00000000   Number         0  onewire.o ABSOLUTE
    C:\Keil_v5\ARM\PACK\Keil\STM32F1xx_DFP\2.3.0\Device\StdPeriph_Driver\src\misc.c 0x00000000   Number         0  misc.o ABSOLUTE
    C:\Keil_v5\ARM\PACK\Keil\STM32F1xx_DFP\2.3.0\Device\StdPeriph_Driver\src\stm32f10x_dma.c 0x00000000   Number         0  stm32f10x_dma.o ABSOLUTE
    C:\Keil_v5\ARM\PACK\Keil\STM32F1xx_DFP\2.3.0\Device\StdPeriph_Driver\src\stm32f10x_gpio.c 0x00000000   Number         0  stm32f10x_gpio.o ABSOLUTE
    C:\Keil_v5\ARM\PACK\Keil\STM32F1xx_DFP\2.3.0\Device\StdPeriph_Driver\src\stm32f10x_i2c.c 0x00000000   Number         0  stm32f10x_i2c.o ABSOLUTE
    C:\Keil_v5\ARM\PACK\Keil\STM32F1xx_DFP\2.3.0\Device\StdPeriph_Driver\src\stm32f10x_rcc.c 0x00000000   Number         0  stm32f10x_rcc.o ABSOLUTE
    C:\Keil_v5\ARM\PACK\Keil\STM32F1xx_DFP\2.3.0\Device\StdPeriph_Driver\src\stm32f10x_spi.c 0x00000000   Number         0  stm32f10x_spi.o ABSOLUTE
    C:\Keil_v5\ARM\PACK\Keil\STM32F1xx_DFP\2.3.0\Device\StdPeriph_Driver\src\stm32f10x_usart.c 0x00000000   Number         0  stm32f10x_usart.o ABSOLUTE
    C:\Keil_v5\ARM\PACK\Keil\STM32F1xx_DFP\2.3.0\RTE_Driver\DMA_STM32F10x.c 0x00000000   Number         0  dma_stm32f10x.o ABSOLUTE
    C:\Keil_v5\ARM\PACK\Keil\STM32F1xx_DFP\2.3.0\RTE_Driver\GPIO_STM32F10x.c 0x00000000   Number         0  gpio_stm32f10x.o ABSOLUTE
    C:\Keil_v5\ARM\PACK\Keil\STM32F1xx_DFP\2.3.0\RTE_Driver\I2C_STM32F10x.c 0x00000000   Number         0  i2c_stm32f10x.o ABSOLUTE
    C:\Keil_v5\ARM\PACK\Keil\STM32F1xx_DFP\2.3.0\RTE_Driver\SPI_STM32F10x.c 0x00000000   Number         0  spi_stm32f10x.o ABSOLUTE
    C:\Keil_v5\ARM\PACK\Keil\STM32F1xx_DFP\2.3.0\RTE_Driver\USART_STM32F10x.c 0x00000000   Number         0  usart_stm32f10x.o ABSOLUTE
    C:\\Keil_v5\\ARM\\PACK\\Keil\\STM32F1xx_DFP\\2.3.0\\Device\\StdPeriph_Driver\\src\\misc.c 0x00000000   Number         0  misc.o ABSOLUTE
    C:\\Keil_v5\\ARM\\PACK\\Keil\\STM32F1xx_DFP\\2.3.0\\Device\\StdPeriph_Driver\\src\\stm32f10x_dma.c 0x00000000   Number         0  stm32f10x_dma.o ABSOLUTE
    C:\\Keil_v5\\ARM\\PACK\\Keil\\STM32F1xx_DFP\\2.3.0\\Device\\StdPeriph_Driver\\src\\stm32f10x_gpio.c 0x00000000   Number         0  stm32f10x_gpio.o ABSOLUTE
    C:\\Keil_v5\\ARM\\PACK\\Keil\\STM32F1xx_DFP\\2.3.0\\Device\\StdPeriph_Driver\\src\\stm32f10x_i2c.c 0x00000000   Number         0  stm32f10x_i2c.o ABSOLUTE
    C:\\Keil_v5\\ARM\\PACK\\Keil\\STM32F1xx_DFP\\2.3.0\\Device\\StdPeriph_Driver\\src\\stm32f10x_rcc.c 0x00000000   Number         0  stm32f10x_rcc.o ABSOLUTE
    C:\\Keil_v5\\ARM\\PACK\\Keil\\STM32F1xx_DFP\\2.3.0\\Device\\StdPeriph_Driver\\src\\stm32f10x_spi.c 0x00000000   Number         0  stm32f10x_spi.o ABSOLUTE
    C:\\Keil_v5\\ARM\\PACK\\Keil\\STM32F1xx_DFP\\2.3.0\\Device\\StdPeriph_Driver\\src\\stm32f10x_usart.c 0x00000000   Number         0  stm32f10x_usart.o ABSOLUTE
    C:\\Keil_v5\\ARM\\PACK\\Keil\\STM32F1xx_DFP\\2.3.0\\RTE_Driver\\DMA_STM32F10x.c 0x00000000   Number         0  dma_stm32f10x.o ABSOLUTE
    C:\\Keil_v5\\ARM\\PACK\\Keil\\STM32F1xx_DFP\\2.3.0\\RTE_Driver\\GPIO_STM32F10x.c 0x00000000   Number         0  gpio_stm32f10x.o ABSOLUTE
    C:\\Keil_v5\\ARM\\PACK\\Keil\\STM32F1xx_DFP\\2.3.0\\RTE_Driver\\I2C_STM32F10x.c 0x00000000   Number         0  i2c_stm32f10x.o ABSOLUTE
    C:\\Keil_v5\\ARM\\PACK\\Keil\\STM32F1xx_DFP\\2.3.0\\RTE_Driver\\SPI_STM32F10x.c 0x00000000   Number         0  spi_stm32f10x.o ABSOLUTE
    C:\\Keil_v5\\ARM\\PACK\\Keil\\STM32F1xx_DFP\\2.3.0\\RTE_Driver\\USART_STM32F10x.c 0x00000000   Number         0  usart_stm32f10x.o ABSOLUTE
    RTE\Device\STM32F103C8\startup_stm32f10x_md.s 0x00000000   Number         0  startup_stm32f10x_md.o ABSOLUTE
    RTE\Device\STM32F103C8\system_stm32f10x.c 0x00000000   Number         0  system_stm32f10x.o ABSOLUTE
    RTE\\Device\\STM32F103C8\\system_stm32f10x.c 0x00000000   Number         0  system_stm32f10x.o ABSOLUTE
    dc.s                                     0x00000000   Number         0  dc.o ABSOLUTE
    main.c                                   0x00000000   Number         0  main.o ABSOLUTE
    main.c                                   0x00000000   Number         0  main.o ABSOLUTE
    RESET                                    0x08000000   Section      236  startup_stm32f10x_md.o(RESET)
    !!!main                                  0x080000ec   Section        8  __main.o(!!!main)
    !!!scatter                               0x080000f4   Section       52  __scatter.o(!!!scatter)
    !!handler_copy                           0x08000128   Section       26  __scatter_copy.o(!!handler_copy)
    !!handler_zi                             0x08000144   Section       28  __scatter_zi.o(!!handler_zi)
    .ARM.Collect$$libinit$$00000000          0x08000160   Section        2  libinit.o(.ARM.Collect$$libinit$$00000000)
    .ARM.Collect$$libinit$$00000002          0x08000162   Section        0  libinit2.o(.ARM.Collect$$libinit$$00000002)
    .ARM.Collect$$libinit$$00000004          0x08000162   Section        0  libinit2.o(.ARM.Collect$$libinit$$00000004)
    .ARM.Collect$$libinit$$0000000A          0x08000162   Section        0  libinit2.o(.ARM.Collect$$libinit$$0000000A)
    .ARM.Collect$$libinit$$0000000C          0x08000162   Section        0  libinit2.o(.ARM.Collect$$libinit$$0000000C)
    .ARM.Collect$$libinit$$0000000E          0x08000162   Section        0  libinit2.o(.ARM.Collect$$libinit$$0000000E)
    .ARM.Collect$$libinit$$00000011          0x08000162   Section        0  libinit2.o(.ARM.Collect$$libinit$$00000011)
    .ARM.Collect$$libinit$$00000013          0x08000162   Section        0  libinit2.o(.ARM.Collect$$libinit$$00000013)
    .ARM.Collect$$libinit$$00000015          0x08000162   Section        0  libinit2.o(.ARM.Collect$$libinit$$00000015)
    .ARM.Collect$$libinit$$00000017          0x08000162   Section        0  libinit2.o(.ARM.Collect$$libinit$$00000017)
    .ARM.Collect$$libinit$$00000019          0x08000162   Section        0  libinit2.o(.ARM.Collect$$libinit$$00000019)
    .ARM.Collect$$libinit$$0000001B          0x08000162   Section        0  libinit2.o(.ARM.Collect$$libinit$$0000001B)
    .ARM.Collect$$libinit$$0000001D          0x08000162   Section        0  libinit2.o(.ARM.Collect$$libinit$$0000001D)
    .ARM.Collect$$libinit$$0000001F          0x08000162   Section        0  libinit2.o(.ARM.Collect$$libinit$$0000001F)
    .ARM.Collect$$libinit$$00000021          0x08000162   Section        0  libinit2.o(.ARM.Collect$$libinit$$00000021)
    .ARM.Collect$$libinit$$00000023          0x08000162   Section        0  libinit2.o(.ARM.Collect$$libinit$$00000023)
    .ARM.Collect$$libinit$$00000025          0x08000162   Section        0  libinit2.o(.ARM.Collect$$libinit$$00000025)
    .ARM.Collect$$libinit$$0000002C          0x08000162   Section        0  libinit2.o(.ARM.Collect$$libinit$$0000002C)
    .ARM.Collect$$libinit$$0000002E          0x08000162   Section        0  libinit2.o(.ARM.Collect$$libinit$$0000002E)
    .ARM.Collect$$libinit$$00000030          0x08000162   Section        0  libinit2.o(.ARM.Collect$$libinit$$00000030)
    .ARM.Collect$$libinit$$00000032          0x08000162   Section        0  libinit2.o(.ARM.Collect$$libinit$$00000032)
    .ARM.Collect$$libinit$$00000033          0x08000162   Section        2  libinit2.o(.ARM.Collect$$libinit$$00000033)
    .ARM.Collect$$libshutdown$$00000000      0x08000164   Section        2  libshutdown.o(.ARM.Collect$$libshutdown$$00000000)
    .ARM.Collect$$libshutdown$$00000002      0x08000166   Section        0  libshutdown2.o(.ARM.Collect$$libshutdown$$00000002)
    .ARM.Collect$$libshutdown$$00000004      0x08000166   Section        0  libshutdown2.o(.ARM.Collect$$libshutdown$$00000004)
    .ARM.Collect$$libshutdown$$00000007      0x08000166   Section        0  libshutdown2.o(.ARM.Collect$$libshutdown$$00000007)
    .ARM.Collect$$libshutdown$$0000000A      0x08000166   Section        0  libshutdown2.o(.ARM.Collect$$libshutdown$$0000000A)
    .ARM.Collect$$libshutdown$$0000000C      0x08000166   Section        0  libshutdown2.o(.ARM.Collect$$libshutdown$$0000000C)
    .ARM.Collect$$libshutdown$$0000000F      0x08000166   Section        0  libshutdown2.o(.ARM.Collect$$libshutdown$$0000000F)
    .ARM.Collect$$libshutdown$$00000010      0x08000166   Section        2  libshutdown2.o(.ARM.Collect$$libshutdown$$00000010)
    .ARM.Collect$$rtentry$$00000000          0x08000168   Section        0  __rtentry.o(.ARM.Collect$$rtentry$$00000000)
    .ARM.Collect$$rtentry$$00000002          0x08000168   Section        0  __rtentry2.o(.ARM.Collect$$rtentry$$00000002)
    .ARM.Collect$$rtentry$$00000004          0x08000168   Section        6  __rtentry4.o(.ARM.Collect$$rtentry$$00000004)
    .ARM.Collect$$rtentry$$00000009          0x0800016e   Section        0  __rtentry2.o(.ARM.Collect$$rtentry$$00000009)
    .ARM.Collect$$rtentry$$0000000A          0x0800016e   Section        4  __rtentry2.o(.ARM.Collect$$rtentry$$0000000A)
    .ARM.Collect$$rtentry$$0000000C          0x08000172   Section        0  __rtentry2.o(.ARM.Collect$$rtentry$$0000000C)
    .ARM.Collect$$rtentry$$0000000D          0x08000172   Section        8  __rtentry2.o(.ARM.Collect$$rtentry$$0000000D)
    .ARM.Collect$$rtexit$$00000000           0x0800017a   Section        2  rtexit.o(.ARM.Collect$$rtexit$$00000000)
    .ARM.Collect$$rtexit$$00000002           0x0800017c   Section        0  rtexit2.o(.ARM.Collect$$rtexit$$00000002)
    .ARM.Collect$$rtexit$$00000003           0x0800017c   Section        4  rtexit2.o(.ARM.Collect$$rtexit$$00000003)
    .ARM.Collect$$rtexit$$00000004           0x08000180   Section        6  rtexit2.o(.ARM.Collect$$rtexit$$00000004)
    .text                                    0x08000188   Section       64  startup_stm32f10x_md.o(.text)
    .text                                    0x080001c8   Section       78  rt_memclr_w.o(.text)
    .text                                    0x08000216   Section        0  heapauxi.o(.text)
    .text                                    0x0800021c   Section       74  sys_stackheap_outer.o(.text)
    .text                                    0x08000266   Section        0  exit.o(.text)
    .text                                    0x08000278   Section        8  libspace.o(.text)
    .text                                    0x08000280   Section        0  sys_exit.o(.text)
    .text                                    0x0800028c   Section        2  use_no_semi.o(.text)
    .text                                    0x0800028e   Section        0  indicate_semi.o(.text)
    i.DMA1_Channel1_Event                    0x0800028e   Section        0  dma_stm32f10x.o(i.DMA1_Channel1_Event)
    i.DMA1_Channel1_IRQHandler               0x08000290   Section        0  dma_stm32f10x.o(i.DMA1_Channel1_IRQHandler)
    i.DMA1_Channel2_Event                    0x080002ac   Section        0  dma_stm32f10x.o(i.DMA1_Channel2_Event)
    i.DMA1_Channel2_IRQHandler               0x080002b0   Section        0  dma_stm32f10x.o(i.DMA1_Channel2_IRQHandler)
    i.DMA1_Channel3_Event                    0x080002cc   Section        0  dma_stm32f10x.o(i.DMA1_Channel3_Event)
    i.DMA1_Channel3_IRQHandler               0x080002d0   Section        0  dma_stm32f10x.o(i.DMA1_Channel3_IRQHandler)
    i.DMA1_Channel4_Event                    0x080002ec   Section        0  dma_stm32f10x.o(i.DMA1_Channel4_Event)
    i.DMA1_Channel4_IRQHandler               0x080002f0   Section        0  dma_stm32f10x.o(i.DMA1_Channel4_IRQHandler)
    i.DMA1_Channel5_Event                    0x0800030c   Section        0  dma_stm32f10x.o(i.DMA1_Channel5_Event)
    i.DMA1_Channel5_IRQHandler               0x08000310   Section        0  dma_stm32f10x.o(i.DMA1_Channel5_IRQHandler)
    i.DMA1_Channel6_Event                    0x0800032c   Section        0  dma_stm32f10x.o(i.DMA1_Channel6_Event)
    i.DMA1_Channel6_IRQHandler               0x08000330   Section        0  dma_stm32f10x.o(i.DMA1_Channel6_IRQHandler)
    i.DMA1_Channel7_Event                    0x0800034c   Section        0  dma_stm32f10x.o(i.DMA1_Channel7_Event)
    i.DMA1_Channel7_IRQHandler               0x08000350   Section        0  dma_stm32f10x.o(i.DMA1_Channel7_IRQHandler)
    i.DMA_Cmd                                0x0800036c   Section        0  stm32f10x_dma.o(i.DMA_Cmd)
    i.DMA_DeInit                             0x08000384   Section        0  stm32f10x_dma.o(i.DMA_DeInit)
    i.DMA_GetFlagStatus                      0x080004d0   Section        0  stm32f10x_dma.o(i.DMA_GetFlagStatus)
    i.DMA_Init                               0x080004fc   Section        0  stm32f10x_dma.o(i.DMA_Init)
    i.GPIO_AFConfigure                       0x08000538   Section        0  gpio_stm32f10x.o(i.GPIO_AFConfigure)
    i.GPIO_GetPortClockState                 0x080005d4   Section        0  gpio_stm32f10x.o(i.GPIO_GetPortClockState)
    i.GPIO_Init                              0x0800066c   Section        0  stm32f10x_gpio.o(i.GPIO_Init)
    i.GPIO_PinConfigure                      0x08000782   Section        0  gpio_stm32f10x.o(i.GPIO_PinConfigure)
    i.GPIO_PortClock                         0x080007fc   Section        0  gpio_stm32f10x.o(i.GPIO_PortClock)
    i.GPIO_SetBits                           0x08000938   Section        0  stm32f10x_gpio.o(i.GPIO_SetBits)
    i.I2C1_Control                           0x0800093c   Section        0  i2c_stm32f10x.o(i.I2C1_Control)
    I2C1_Control                             0x0800093d   Thumb Code    18  i2c_stm32f10x.o(i.I2C1_Control)
    i.I2C1_ER_IRQHandler                     0x08000954   Section        0  i2c_stm32f10x.o(i.I2C1_ER_IRQHandler)
    i.I2C1_EV_IRQHandler                     0x08000964   Section        0  i2c_stm32f10x.o(i.I2C1_EV_IRQHandler)
    i.I2C1_GetDataCount                      0x08000974   Section        0  i2c_stm32f10x.o(i.I2C1_GetDataCount)
    I2C1_GetDataCount                        0x08000975   Thumb Code    10  i2c_stm32f10x.o(i.I2C1_GetDataCount)
    i.I2C1_GetStatus                         0x08000984   Section        0  i2c_stm32f10x.o(i.I2C1_GetStatus)
    I2C1_GetStatus                           0x08000985   Thumb Code    12  i2c_stm32f10x.o(i.I2C1_GetStatus)
    i.I2C1_Initialize                        0x08000994   Section        0  i2c_stm32f10x.o(i.I2C1_Initialize)
    I2C1_Initialize                          0x08000995   Thumb Code    14  i2c_stm32f10x.o(i.I2C1_Initialize)
    i.I2C1_MasterReceive                     0x080009a8   Section        0  i2c_stm32f10x.o(i.I2C1_MasterReceive)
    I2C1_MasterReceive                       0x080009a9   Thumb Code    28  i2c_stm32f10x.o(i.I2C1_MasterReceive)
    i.I2C1_MasterTransmit                    0x080009c8   Section        0  i2c_stm32f10x.o(i.I2C1_MasterTransmit)
    I2C1_MasterTransmit                      0x080009c9   Thumb Code    28  i2c_stm32f10x.o(i.I2C1_MasterTransmit)
    i.I2C1_PowerControl                      0x080009e8   Section        0  i2c_stm32f10x.o(i.I2C1_PowerControl)
    I2C1_PowerControl                        0x080009e9   Thumb Code    14  i2c_stm32f10x.o(i.I2C1_PowerControl)
    i.I2C1_SlaveReceive                      0x080009fc   Section        0  i2c_stm32f10x.o(i.I2C1_SlaveReceive)
    I2C1_SlaveReceive                        0x080009fd   Thumb Code    18  i2c_stm32f10x.o(i.I2C1_SlaveReceive)
    i.I2C1_SlaveTransmit                     0x08000a14   Section        0  i2c_stm32f10x.o(i.I2C1_SlaveTransmit)
    I2C1_SlaveTransmit                       0x08000a15   Thumb Code    18  i2c_stm32f10x.o(i.I2C1_SlaveTransmit)
    i.I2C1_Uninitialize                      0x08000a2c   Section        0  i2c_stm32f10x.o(i.I2C1_Uninitialize)
    I2C1_Uninitialize                        0x08000a2d   Thumb Code    10  i2c_stm32f10x.o(i.I2C1_Uninitialize)
    i.I2CX_GetCapabilities                   0x08000a3c   Section        0  i2c_stm32f10x.o(i.I2CX_GetCapabilities)
    I2CX_GetCapabilities                     0x08000a3d   Thumb Code     6  i2c_stm32f10x.o(i.I2CX_GetCapabilities)
    i.I2CX_GetVersion                        0x08000a48   Section        0  i2c_stm32f10x.o(i.I2CX_GetVersion)
    I2CX_GetVersion                          0x08000a49   Thumb Code    10  i2c_stm32f10x.o(i.I2CX_GetVersion)
    i.I2C_Control                            0x08000a58   Section        0  i2c_stm32f10x.o(i.I2C_Control)
    I2C_Control                              0x08000a59   Thumb Code   964  i2c_stm32f10x.o(i.I2C_Control)
    i.I2C_ER_IRQHandler                      0x08000e44   Section        0  i2c_stm32f10x.o(i.I2C_ER_IRQHandler)
    I2C_ER_IRQHandler                        0x08000e45   Thumb Code   290  i2c_stm32f10x.o(i.I2C_ER_IRQHandler)
    i.I2C_EV_IRQHandler                      0x08000f66   Section        0  i2c_stm32f10x.o(i.I2C_EV_IRQHandler)
    I2C_EV_IRQHandler                        0x08000f67   Thumb Code  1420  i2c_stm32f10x.o(i.I2C_EV_IRQHandler)
    i.I2C_GetDataCount                       0x080014f2   Section        0  i2c_stm32f10x.o(i.I2C_GetDataCount)
    I2C_GetDataCount                         0x080014f3   Thumb Code     8  i2c_stm32f10x.o(i.I2C_GetDataCount)
    i.I2C_GetStatus                          0x080014fa   Section        0  i2c_stm32f10x.o(i.I2C_GetStatus)
    I2C_GetStatus                            0x080014fb   Thumb Code     8  i2c_stm32f10x.o(i.I2C_GetStatus)
    i.I2C_Initialize                         0x08001502   Section        0  i2c_stm32f10x.o(i.I2C_Initialize)
    I2C_Initialize                           0x08001503   Thumb Code    88  i2c_stm32f10x.o(i.I2C_Initialize)
    i.I2C_MasterReceive                      0x0800155a   Section        0  i2c_stm32f10x.o(i.I2C_MasterReceive)
    I2C_MasterReceive                        0x0800155b   Thumb Code   226  i2c_stm32f10x.o(i.I2C_MasterReceive)
    i.I2C_MasterTransmit                     0x0800163c   Section        0  i2c_stm32f10x.o(i.I2C_MasterTransmit)
    I2C_MasterTransmit                       0x0800163d   Thumb Code   212  i2c_stm32f10x.o(i.I2C_MasterTransmit)
    i.I2C_PowerControl                       0x08001710   Section        0  i2c_stm32f10x.o(i.I2C_PowerControl)
    I2C_PowerControl                         0x08001711   Thumb Code   342  i2c_stm32f10x.o(i.I2C_PowerControl)
    i.I2C_SlaveReceive                       0x0800186c   Section        0  i2c_stm32f10x.o(i.I2C_SlaveReceive)
    I2C_SlaveReceive                         0x0800186d   Thumb Code   112  i2c_stm32f10x.o(i.I2C_SlaveReceive)
    i.I2C_SlaveTransmit                      0x080018dc   Section        0  i2c_stm32f10x.o(i.I2C_SlaveTransmit)
    I2C_SlaveTransmit                        0x080018dd   Thumb Code   100  i2c_stm32f10x.o(i.I2C_SlaveTransmit)
    i.I2C_Uninitialize                       0x08001940   Section        0  i2c_stm32f10x.o(i.I2C_Uninitialize)
    I2C_Uninitialize                         0x08001941   Thumb Code    42  i2c_stm32f10x.o(i.I2C_Uninitialize)
    i.OW_Init                                0x0800196c   Section        0  onewire.o(i.OW_Init)
    i.OW_Reset                               0x080019e8   Section        0  onewire.o(i.OW_Reset)
    i.OW_Send                                0x08001a70   Section        0  onewire.o(i.OW_Send)
    i.OW_out_set_as_Power_pin                0x08001b9c   Section        0  onewire.o(i.OW_out_set_as_Power_pin)
    i.OW_out_set_as_TX_pin                   0x08001bd4   Section        0  onewire.o(i.OW_out_set_as_TX_pin)
    i.OW_toBits                              0x08001c00   Section        0  onewire.o(i.OW_toBits)
    i.OW_toByte                              0x08001c22   Section        0  onewire.o(i.OW_toByte)
    i.RCC_AHBPeriphClockCmd                  0x08001c44   Section        0  stm32f10x_rcc.o(i.RCC_AHBPeriphClockCmd)
    i.RCC_APB2PeriphClockCmd                 0x08001c64   Section        0  stm32f10x_rcc.o(i.RCC_APB2PeriphClockCmd)
    i.RCC_GetClocksFreq                      0x08001c84   Section        0  stm32f10x_rcc.o(i.RCC_GetClocksFreq)
    i.SPI1_Control                           0x08001d58   Section        0  spi_stm32f10x.o(i.SPI1_Control)
    SPI1_Control                             0x08001d59   Thumb Code    18  spi_stm32f10x.o(i.SPI1_Control)
    i.SPI1_GetDataCount                      0x08001d70   Section        0  spi_stm32f10x.o(i.SPI1_GetDataCount)
    SPI1_GetDataCount                        0x08001d71   Thumb Code    10  spi_stm32f10x.o(i.SPI1_GetDataCount)
    i.SPI1_GetStatus                         0x08001d80   Section        0  spi_stm32f10x.o(i.SPI1_GetStatus)
    SPI1_GetStatus                           0x08001d81   Thumb Code    12  spi_stm32f10x.o(i.SPI1_GetStatus)
    i.SPI1_IRQHandler                        0x08001d90   Section        0  spi_stm32f10x.o(i.SPI1_IRQHandler)
    i.SPI1_Initialize                        0x08001da0   Section        0  spi_stm32f10x.o(i.SPI1_Initialize)
    SPI1_Initialize                          0x08001da1   Thumb Code    14  spi_stm32f10x.o(i.SPI1_Initialize)
    i.SPI1_PowerControl                      0x08001db4   Section        0  spi_stm32f10x.o(i.SPI1_PowerControl)
    SPI1_PowerControl                        0x08001db5   Thumb Code    14  spi_stm32f10x.o(i.SPI1_PowerControl)
    i.SPI1_Receive                           0x08001dc8   Section        0  spi_stm32f10x.o(i.SPI1_Receive)
    SPI1_Receive                             0x08001dc9   Thumb Code    18  spi_stm32f10x.o(i.SPI1_Receive)
    i.SPI1_Send                              0x08001de0   Section        0  spi_stm32f10x.o(i.SPI1_Send)
    SPI1_Send                                0x08001de1   Thumb Code    18  spi_stm32f10x.o(i.SPI1_Send)
    i.SPI1_Transfer                          0x08001df8   Section        0  spi_stm32f10x.o(i.SPI1_Transfer)
    SPI1_Transfer                            0x08001df9   Thumb Code    22  spi_stm32f10x.o(i.SPI1_Transfer)
    i.SPI1_Uninitialize                      0x08001e14   Section        0  spi_stm32f10x.o(i.SPI1_Uninitialize)
    SPI1_Uninitialize                        0x08001e15   Thumb Code    10  spi_stm32f10x.o(i.SPI1_Uninitialize)
    i.SPIX_GetCapabilities                   0x08001e24   Section        0  spi_stm32f10x.o(i.SPIX_GetCapabilities)
    SPIX_GetCapabilities                     0x08001e25   Thumb Code     6  spi_stm32f10x.o(i.SPIX_GetCapabilities)
    i.SPIX_GetVersion                        0x08001e30   Section        0  spi_stm32f10x.o(i.SPIX_GetVersion)
    SPIX_GetVersion                          0x08001e31   Thumb Code    10  spi_stm32f10x.o(i.SPIX_GetVersion)
    i.SPI_Control                            0x08001e40   Section        0  spi_stm32f10x.o(i.SPI_Control)
    SPI_Control                              0x08001e41   Thumb Code  1072  spi_stm32f10x.o(i.SPI_Control)
    i.SPI_GetDataCount                       0x08002270   Section        0  spi_stm32f10x.o(i.SPI_GetDataCount)
    SPI_GetDataCount                         0x08002271   Thumb Code     8  spi_stm32f10x.o(i.SPI_GetDataCount)
    i.SPI_GetStatus                          0x08002278   Section        0  spi_stm32f10x.o(i.SPI_GetStatus)
    SPI_GetStatus                            0x08002279   Thumb Code    90  spi_stm32f10x.o(i.SPI_GetStatus)
    i.SPI_IRQHandler                         0x080022d2   Section        0  spi_stm32f10x.o(i.SPI_IRQHandler)
    i.SPI_Initialize                         0x080024da   Section        0  spi_stm32f10x.o(i.SPI_Initialize)
    SPI_Initialize                           0x080024db   Thumb Code   158  spi_stm32f10x.o(i.SPI_Initialize)
    i.SPI_PeripheralReset                    0x08002578   Section        0  spi_stm32f10x.o(i.SPI_PeripheralReset)
    SPI_PeripheralReset                      0x08002579   Thumb Code    82  spi_stm32f10x.o(i.SPI_PeripheralReset)
    i.SPI_PowerControl                       0x080025d8   Section        0  spi_stm32f10x.o(i.SPI_PowerControl)
    SPI_PowerControl                         0x080025d9   Thumb Code   340  spi_stm32f10x.o(i.SPI_PowerControl)
    i.SPI_Receive                            0x08002740   Section        0  spi_stm32f10x.o(i.SPI_Receive)
    SPI_Receive                              0x08002741   Thumb Code   148  spi_stm32f10x.o(i.SPI_Receive)
    i.SPI_Send                               0x080027d4   Section        0  spi_stm32f10x.o(i.SPI_Send)
    SPI_Send                                 0x080027d5   Thumb Code   148  spi_stm32f10x.o(i.SPI_Send)
    i.SPI_Transfer                           0x08002868   Section        0  spi_stm32f10x.o(i.SPI_Transfer)
    SPI_Transfer                             0x08002869   Thumb Code   112  spi_stm32f10x.o(i.SPI_Transfer)
    i.SPI_Uninitialize                       0x080028d8   Section        0  spi_stm32f10x.o(i.SPI_Uninitialize)
    SPI_Uninitialize                         0x080028d9   Thumb Code    78  spi_stm32f10x.o(i.SPI_Uninitialize)
    i.SetSysClock                            0x08002926   Section        0  system_stm32f10x.o(i.SetSysClock)
    SetSysClock                              0x08002927   Thumb Code     8  system_stm32f10x.o(i.SetSysClock)
    i.SetSysClockTo72                        0x08002930   Section        0  system_stm32f10x.o(i.SetSysClockTo72)
    SetSysClockTo72                          0x08002931   Thumb Code   214  system_stm32f10x.o(i.SetSysClockTo72)
    i.SystemCoreClockUpdate                  0x08002a10   Section        0  system_stm32f10x.o(i.SystemCoreClockUpdate)
    i.SystemInit                             0x08002ab4   Section        0  system_stm32f10x.o(i.SystemInit)
    i.USART1_Control                         0x08002b14   Section        0  usart_stm32f10x.o(i.USART1_Control)
    USART1_Control                           0x08002b15   Thumb Code    18  usart_stm32f10x.o(i.USART1_Control)
    i.USART1_GetCapabilities                 0x08002b2c   Section        0  usart_stm32f10x.o(i.USART1_GetCapabilities)
    USART1_GetCapabilities                   0x08002b2d   Thumb Code    12  usart_stm32f10x.o(i.USART1_GetCapabilities)
    i.USART1_GetModemStatus                  0x08002b3c   Section        0  usart_stm32f10x.o(i.USART1_GetModemStatus)
    USART1_GetModemStatus                    0x08002b3d   Thumb Code    12  usart_stm32f10x.o(i.USART1_GetModemStatus)
    i.USART1_GetRxCount                      0x08002b4c   Section        0  usart_stm32f10x.o(i.USART1_GetRxCount)
    USART1_GetRxCount                        0x08002b4d   Thumb Code    10  usart_stm32f10x.o(i.USART1_GetRxCount)
    i.USART1_GetStatus                       0x08002b5c   Section        0  usart_stm32f10x.o(i.USART1_GetStatus)
    USART1_GetStatus                         0x08002b5d   Thumb Code    12  usart_stm32f10x.o(i.USART1_GetStatus)
    i.USART1_GetTxCount                      0x08002b6c   Section        0  usart_stm32f10x.o(i.USART1_GetTxCount)
    USART1_GetTxCount                        0x08002b6d   Thumb Code    10  usart_stm32f10x.o(i.USART1_GetTxCount)
    i.USART1_IRQHandler                      0x08002b7c   Section        0  usart_stm32f10x.o(i.USART1_IRQHandler)
    i.USART1_Initialize                      0x08002b8c   Section        0  usart_stm32f10x.o(i.USART1_Initialize)
    USART1_Initialize                        0x08002b8d   Thumb Code    14  usart_stm32f10x.o(i.USART1_Initialize)
    i.USART1_PowerControl                    0x08002ba0   Section        0  usart_stm32f10x.o(i.USART1_PowerControl)
    USART1_PowerControl                      0x08002ba1   Thumb Code    14  usart_stm32f10x.o(i.USART1_PowerControl)
    i.USART1_Receive                         0x08002bb4   Section        0  usart_stm32f10x.o(i.USART1_Receive)
    USART1_Receive                           0x08002bb5   Thumb Code    18  usart_stm32f10x.o(i.USART1_Receive)
    i.USART1_Send                            0x08002bcc   Section        0  usart_stm32f10x.o(i.USART1_Send)
    USART1_Send                              0x08002bcd   Thumb Code    18  usart_stm32f10x.o(i.USART1_Send)
    i.USART1_SetModemControl                 0x08002be4   Section        0  usart_stm32f10x.o(i.USART1_SetModemControl)
    USART1_SetModemControl                   0x08002be5   Thumb Code    14  usart_stm32f10x.o(i.USART1_SetModemControl)
    i.USART1_Transfer                        0x08002bf8   Section        0  usart_stm32f10x.o(i.USART1_Transfer)
    USART1_Transfer                          0x08002bf9   Thumb Code    22  usart_stm32f10x.o(i.USART1_Transfer)
    i.USART1_Uninitialize                    0x08002c14   Section        0  usart_stm32f10x.o(i.USART1_Uninitialize)
    USART1_Uninitialize                      0x08002c15   Thumb Code    10  usart_stm32f10x.o(i.USART1_Uninitialize)
    i.USART_ClearFlag                        0x08002c24   Section        0  stm32f10x_usart.o(i.USART_ClearFlag)
    i.USART_Cmd                              0x08002c36   Section        0  stm32f10x_usart.o(i.USART_Cmd)
    i.USART_Control                          0x08002c50   Section        0  usart_stm32f10x.o(i.USART_Control)
    USART_Control                            0x08002c51   Thumb Code  2080  usart_stm32f10x.o(i.USART_Control)
    i.USART_DMACmd                           0x08003470   Section        0  stm32f10x_usart.o(i.USART_DMACmd)
    i.USART_GetCapabilities                  0x08003482   Section        0  usart_stm32f10x.o(i.USART_GetCapabilities)
    USART_GetCapabilities                    0x08003483   Thumb Code     6  usart_stm32f10x.o(i.USART_GetCapabilities)
    i.USART_GetFlagStatus                    0x08003488   Section        0  stm32f10x_usart.o(i.USART_GetFlagStatus)
    i.USART_GetModemStatus                   0x080034a2   Section        0  usart_stm32f10x.o(i.USART_GetModemStatus)
    USART_GetModemStatus                     0x080034a3   Thumb Code   144  usart_stm32f10x.o(i.USART_GetModemStatus)
    i.USART_GetRxCount                       0x08003532   Section        0  usart_stm32f10x.o(i.USART_GetRxCount)
    USART_GetRxCount                         0x08003533   Thumb Code     8  usart_stm32f10x.o(i.USART_GetRxCount)
    i.USART_GetStatus                        0x0800353a   Section        0  usart_stm32f10x.o(i.USART_GetStatus)
    USART_GetStatus                          0x0800353b   Thumb Code   212  usart_stm32f10x.o(i.USART_GetStatus)
    i.USART_GetTxCount                       0x0800360e   Section        0  usart_stm32f10x.o(i.USART_GetTxCount)
    USART_GetTxCount                         0x0800360f   Thumb Code     8  usart_stm32f10x.o(i.USART_GetTxCount)
    i.USART_HalfDuplexCmd                    0x08003616   Section        0  stm32f10x_usart.o(i.USART_HalfDuplexCmd)
    i.USART_IRQHandler                       0x0800362e   Section        0  usart_stm32f10x.o(i.USART_IRQHandler)
    i.USART_Init                             0x080038a0   Section        0  stm32f10x_usart.o(i.USART_Init)
    i.USART_Initialize                       0x08003978   Section        0  usart_stm32f10x.o(i.USART_Initialize)
    USART_Initialize                         0x08003979   Thumb Code   162  usart_stm32f10x.o(i.USART_Initialize)
    i.USART_PeripheralReset                  0x08003a1c   Section        0  usart_stm32f10x.o(i.USART_PeripheralReset)
    USART_PeripheralReset                    0x08003a1d   Thumb Code   118  usart_stm32f10x.o(i.USART_PeripheralReset)
    i.USART_PowerControl                     0x08003aa4   Section        0  usart_stm32f10x.o(i.USART_PowerControl)
    USART_PowerControl                       0x08003aa5   Thumb Code   440  usart_stm32f10x.o(i.USART_PowerControl)
    i.USART_Receive                          0x08003c74   Section        0  usart_stm32f10x.o(i.USART_Receive)
    USART_Receive                            0x08003c75   Thumb Code   162  usart_stm32f10x.o(i.USART_Receive)
    i.USART_ReceiveData                      0x08003d16   Section        0  stm32f10x_usart.o(i.USART_ReceiveData)
    i.USART_Send                             0x08003d20   Section        0  usart_stm32f10x.o(i.USART_Send)
    USART_Send                               0x08003d21   Thumb Code   136  usart_stm32f10x.o(i.USART_Send)
    i.USART_SendData                         0x08003da8   Section        0  stm32f10x_usart.o(i.USART_SendData)
    i.USART_SetModemControl                  0x08003db0   Section        0  usart_stm32f10x.o(i.USART_SetModemControl)
    USART_SetModemControl                    0x08003db1   Thumb Code   156  usart_stm32f10x.o(i.USART_SetModemControl)
    i.USART_Transfer                         0x08003e4c   Section        0  usart_stm32f10x.o(i.USART_Transfer)
    USART_Transfer                           0x08003e4d   Thumb Code   106  usart_stm32f10x.o(i.USART_Transfer)
    i.USART_Uninitialize                     0x08003eb6   Section        0  usart_stm32f10x.o(i.USART_Uninitialize)
    USART_Uninitialize                       0x08003eb7   Thumb Code   108  usart_stm32f10x.o(i.USART_Uninitialize)
    i.USARTx_GetVersion                      0x08003f24   Section        0  usart_stm32f10x.o(i.USARTx_GetVersion)
    USARTx_GetVersion                        0x08003f25   Thumb Code    10  usart_stm32f10x.o(i.USARTx_GetVersion)
    i.__NVIC_ClearPendingIRQ                 0x08003f34   Section        0  i2c_stm32f10x.o(i.__NVIC_ClearPendingIRQ)
    __NVIC_ClearPendingIRQ                   0x08003f35   Thumb Code    22  i2c_stm32f10x.o(i.__NVIC_ClearPendingIRQ)
    i.__NVIC_DisableIRQ                      0x08003f50   Section        0  i2c_stm32f10x.o(i.__NVIC_DisableIRQ)
    __NVIC_DisableIRQ                        0x08003f51   Thumb Code    54  i2c_stm32f10x.o(i.__NVIC_DisableIRQ)
    i.__NVIC_EnableIRQ                       0x08003f8c   Section        0  i2c_stm32f10x.o(i.__NVIC_EnableIRQ)
    __NVIC_EnableIRQ                         0x08003f8d   Thumb Code    26  i2c_stm32f10x.o(i.__NVIC_EnableIRQ)
    i.main                                   0x08003fa8   Section        0  main.o(i.main)
    .constdata                               0x08004000   Section       96  i2c_stm32f10x.o(.constdata)
    DriverVersion                            0x08004000   Data           4  i2c_stm32f10x.o(.constdata)
    DriverCapabilities                       0x08004004   Data           4  i2c_stm32f10x.o(.constdata)
    I2C1_Resources                           0x08004008   Data          40  i2c_stm32f10x.o(.constdata)
    .constdata                               0x08004060   Section      116  spi_stm32f10x.o(.constdata)
    DriverVersion                            0x08004060   Data           4  spi_stm32f10x.o(.constdata)
    DriverCapabilities                       0x08004064   Data           4  spi_stm32f10x.o(.constdata)
    SPI1_nss                                 0x08004068   Data           8  spi_stm32f10x.o(.constdata)
    SPI1_sck                                 0x08004070   Data           8  spi_stm32f10x.o(.constdata)
    SPI1_Resources                           0x08004078   Data          48  spi_stm32f10x.o(.constdata)
    .constdata                               0x080040d4   Section      124  usart_stm32f10x.o(.constdata)
    usart_driver_version                     0x080040d4   Data           4  usart_stm32f10x.o(.constdata)
    USART1_tx                                0x080040d8   Data           8  usart_stm32f10x.o(.constdata)
    USART1_Resources                         0x080040e0   Data          56  usart_stm32f10x.o(.constdata)
    .data                                    0x20000000   Section        8  onewire.o(.data)
    .data                                    0x20000008   Section       20  system_stm32f10x.o(.data)
    .data                                    0x2000001c   Section       20  stm32f10x_rcc.o(.data)
    APBAHBPrescTable                         0x2000001c   Data          16  stm32f10x_rcc.o(.data)
    ADCPrescTable                            0x2000002c   Data           4  stm32f10x_rcc.o(.data)
    .bss                                     0x20000030   Section       28  i2c_stm32f10x.o(.bss)
    I2C1_Info                                0x20000030   Data          28  i2c_stm32f10x.o(.bss)
    .bss                                     0x2000004c   Section       40  spi_stm32f10x.o(.bss)
    SPI1_Info                                0x2000004c   Data          12  spi_stm32f10x.o(.bss)
    SPI1_TransferInfo                        0x20000058   Data          28  spi_stm32f10x.o(.bss)
    .bss                                     0x20000074   Section       56  usart_stm32f10x.o(.bss)
    USART1_Info                              0x20000074   Data          20  usart_stm32f10x.o(.bss)
    USART1_TransferInfo                      0x20000088   Data          36  usart_stm32f10x.o(.bss)
    .bss                                     0x200000ac   Section       96  libspace.o(.bss)
    HEAP                                     0x20000110   Section      512  startup_stm32f10x_md.o(HEAP)
    Heap_Mem                                 0x20000110   Data         512  startup_stm32f10x_md.o(HEAP)
    STACK                                    0x20000310   Section     1024  startup_stm32f10x_md.o(STACK)
    Stack_Mem                                0x20000310   Data        1024  startup_stm32f10x_md.o(STACK)
    __initial_sp                             0x20000710   Data           0  startup_stm32f10x_md.o(STACK)

    Global Symbols

    Symbol Name                              Value     Ov Type        Size  Object(Section)

    BuildAttributes$$THM_ISAv4$P$D$K$B$S$PE$A:L22UL41UL21$X:L11$S22US41US21$IEEE1$IW$USESV6$~STKCKD$USESV7$~SHL$OSPACE$ROPI$EBA8$UX$STANDARDLIB$REQ8$PRES8$EABIv2 0x00000000   Number         0  anon$$obj.o ABSOLUTE
    __ARM_use_no_argv                        0x00000000   Number         0  main.o ABSOLUTE
    __ARM_exceptions_init                     - Undefined Weak Reference
    __alloca_initialize                       - Undefined Weak Reference
    __arm_preinit_                            - Undefined Weak Reference
    __cpp_initialize__aeabi_                  - Undefined Weak Reference
    __cxa_finalize                            - Undefined Weak Reference
    __rt_locale                               - Undefined Weak Reference
    __sigvec_lookup                           - Undefined Weak Reference
    _atexit_init                              - Undefined Weak Reference
    _call_atexit_fns                          - Undefined Weak Reference
    _clock_init                               - Undefined Weak Reference
    _fp_trap_init                             - Undefined Weak Reference
    _fp_trap_shutdown                         - Undefined Weak Reference
    _get_lc_collate                           - Undefined Weak Reference
    _get_lc_ctype                             - Undefined Weak Reference
    _get_lc_monetary                          - Undefined Weak Reference
    _get_lc_numeric                           - Undefined Weak Reference
    _get_lc_time                              - Undefined Weak Reference
    _getenv_init                              - Undefined Weak Reference
    _handle_redirection                       - Undefined Weak Reference
    _init_alloc                               - Undefined Weak Reference
    _init_user_alloc                          - Undefined Weak Reference
    _initio                                   - Undefined Weak Reference
    _rand_init                                - Undefined Weak Reference
    _signal_finish                            - Undefined Weak Reference
    _signal_init                              - Undefined Weak Reference
    _terminate_alloc                          - Undefined Weak Reference
    _terminate_user_alloc                     - Undefined Weak Reference
    _terminateio                              - Undefined Weak Reference
    __Vectors_Size                           0x000000ec   Number         0  startup_stm32f10x_md.o ABSOLUTE
    __Vectors                                0x08000000   Data           4  startup_stm32f10x_md.o(RESET)
    __Vectors_End                            0x080000ec   Data           0  startup_stm32f10x_md.o(RESET)
    __main                                   0x080000ed   Thumb Code     8  __main.o(!!!main)
    __scatterload                            0x080000f5   Thumb Code     0  __scatter.o(!!!scatter)
    __scatterload_rt2                        0x080000f5   Thumb Code    44  __scatter.o(!!!scatter)
    __scatterload_rt2_thumb_only             0x080000f5   Thumb Code     0  __scatter.o(!!!scatter)
    __scatterload_null                       0x08000103   Thumb Code     0  __scatter.o(!!!scatter)
    __scatterload_copy                       0x08000129   Thumb Code    26  __scatter_copy.o(!!handler_copy)
    __scatterload_zeroinit                   0x08000145   Thumb Code    28  __scatter_zi.o(!!handler_zi)
    __rt_lib_init                            0x08000161   Thumb Code     0  libinit.o(.ARM.Collect$$libinit$$00000000)
    __rt_lib_init_alloca_1                   0x08000163   Thumb Code     0  libinit2.o(.ARM.Collect$$libinit$$0000002E)
    __rt_lib_init_argv_1                     0x08000163   Thumb Code     0  libinit2.o(.ARM.Collect$$libinit$$0000002C)
    __rt_lib_init_atexit_1                   0x08000163   Thumb Code     0  libinit2.o(.ARM.Collect$$libinit$$0000001B)
    __rt_lib_init_clock_1                    0x08000163   Thumb Code     0  libinit2.o(.ARM.Collect$$libinit$$00000021)
    __rt_lib_init_cpp_1                      0x08000163   Thumb Code     0  libinit2.o(.ARM.Collect$$libinit$$00000032)
    __rt_lib_init_exceptions_1               0x08000163   Thumb Code     0  libinit2.o(.ARM.Collect$$libinit$$00000030)
    __rt_lib_init_fp_1                       0x08000163   Thumb Code     0  libinit2.o(.ARM.Collect$$libinit$$00000002)
    __rt_lib_init_fp_trap_1                  0x08000163   Thumb Code     0  libinit2.o(.ARM.Collect$$libinit$$0000001F)
    __rt_lib_init_getenv_1                   0x08000163   Thumb Code     0  libinit2.o(.ARM.Collect$$libinit$$00000023)
    __rt_lib_init_heap_1                     0x08000163   Thumb Code     0  libinit2.o(.ARM.Collect$$libinit$$0000000A)
    __rt_lib_init_lc_collate_1               0x08000163   Thumb Code     0  libinit2.o(.ARM.Collect$$libinit$$00000011)
    __rt_lib_init_lc_ctype_1                 0x08000163   Thumb Code     0  libinit2.o(.ARM.Collect$$libinit$$00000013)
    __rt_lib_init_lc_monetary_1              0x08000163   Thumb Code     0  libinit2.o(.ARM.Collect$$libinit$$00000015)
    __rt_lib_init_lc_numeric_1               0x08000163   Thumb Code     0  libinit2.o(.ARM.Collect$$libinit$$00000017)
    __rt_lib_init_lc_time_1                  0x08000163   Thumb Code     0  libinit2.o(.ARM.Collect$$libinit$$00000019)
    __rt_lib_init_preinit_1                  0x08000163   Thumb Code     0  libinit2.o(.ARM.Collect$$libinit$$00000004)
    __rt_lib_init_rand_1                     0x08000163   Thumb Code     0  libinit2.o(.ARM.Collect$$libinit$$0000000E)
    __rt_lib_init_return                     0x08000163   Thumb Code     0  libinit2.o(.ARM.Collect$$libinit$$00000033)
    __rt_lib_init_signal_1                   0x08000163   Thumb Code     0  libinit2.o(.ARM.Collect$$libinit$$0000001D)
    __rt_lib_init_stdio_1                    0x08000163   Thumb Code     0  libinit2.o(.ARM.Collect$$libinit$$00000025)
    __rt_lib_init_user_alloc_1               0x08000163   Thumb Code     0  libinit2.o(.ARM.Collect$$libinit$$0000000C)
    __rt_lib_shutdown                        0x08000165   Thumb Code     0  libshutdown.o(.ARM.Collect$$libshutdown$$00000000)
    __rt_lib_shutdown_cpp_1                  0x08000167   Thumb Code     0  libshutdown2.o(.ARM.Collect$$libshutdown$$00000002)
    __rt_lib_shutdown_fp_trap_1              0x08000167   Thumb Code     0  libshutdown2.o(.ARM.Collect$$libshutdown$$00000007)
    __rt_lib_shutdown_heap_1                 0x08000167   Thumb Code     0  libshutdown2.o(.ARM.Collect$$libshutdown$$0000000F)
    __rt_lib_shutdown_return                 0x08000167   Thumb Code     0  libshutdown2.o(.ARM.Collect$$libshutdown$$00000010)
    __rt_lib_shutdown_signal_1               0x08000167   Thumb Code     0  libshutdown2.o(.ARM.Collect$$libshutdown$$0000000A)
    __rt_lib_shutdown_stdio_1                0x08000167   Thumb Code     0  libshutdown2.o(.ARM.Collect$$libshutdown$$00000004)
    __rt_lib_shutdown_user_alloc_1           0x08000167   Thumb Code     0  libshutdown2.o(.ARM.Collect$$libshutdown$$0000000C)
    __rt_entry                               0x08000169   Thumb Code     0  __rtentry.o(.ARM.Collect$$rtentry$$00000000)
    __rt_entry_presh_1                       0x08000169   Thumb Code     0  __rtentry2.o(.ARM.Collect$$rtentry$$00000002)
    __rt_entry_sh                            0x08000169   Thumb Code     0  __rtentry4.o(.ARM.Collect$$rtentry$$00000004)
    __rt_entry_li                            0x0800016f   Thumb Code     0  __rtentry2.o(.ARM.Collect$$rtentry$$0000000A)
    __rt_entry_postsh_1                      0x0800016f   Thumb Code     0  __rtentry2.o(.ARM.Collect$$rtentry$$00000009)
    __rt_entry_main                          0x08000173   Thumb Code     0  __rtentry2.o(.ARM.Collect$$rtentry$$0000000D)
    __rt_entry_postli_1                      0x08000173   Thumb Code     0  __rtentry2.o(.ARM.Collect$$rtentry$$0000000C)
    __rt_exit                                0x0800017b   Thumb Code     0  rtexit.o(.ARM.Collect$$rtexit$$00000000)
    __rt_exit_ls                             0x0800017d   Thumb Code     0  rtexit2.o(.ARM.Collect$$rtexit$$00000003)
    __rt_exit_prels_1                        0x0800017d   Thumb Code     0  rtexit2.o(.ARM.Collect$$rtexit$$00000002)
    __rt_exit_exit                           0x08000181   Thumb Code     0  rtexit2.o(.ARM.Collect$$rtexit$$00000004)
    Reset_Handler                            0x08000189   Thumb Code     8  startup_stm32f10x_md.o(.text)
    NMI_Handler                              0x08000191   Thumb Code     2  startup_stm32f10x_md.o(.text)
    HardFault_Handler                        0x08000193   Thumb Code     2  startup_stm32f10x_md.o(.text)
    MemManage_Handler                        0x08000195   Thumb Code     2  startup_stm32f10x_md.o(.text)
    BusFault_Handler                         0x08000197   Thumb Code     2  startup_stm32f10x_md.o(.text)
    UsageFault_Handler                       0x08000199   Thumb Code     2  startup_stm32f10x_md.o(.text)
    SVC_Handler                              0x0800019b   Thumb Code     2  startup_stm32f10x_md.o(.text)
    DebugMon_Handler                         0x0800019d   Thumb Code     2  startup_stm32f10x_md.o(.text)
    PendSV_Handler                           0x0800019f   Thumb Code     2  startup_stm32f10x_md.o(.text)
    SysTick_Handler                          0x080001a1   Thumb Code     2  startup_stm32f10x_md.o(.text)
    ADC1_2_IRQHandler                        0x080001a3   Thumb Code     0  startup_stm32f10x_md.o(.text)
    CAN1_RX1_IRQHandler                      0x080001a3   Thumb Code     0  startup_stm32f10x_md.o(.text)
    CAN1_SCE_IRQHandler                      0x080001a3   Thumb Code     0  startup_stm32f10x_md.o(.text)
    EXTI0_IRQHandler                         0x080001a3   Thumb Code     0  startup_stm32f10x_md.o(.text)
    EXTI15_10_IRQHandler                     0x080001a3   Thumb Code     0  startup_stm32f10x_md.o(.text)
    EXTI1_IRQHandler                         0x080001a3   Thumb Code     0  startup_stm32f10x_md.o(.text)
    EXTI2_IRQHandler                         0x080001a3   Thumb Code     0  startup_stm32f10x_md.o(.text)
    EXTI3_IRQHandler                         0x080001a3   Thumb Code     0  startup_stm32f10x_md.o(.text)
    EXTI4_IRQHandler                         0x080001a3   Thumb Code     0  startup_stm32f10x_md.o(.text)
    EXTI9_5_IRQHandler                       0x080001a3   Thumb Code     0  startup_stm32f10x_md.o(.text)
    FLASH_IRQHandler                         0x080001a3   Thumb Code     0  startup_stm32f10x_md.o(.text)
    I2C2_ER_IRQHandler                       0x080001a3   Thumb Code     0  startup_stm32f10x_md.o(.text)
    I2C2_EV_IRQHandler                       0x080001a3   Thumb Code     0  startup_stm32f10x_md.o(.text)
    PVD_IRQHandler                           0x080001a3   Thumb Code     0  startup_stm32f10x_md.o(.text)
    RCC_IRQHandler                           0x080001a3   Thumb Code     0  startup_stm32f10x_md.o(.text)
    RTCAlarm_IRQHandler                      0x080001a3   Thumb Code     0  startup_stm32f10x_md.o(.text)
    RTC_IRQHandler                           0x080001a3   Thumb Code     0  startup_stm32f10x_md.o(.text)
    SPI2_IRQHandler                          0x080001a3   Thumb Code     0  startup_stm32f10x_md.o(.text)
    TAMPER_IRQHandler                        0x080001a3   Thumb Code     0  startup_stm32f10x_md.o(.text)
    TIM1_BRK_IRQHandler                      0x080001a3   Thumb Code     0  startup_stm32f10x_md.o(.text)
    TIM1_CC_IRQHandler                       0x080001a3   Thumb Code     0  startup_stm32f10x_md.o(.text)
    TIM1_TRG_COM_IRQHandler                  0x080001a3   Thumb Code     0  startup_stm32f10x_md.o(.text)
    TIM1_UP_IRQHandler                       0x080001a3   Thumb Code     0  startup_stm32f10x_md.o(.text)
    TIM2_IRQHandler                          0x080001a3   Thumb Code     0  startup_stm32f10x_md.o(.text)
    TIM3_IRQHandler                          0x080001a3   Thumb Code     0  startup_stm32f10x_md.o(.text)
    TIM4_IRQHandler                          0x080001a3   Thumb Code     0  startup_stm32f10x_md.o(.text)
    USART2_IRQHandler                        0x080001a3   Thumb Code     0  startup_stm32f10x_md.o(.text)
    USART3_IRQHandler                        0x080001a3   Thumb Code     0  startup_stm32f10x_md.o(.text)
    USBWakeUp_IRQHandler                     0x080001a3   Thumb Code     0  startup_stm32f10x_md.o(.text)
    USB_HP_CAN1_TX_IRQHandler                0x080001a3   Thumb Code     0  startup_stm32f10x_md.o(.text)
    USB_LP_CAN1_RX0_IRQHandler               0x080001a3   Thumb Code     0  startup_stm32f10x_md.o(.text)
    WWDG_IRQHandler                          0x080001a3   Thumb Code     0  startup_stm32f10x_md.o(.text)
    __user_initial_stackheap                 0x080001a5   Thumb Code     0  startup_stm32f10x_md.o(.text)
    __aeabi_memclr4                          0x080001c9   Thumb Code     0  rt_memclr_w.o(.text)
    __aeabi_memclr8                          0x080001c9   Thumb Code     0  rt_memclr_w.o(.text)
    __rt_memclr_w                            0x080001c9   Thumb Code    78  rt_memclr_w.o(.text)
    _memset_w                                0x080001cd   Thumb Code     0  rt_memclr_w.o(.text)
    __use_two_region_memory                  0x08000217   Thumb Code     2  heapauxi.o(.text)
    __rt_heap_escrow$2region                 0x08000219   Thumb Code     2  heapauxi.o(.text)
    __rt_heap_expand$2region                 0x0800021b   Thumb Code     2  heapauxi.o(.text)
    __user_setup_stackheap                   0x0800021d   Thumb Code    74  sys_stackheap_outer.o(.text)
    exit                                     0x08000267   Thumb Code    18  exit.o(.text)
    __user_libspace                          0x08000279   Thumb Code     8  libspace.o(.text)
    __user_perproc_libspace                  0x08000279   Thumb Code     0  libspace.o(.text)
    __user_perthread_libspace                0x08000279   Thumb Code     0  libspace.o(.text)
    _sys_exit                                0x08000281   Thumb Code     8  sys_exit.o(.text)
    __I$use$semihosting                      0x0800028d   Thumb Code     0  use_no_semi.o(.text)
    __use_no_semihosting_swi                 0x0800028d   Thumb Code     2  use_no_semi.o(.text)
    DMA1_Channel1_Event                      0x0800028f   Thumb Code     2  dma_stm32f10x.o(i.DMA1_Channel1_Event)
    __semihosting_library_function           0x0800028f   Thumb Code     0  indicate_semi.o(.text)
    DMA1_Channel1_IRQHandler                 0x08000291   Thumb Code    22  dma_stm32f10x.o(i.DMA1_Channel1_IRQHandler)
    DMA1_Channel2_Event                      0x080002ad   Thumb Code     2  dma_stm32f10x.o(i.DMA1_Channel2_Event)
    DMA1_Channel2_IRQHandler                 0x080002b1   Thumb Code    24  dma_stm32f10x.o(i.DMA1_Channel2_IRQHandler)
    DMA1_Channel3_Event                      0x080002cd   Thumb Code     2  dma_stm32f10x.o(i.DMA1_Channel3_Event)
    DMA1_Channel3_IRQHandler                 0x080002d1   Thumb Code    24  dma_stm32f10x.o(i.DMA1_Channel3_IRQHandler)
    DMA1_Channel4_Event                      0x080002ed   Thumb Code     2  dma_stm32f10x.o(i.DMA1_Channel4_Event)
    DMA1_Channel4_IRQHandler                 0x080002f1   Thumb Code    24  dma_stm32f10x.o(i.DMA1_Channel4_IRQHandler)
    DMA1_Channel5_Event                      0x0800030d   Thumb Code     2  dma_stm32f10x.o(i.DMA1_Channel5_Event)
    DMA1_Channel5_IRQHandler                 0x08000311   Thumb Code    24  dma_stm32f10x.o(i.DMA1_Channel5_IRQHandler)
    DMA1_Channel6_Event                      0x0800032d   Thumb Code     2  dma_stm32f10x.o(i.DMA1_Channel6_Event)
    DMA1_Channel6_IRQHandler                 0x08000331   Thumb Code    24  dma_stm32f10x.o(i.DMA1_Channel6_IRQHandler)
    DMA1_Channel7_Event                      0x0800034d   Thumb Code     2  dma_stm32f10x.o(i.DMA1_Channel7_Event)
    DMA1_Channel7_IRQHandler                 0x08000351   Thumb Code    24  dma_stm32f10x.o(i.DMA1_Channel7_IRQHandler)
    DMA_Cmd                                  0x0800036d   Thumb Code    24  stm32f10x_dma.o(i.DMA_Cmd)
    DMA_DeInit                               0x08000385   Thumb Code   324  stm32f10x_dma.o(i.DMA_DeInit)
    DMA_GetFlagStatus                        0x080004d1   Thumb Code    36  stm32f10x_dma.o(i.DMA_GetFlagStatus)
    DMA_Init                                 0x080004fd   Thumb Code    60  stm32f10x_dma.o(i.DMA_Init)
    GPIO_AFConfigure                         0x08000539   Thumb Code   146  gpio_stm32f10x.o(i.GPIO_AFConfigure)
    GPIO_GetPortClockState                   0x080005d5   Thumb Code   118  gpio_stm32f10x.o(i.GPIO_GetPortClockState)
    GPIO_Init                                0x0800066d   Thumb Code   278  stm32f10x_gpio.o(i.GPIO_Init)
    GPIO_PinConfigure                        0x08000783   Thumb Code   120  gpio_stm32f10x.o(i.GPIO_PinConfigure)
    GPIO_PortClock                           0x080007fd   Thumb Code   284  gpio_stm32f10x.o(i.GPIO_PortClock)
    GPIO_SetBits                             0x08000939   Thumb Code     4  stm32f10x_gpio.o(i.GPIO_SetBits)
    I2C1_ER_IRQHandler                       0x08000955   Thumb Code    10  i2c_stm32f10x.o(i.I2C1_ER_IRQHandler)
    I2C1_EV_IRQHandler                       0x08000965   Thumb Code    10  i2c_stm32f10x.o(i.I2C1_EV_IRQHandler)
    OW_Init                                  0x0800196d   Thumb Code   116  onewire.o(i.OW_Init)
    OW_Reset                                 0x080019e9   Thumb Code   130  onewire.o(i.OW_Reset)
    OW_Send                                  0x08001a71   Thumb Code   282  onewire.o(i.OW_Send)
    OW_out_set_as_Power_pin                  0x08001b9d   Thumb Code    50  onewire.o(i.OW_out_set_as_Power_pin)
    OW_out_set_as_TX_pin                     0x08001bd5   Thumb Code    40  onewire.o(i.OW_out_set_as_TX_pin)
    OW_toBits                                0x08001c01   Thumb Code    34  onewire.o(i.OW_toBits)
    OW_toByte                                0x08001c23   Thumb Code    32  onewire.o(i.OW_toByte)
    RCC_AHBPeriphClockCmd                    0x08001c45   Thumb Code    26  stm32f10x_rcc.o(i.RCC_AHBPeriphClockCmd)
    RCC_APB2PeriphClockCmd                   0x08001c65   Thumb Code    26  stm32f10x_rcc.o(i.RCC_APB2PeriphClockCmd)
    RCC_GetClocksFreq                        0x08001c85   Thumb Code   192  stm32f10x_rcc.o(i.RCC_GetClocksFreq)
    SPI1_IRQHandler                          0x08001d91   Thumb Code    10  spi_stm32f10x.o(i.SPI1_IRQHandler)
    SPI_IRQHandler                           0x080022d3   Thumb Code   520  spi_stm32f10x.o(i.SPI_IRQHandler)
    SystemCoreClockUpdate                    0x08002a11   Thumb Code   142  system_stm32f10x.o(i.SystemCoreClockUpdate)
    SystemInit                               0x08002ab5   Thumb Code    78  system_stm32f10x.o(i.SystemInit)
    USART1_IRQHandler                        0x08002b7d   Thumb Code    10  usart_stm32f10x.o(i.USART1_IRQHandler)
    USART_ClearFlag                          0x08002c25   Thumb Code    18  stm32f10x_usart.o(i.USART_ClearFlag)
    USART_Cmd                                0x08002c37   Thumb Code    24  stm32f10x_usart.o(i.USART_Cmd)
    USART_DMACmd                             0x08003471   Thumb Code    18  stm32f10x_usart.o(i.USART_DMACmd)
    USART_GetFlagStatus                      0x08003489   Thumb Code    26  stm32f10x_usart.o(i.USART_GetFlagStatus)
    USART_HalfDuplexCmd                      0x08003617   Thumb Code    24  stm32f10x_usart.o(i.USART_HalfDuplexCmd)
    USART_IRQHandler                         0x0800362f   Thumb Code   624  usart_stm32f10x.o(i.USART_IRQHandler)
    USART_Init                               0x080038a1   Thumb Code   210  stm32f10x_usart.o(i.USART_Init)
    USART_ReceiveData                        0x08003d17   Thumb Code    10  stm32f10x_usart.o(i.USART_ReceiveData)
    USART_SendData                           0x08003da9   Thumb Code     8  stm32f10x_usart.o(i.USART_SendData)
    main                                     0x08003fa9   Thumb Code    66  main.o(i.main)
    Driver_I2C1                              0x08004030   Data          48  i2c_stm32f10x.o(.constdata)
    Driver_SPI1                              0x080040a8   Data          44  spi_stm32f10x.o(.constdata)
    Driver_USART1                            0x08004118   Data          56  usart_stm32f10x.o(.constdata)
    Region$$Table$$Base                      0x08004150   Number         0  anon$$obj.o(Region$$Table)
    Region$$Table$$Limit                     0x08004170   Number         0  anon$$obj.o(Region$$Table)
    ow_buf                                   0x20000000   Data           8  onewire.o(.data)
    SystemCoreClock                          0x20000008   Data           4  system_stm32f10x.o(.data)
    AHBPrescTable                            0x2000000c   Data          16  system_stm32f10x.o(.data)
    __libspace_start                         0x200000ac   Data          96  libspace.o(.bss)
    __temporary_stack_top$libspace           0x2000010c   Data           0  libspace.o(.bss)



==============================================================================

Memory Map of the image

  Image Entry point : 0x08000189

  Load Region LR_1 (Base: 0x08000000, Size: 0x000041a0, Max: 0xffffffff, ABSOLUTE)

    Execution Region ER_RO (Exec base: 0x08000000, Load base: 0x08000000, Size: 0x00004170, Max: 0xffffffff, ABSOLUTE)

    Exec Addr    Load Addr    Size         Type   Attr      Idx    E Section Name        Object

    0x08000000   0x08000000   0x000000ec   Data   RO          866    RESET               startup_stm32f10x_md.o
    0x080000ec   0x080000ec   0x00000008   Code   RO         1957  * !!!main             c_w.l(__main.o)
    0x080000f4   0x080000f4   0x00000034   Code   RO         2114    !!!scatter          c_w.l(__scatter.o)
    0x08000128   0x08000128   0x0000001a   Code   RO         2116    !!handler_copy      c_w.l(__scatter_copy.o)
    0x08000142   0x08000142   0x00000002   PAD
    0x08000144   0x08000144   0x0000001c   Code   RO         2118    !!handler_zi        c_w.l(__scatter_zi.o)
    0x08000160   0x08000160   0x00000002   Code   RO         1984    .ARM.Collect$$libinit$$00000000  c_w.l(libinit.o)
    0x08000162   0x08000162   0x00000000   Code   RO         1991    .ARM.Collect$$libinit$$00000002  c_w.l(libinit2.o)
    0x08000162   0x08000162   0x00000000   Code   RO         1993    .ARM.Collect$$libinit$$00000004  c_w.l(libinit2.o)
    0x08000162   0x08000162   0x00000000   Code   RO         1996    .ARM.Collect$$libinit$$0000000A  c_w.l(libinit2.o)
    0x08000162   0x08000162   0x00000000   Code   RO         1998    .ARM.Collect$$libinit$$0000000C  c_w.l(libinit2.o)
    0x08000162   0x08000162   0x00000000   Code   RO         2000    .ARM.Collect$$libinit$$0000000E  c_w.l(libinit2.o)
    0x08000162   0x08000162   0x00000000   Code   RO         2003    .ARM.Collect$$libinit$$00000011  c_w.l(libinit2.o)
    0x08000162   0x08000162   0x00000000   Code   RO         2005    .ARM.Collect$$libinit$$00000013  c_w.l(libinit2.o)
    0x08000162   0x08000162   0x00000000   Code   RO         2007    .ARM.Collect$$libinit$$00000015  c_w.l(libinit2.o)
    0x08000162   0x08000162   0x00000000   Code   RO         2009    .ARM.Collect$$libinit$$00000017  c_w.l(libinit2.o)
    0x08000162   0x08000162   0x00000000   Code   RO         2011    .ARM.Collect$$libinit$$00000019  c_w.l(libinit2.o)
    0x08000162   0x08000162   0x00000000   Code   RO         2013    .ARM.Collect$$libinit$$0000001B  c_w.l(libinit2.o)
    0x08000162   0x08000162   0x00000000   Code   RO         2015    .ARM.Collect$$libinit$$0000001D  c_w.l(libinit2.o)
    0x08000162   0x08000162   0x00000000   Code   RO         2017    .ARM.Collect$$libinit$$0000001F  c_w.l(libinit2.o)
    0x08000162   0x08000162   0x00000000   Code   RO         2019    .ARM.Collect$$libinit$$00000021  c_w.l(libinit2.o)
    0x08000162   0x08000162   0x00000000   Code   RO         2021    .ARM.Collect$$libinit$$00000023  c_w.l(libinit2.o)
    0x08000162   0x08000162   0x00000000   Code   RO         2023    .ARM.Collect$$libinit$$00000025  c_w.l(libinit2.o)
    0x08000162   0x08000162   0x00000000   Code   RO         2027    .ARM.Collect$$libinit$$0000002C  c_w.l(libinit2.o)
    0x08000162   0x08000162   0x00000000   Code   RO         2029    .ARM.Collect$$libinit$$0000002E  c_w.l(libinit2.o)
    0x08000162   0x08000162   0x00000000   Code   RO         2031    .ARM.Collect$$libinit$$00000030  c_w.l(libinit2.o)
    0x08000162   0x08000162   0x00000000   Code   RO         2033    .ARM.Collect$$libinit$$00000032  c_w.l(libinit2.o)
    0x08000162   0x08000162   0x00000002   Code   RO         2034    .ARM.Collect$$libinit$$00000033  c_w.l(libinit2.o)
    0x08000164   0x08000164   0x00000002   Code   RO         2054    .ARM.Collect$$libshutdown$$00000000  c_w.l(libshutdown.o)
    0x08000166   0x08000166   0x00000000   Code   RO         2067    .ARM.Collect$$libshutdown$$00000002  c_w.l(libshutdown2.o)
    0x08000166   0x08000166   0x00000000   Code   RO         2069    .ARM.Collect$$libshutdown$$00000004  c_w.l(libshutdown2.o)
    0x08000166   0x08000166   0x00000000   Code   RO         2072    .ARM.Collect$$libshutdown$$00000007  c_w.l(libshutdown2.o)
    0x08000166   0x08000166   0x00000000   Code   RO         2075    .ARM.Collect$$libshutdown$$0000000A  c_w.l(libshutdown2.o)
    0x08000166   0x08000166   0x00000000   Code   RO         2077    .ARM.Collect$$libshutdown$$0000000C  c_w.l(libshutdown2.o)
    0x08000166   0x08000166   0x00000000   Code   RO         2080    .ARM.Collect$$libshutdown$$0000000F  c_w.l(libshutdown2.o)
    0x08000166   0x08000166   0x00000002   Code   RO         2081    .ARM.Collect$$libshutdown$$00000010  c_w.l(libshutdown2.o)
    0x08000168   0x08000168   0x00000000   Code   RO         1959    .ARM.Collect$$rtentry$$00000000  c_w.l(__rtentry.o)
    0x08000168   0x08000168   0x00000000   Code   RO         1961    .ARM.Collect$$rtentry$$00000002  c_w.l(__rtentry2.o)
    0x08000168   0x08000168   0x00000006   Code   RO         1973    .ARM.Collect$$rtentry$$00000004  c_w.l(__rtentry4.o)
    0x0800016e   0x0800016e   0x00000000   Code   RO         1963    .ARM.Collect$$rtentry$$00000009  c_w.l(__rtentry2.o)
    0x0800016e   0x0800016e   0x00000004   Code   RO         1964    .ARM.Collect$$rtentry$$0000000A  c_w.l(__rtentry2.o)
    0x08000172   0x08000172   0x00000000   Code   RO         1966    .ARM.Collect$$rtentry$$0000000C  c_w.l(__rtentry2.o)
    0x08000172   0x08000172   0x00000008   Code   RO         1967    .ARM.Collect$$rtentry$$0000000D  c_w.l(__rtentry2.o)
    0x0800017a   0x0800017a   0x00000002   Code   RO         1988    .ARM.Collect$$rtexit$$00000000  c_w.l(rtexit.o)
    0x0800017c   0x0800017c   0x00000000   Code   RO         2036    .ARM.Collect$$rtexit$$00000002  c_w.l(rtexit2.o)
    0x0800017c   0x0800017c   0x00000004   Code   RO         2037    .ARM.Collect$$rtexit$$00000003  c_w.l(rtexit2.o)
    0x08000180   0x08000180   0x00000006   Code   RO         2038    .ARM.Collect$$rtexit$$00000004  c_w.l(rtexit2.o)
    0x08000186   0x08000186   0x00000002   PAD
    0x08000188   0x08000188   0x00000040   Code   RO          867  * .text               startup_stm32f10x_md.o
    0x080001c8   0x080001c8   0x0000004e   Code   RO         1953    .text               c_w.l(rt_memclr_w.o)
    0x08000216   0x08000216   0x00000006   Code   RO         1955    .text               c_w.l(heapauxi.o)
    0x0800021c   0x0800021c   0x0000004a   Code   RO         1975    .text               c_w.l(sys_stackheap_outer.o)
    0x08000266   0x08000266   0x00000012   Code   RO         1977    .text               c_w.l(exit.o)
    0x08000278   0x08000278   0x00000008   Code   RO         1985    .text               c_w.l(libspace.o)
    0x08000280   0x08000280   0x0000000c   Code   RO         2046    .text               c_w.l(sys_exit.o)
    0x0800028c   0x0800028c   0x00000002   Code   RO         2057    .text               c_w.l(use_no_semi.o)
    0x0800028e   0x0800028e   0x00000000   Code   RO         2059    .text               c_w.l(indicate_semi.o)
    0x0800028e   0x0800028e   0x00000002   Code   RO          691    i.DMA1_Channel1_Event  dma_stm32f10x.o
    0x08000290   0x08000290   0x0000001c   Code   RO          692    i.DMA1_Channel1_IRQHandler  dma_stm32f10x.o
    0x080002ac   0x080002ac   0x00000002   Code   RO          693    i.DMA1_Channel2_Event  dma_stm32f10x.o
    0x080002ae   0x080002ae   0x00000002   PAD
    0x080002b0   0x080002b0   0x0000001c   Code   RO          694    i.DMA1_Channel2_IRQHandler  dma_stm32f10x.o
    0x080002cc   0x080002cc   0x00000002   Code   RO          695    i.DMA1_Channel3_Event  dma_stm32f10x.o
    0x080002ce   0x080002ce   0x00000002   PAD
    0x080002d0   0x080002d0   0x0000001c   Code   RO          696    i.DMA1_Channel3_IRQHandler  dma_stm32f10x.o
    0x080002ec   0x080002ec   0x00000002   Code   RO          697    i.DMA1_Channel4_Event  dma_stm32f10x.o
    0x080002ee   0x080002ee   0x00000002   PAD
    0x080002f0   0x080002f0   0x0000001c   Code   RO          698    i.DMA1_Channel4_IRQHandler  dma_stm32f10x.o
    0x0800030c   0x0800030c   0x00000002   Code   RO          699    i.DMA1_Channel5_Event  dma_stm32f10x.o
    0x0800030e   0x0800030e   0x00000002   PAD
    0x08000310   0x08000310   0x0000001c   Code   RO          700    i.DMA1_Channel5_IRQHandler  dma_stm32f10x.o
    0x0800032c   0x0800032c   0x00000002   Code   RO          701    i.DMA1_Channel6_Event  dma_stm32f10x.o
    0x0800032e   0x0800032e   0x00000002   PAD
    0x08000330   0x08000330   0x0000001c   Code   RO          702    i.DMA1_Channel6_IRQHandler  dma_stm32f10x.o
    0x0800034c   0x0800034c   0x00000002   Code   RO          703    i.DMA1_Channel7_Event  dma_stm32f10x.o
    0x0800034e   0x0800034e   0x00000002   PAD
    0x08000350   0x08000350   0x0000001c   Code   RO          704    i.DMA1_Channel7_IRQHandler  dma_stm32f10x.o
    0x0800036c   0x0800036c   0x00000018   Code   RO          970    i.DMA_Cmd           stm32f10x_dma.o
    0x08000384   0x08000384   0x0000014c   Code   RO          971    i.DMA_DeInit        stm32f10x_dma.o
    0x080004d0   0x080004d0   0x0000002c   Code   RO          973    i.DMA_GetFlagStatus  stm32f10x_dma.o
    0x080004fc   0x080004fc   0x0000003c   Code   RO          976    i.DMA_Init          stm32f10x_dma.o
    0x08000538   0x08000538   0x0000009c   Code   RO          822    i.GPIO_AFConfigure  gpio_stm32f10x.o
    0x080005d4   0x080005d4   0x00000098   Code   RO          823    i.GPIO_GetPortClockState  gpio_stm32f10x.o
    0x0800066c   0x0800066c   0x00000116   Code   RO         1058    i.GPIO_Init         stm32f10x_gpio.o
    0x08000782   0x08000782   0x00000078   Code   RO          824    i.GPIO_PinConfigure  gpio_stm32f10x.o
    0x080007fa   0x080007fa   0x00000002   PAD
    0x080007fc   0x080007fc   0x0000013c   Code   RO          825    i.GPIO_PortClock    gpio_stm32f10x.o
    0x08000938   0x08000938   0x00000004   Code   RO         1066    i.GPIO_SetBits      stm32f10x_gpio.o
    0x0800093c   0x0800093c   0x00000018   Code   RO          156    i.I2C1_Control      i2c_stm32f10x.o
    0x08000954   0x08000954   0x00000010   Code   RO          157    i.I2C1_ER_IRQHandler  i2c_stm32f10x.o
    0x08000964   0x08000964   0x00000010   Code   RO          158    i.I2C1_EV_IRQHandler  i2c_stm32f10x.o
    0x08000974   0x08000974   0x00000010   Code   RO          159    i.I2C1_GetDataCount  i2c_stm32f10x.o
    0x08000984   0x08000984   0x00000010   Code   RO          160    i.I2C1_GetStatus    i2c_stm32f10x.o
    0x08000994   0x08000994   0x00000014   Code   RO          161    i.I2C1_Initialize   i2c_stm32f10x.o
    0x080009a8   0x080009a8   0x00000020   Code   RO          162    i.I2C1_MasterReceive  i2c_stm32f10x.o
    0x080009c8   0x080009c8   0x00000020   Code   RO          163    i.I2C1_MasterTransmit  i2c_stm32f10x.o
    0x080009e8   0x080009e8   0x00000014   Code   RO          164    i.I2C1_PowerControl  i2c_stm32f10x.o
    0x080009fc   0x080009fc   0x00000018   Code   RO          165    i.I2C1_SlaveReceive  i2c_stm32f10x.o
    0x08000a14   0x08000a14   0x00000018   Code   RO          166    i.I2C1_SlaveTransmit  i2c_stm32f10x.o
    0x08000a2c   0x08000a2c   0x00000010   Code   RO          167    i.I2C1_Uninitialize  i2c_stm32f10x.o
    0x08000a3c   0x08000a3c   0x0000000c   Code   RO          168    i.I2CX_GetCapabilities  i2c_stm32f10x.o
    0x08000a48   0x08000a48   0x00000010   Code   RO          169    i.I2CX_GetVersion   i2c_stm32f10x.o
    0x08000a58   0x08000a58   0x000003ec   Code   RO          170    i.I2C_Control       i2c_stm32f10x.o
    0x08000e44   0x08000e44   0x00000122   Code   RO          171    i.I2C_ER_IRQHandler  i2c_stm32f10x.o
    0x08000f66   0x08000f66   0x0000058c   Code   RO          172    i.I2C_EV_IRQHandler  i2c_stm32f10x.o
    0x080014f2   0x080014f2   0x00000008   Code   RO          173    i.I2C_GetDataCount  i2c_stm32f10x.o
    0x080014fa   0x080014fa   0x00000008   Code   RO          174    i.I2C_GetStatus     i2c_stm32f10x.o
    0x08001502   0x08001502   0x00000058   Code   RO          175    i.I2C_Initialize    i2c_stm32f10x.o
    0x0800155a   0x0800155a   0x000000e2   Code   RO          176    i.I2C_MasterReceive  i2c_stm32f10x.o
    0x0800163c   0x0800163c   0x000000d4   Code   RO          177    i.I2C_MasterTransmit  i2c_stm32f10x.o
    0x08001710   0x08001710   0x0000015c   Code   RO          178    i.I2C_PowerControl  i2c_stm32f10x.o
    0x0800186c   0x0800186c   0x00000070   Code   RO          179    i.I2C_SlaveReceive  i2c_stm32f10x.o
    0x080018dc   0x080018dc   0x00000064   Code   RO          180    i.I2C_SlaveTransmit  i2c_stm32f10x.o
    0x08001940   0x08001940   0x0000002a   Code   RO          181    i.I2C_Uninitialize  i2c_stm32f10x.o
    0x0800196a   0x0800196a   0x00000002   PAD
    0x0800196c   0x0800196c   0x0000007c   Code   RO           90    i.OW_Init           onewire.o
    0x080019e8   0x080019e8   0x00000088   Code   RO           91    i.OW_Reset          onewire.o
    0x08001a70   0x08001a70   0x0000012c   Code   RO           92    i.OW_Send           onewire.o
    0x08001b9c   0x08001b9c   0x00000038   Code   RO           93    i.OW_out_set_as_Power_pin  onewire.o
    0x08001bd4   0x08001bd4   0x0000002c   Code   RO           94    i.OW_out_set_as_TX_pin  onewire.o
    0x08001c00   0x08001c00   0x00000022   Code   RO           95    i.OW_toBits         onewire.o
    0x08001c22   0x08001c22   0x00000020   Code   RO           96    i.OW_toByte         onewire.o
    0x08001c42   0x08001c42   0x00000002   PAD
    0x08001c44   0x08001c44   0x00000020   Code   RO         1395    i.RCC_AHBPeriphClockCmd  stm32f10x_rcc.o
    0x08001c64   0x08001c64   0x00000020   Code   RO         1398    i.RCC_APB2PeriphClockCmd  stm32f10x_rcc.o
    0x08001c84   0x08001c84   0x000000d4   Code   RO         1406    i.RCC_GetClocksFreq  stm32f10x_rcc.o
    0x08001d58   0x08001d58   0x00000018   Code   RO          356    i.SPI1_Control      spi_stm32f10x.o
    0x08001d70   0x08001d70   0x00000010   Code   RO          357    i.SPI1_GetDataCount  spi_stm32f10x.o
    0x08001d80   0x08001d80   0x00000010   Code   RO          358    i.SPI1_GetStatus    spi_stm32f10x.o
    0x08001d90   0x08001d90   0x00000010   Code   RO          359    i.SPI1_IRQHandler   spi_stm32f10x.o
    0x08001da0   0x08001da0   0x00000014   Code   RO          360    i.SPI1_Initialize   spi_stm32f10x.o
    0x08001db4   0x08001db4   0x00000014   Code   RO          361    i.SPI1_PowerControl  spi_stm32f10x.o
    0x08001dc8   0x08001dc8   0x00000018   Code   RO          362    i.SPI1_Receive      spi_stm32f10x.o
    0x08001de0   0x08001de0   0x00000018   Code   RO          363    i.SPI1_Send         spi_stm32f10x.o
    0x08001df8   0x08001df8   0x0000001c   Code   RO          364    i.SPI1_Transfer     spi_stm32f10x.o
    0x08001e14   0x08001e14   0x00000010   Code   RO          365    i.SPI1_Uninitialize  spi_stm32f10x.o
    0x08001e24   0x08001e24   0x0000000c   Code   RO          366    i.SPIX_GetCapabilities  spi_stm32f10x.o
    0x08001e30   0x08001e30   0x00000010   Code   RO          367    i.SPIX_GetVersion   spi_stm32f10x.o
    0x08001e40   0x08001e40   0x00000430   Code   RO          368    i.SPI_Control       spi_stm32f10x.o
    0x08002270   0x08002270   0x00000008   Code   RO          369    i.SPI_GetDataCount  spi_stm32f10x.o
    0x08002278   0x08002278   0x0000005a   Code   RO          370    i.SPI_GetStatus     spi_stm32f10x.o
    0x080022d2   0x080022d2   0x00000208   Code   RO          371    i.SPI_IRQHandler    spi_stm32f10x.o
    0x080024da   0x080024da   0x0000009e   Code   RO          372    i.SPI_Initialize    spi_stm32f10x.o
    0x08002578   0x08002578   0x00000060   Code   RO          373    i.SPI_PeripheralReset  spi_stm32f10x.o
    0x080025d8   0x080025d8   0x00000168   Code   RO          374    i.SPI_PowerControl  spi_stm32f10x.o
    0x08002740   0x08002740   0x00000094   Code   RO          375    i.SPI_Receive       spi_stm32f10x.o
    0x080027d4   0x080027d4   0x00000094   Code   RO          376    i.SPI_Send          spi_stm32f10x.o
    0x08002868   0x08002868   0x00000070   Code   RO          377    i.SPI_Transfer      spi_stm32f10x.o
    0x080028d8   0x080028d8   0x0000004e   Code   RO          378    i.SPI_Uninitialize  spi_stm32f10x.o
    0x08002926   0x08002926   0x00000008   Code   RO          874    i.SetSysClock       system_stm32f10x.o
    0x0800292e   0x0800292e   0x00000002   PAD
    0x08002930   0x08002930   0x000000e0   Code   RO          875    i.SetSysClockTo72   system_stm32f10x.o
    0x08002a10   0x08002a10   0x000000a4   Code   RO          876    i.SystemCoreClockUpdate  system_stm32f10x.o
    0x08002ab4   0x08002ab4   0x00000060   Code   RO          877    i.SystemInit        system_stm32f10x.o
    0x08002b14   0x08002b14   0x00000018   Code   RO          511    i.USART1_Control    usart_stm32f10x.o
    0x08002b2c   0x08002b2c   0x00000010   Code   RO          512    i.USART1_GetCapabilities  usart_stm32f10x.o
    0x08002b3c   0x08002b3c   0x00000010   Code   RO          513    i.USART1_GetModemStatus  usart_stm32f10x.o
    0x08002b4c   0x08002b4c   0x00000010   Code   RO          514    i.USART1_GetRxCount  usart_stm32f10x.o
    0x08002b5c   0x08002b5c   0x00000010   Code   RO          515    i.USART1_GetStatus  usart_stm32f10x.o
    0x08002b6c   0x08002b6c   0x00000010   Code   RO          516    i.USART1_GetTxCount  usart_stm32f10x.o
    0x08002b7c   0x08002b7c   0x00000010   Code   RO          517    i.USART1_IRQHandler  usart_stm32f10x.o
    0x08002b8c   0x08002b8c   0x00000014   Code   RO          518    i.USART1_Initialize  usart_stm32f10x.o
    0x08002ba0   0x08002ba0   0x00000014   Code   RO          519    i.USART1_PowerControl  usart_stm32f10x.o
    0x08002bb4   0x08002bb4   0x00000018   Code   RO          520    i.USART1_Receive    usart_stm32f10x.o
    0x08002bcc   0x08002bcc   0x00000018   Code   RO          521    i.USART1_Send       usart_stm32f10x.o
    0x08002be4   0x08002be4   0x00000014   Code   RO          522    i.USART1_SetModemControl  usart_stm32f10x.o
    0x08002bf8   0x08002bf8   0x0000001c   Code   RO          523    i.USART1_Transfer   usart_stm32f10x.o
    0x08002c14   0x08002c14   0x00000010   Code   RO          524    i.USART1_Uninitialize  usart_stm32f10x.o
    0x08002c24   0x08002c24   0x00000012   Code   RO         1762    i.USART_ClearFlag   stm32f10x_usart.o
    0x08002c36   0x08002c36   0x00000018   Code   RO         1766    i.USART_Cmd         stm32f10x_usart.o
    0x08002c4e   0x08002c4e   0x00000002   PAD
    0x08002c50   0x08002c50   0x00000820   Code   RO          525    i.USART_Control     usart_stm32f10x.o
    0x08003470   0x08003470   0x00000012   Code   RO         1767    i.USART_DMACmd      stm32f10x_usart.o
    0x08003482   0x08003482   0x00000006   Code   RO          526    i.USART_GetCapabilities  usart_stm32f10x.o
    0x08003488   0x08003488   0x0000001a   Code   RO         1769    i.USART_GetFlagStatus  stm32f10x_usart.o
    0x080034a2   0x080034a2   0x00000090   Code   RO          527    i.USART_GetModemStatus  usart_stm32f10x.o
    0x08003532   0x08003532   0x00000008   Code   RO          528    i.USART_GetRxCount  usart_stm32f10x.o
    0x0800353a   0x0800353a   0x000000d4   Code   RO          529    i.USART_GetStatus   usart_stm32f10x.o
    0x0800360e   0x0800360e   0x00000008   Code   RO          530    i.USART_GetTxCount  usart_stm32f10x.o
    0x08003616   0x08003616   0x00000018   Code   RO         1771    i.USART_HalfDuplexCmd  stm32f10x_usart.o
    0x0800362e   0x0800362e   0x00000270   Code   RO          531    i.USART_IRQHandler  usart_stm32f10x.o
    0x0800389e   0x0800389e   0x00000002   PAD
    0x080038a0   0x080038a0   0x000000d8   Code   RO         1773    i.USART_Init        stm32f10x_usart.o
    0x08003978   0x08003978   0x000000a2   Code   RO          532    i.USART_Initialize  usart_stm32f10x.o
    0x08003a1a   0x08003a1a   0x00000002   PAD
    0x08003a1c   0x08003a1c   0x00000088   Code   RO          533    i.USART_PeripheralReset  usart_stm32f10x.o
    0x08003aa4   0x08003aa4   0x000001d0   Code   RO          534    i.USART_PowerControl  usart_stm32f10x.o
    0x08003c74   0x08003c74   0x000000a2   Code   RO          535    i.USART_Receive     usart_stm32f10x.o
    0x08003d16   0x08003d16   0x0000000a   Code   RO         1780    i.USART_ReceiveData  stm32f10x_usart.o
    0x08003d20   0x08003d20   0x00000088   Code   RO          536    i.USART_Send        usart_stm32f10x.o
    0x08003da8   0x08003da8   0x00000008   Code   RO         1783    i.USART_SendData    stm32f10x_usart.o
    0x08003db0   0x08003db0   0x0000009c   Code   RO          537    i.USART_SetModemControl  usart_stm32f10x.o
    0x08003e4c   0x08003e4c   0x0000006a   Code   RO          538    i.USART_Transfer    usart_stm32f10x.o
    0x08003eb6   0x08003eb6   0x0000006c   Code   RO          539    i.USART_Uninitialize  usart_stm32f10x.o
    0x08003f22   0x08003f22   0x00000002   PAD
    0x08003f24   0x08003f24   0x00000010   Code   RO          540    i.USARTx_GetVersion  usart_stm32f10x.o
    0x08003f34   0x08003f34   0x0000001c   Code   RO          182    i.__NVIC_ClearPendingIRQ  i2c_stm32f10x.o
    0x08003f50   0x08003f50   0x0000003c   Code   RO          183    i.__NVIC_DisableIRQ  i2c_stm32f10x.o
    0x08003f8c   0x08003f8c   0x0000001a   Code   RO          184    i.__NVIC_EnableIRQ  i2c_stm32f10x.o
    0x08003fa6   0x08003fa6   0x00000002   PAD
    0x08003fa8   0x08003fa8   0x00000058   Code   RO            4    i.main              main.o
    0x08004000   0x08004000   0x00000060   Data   RO          186    .constdata          i2c_stm32f10x.o
    0x08004060   0x08004060   0x00000074   Data   RO          380    .constdata          spi_stm32f10x.o
    0x080040d4   0x080040d4   0x0000007c   Data   RO          542    .constdata          usart_stm32f10x.o
    0x08004150   0x08004150   0x00000020   Data   RO         2112    Region$$Table       anon$$obj.o


    Execution Region ER_RW (Exec base: 0x20000000, Load base: 0x08004170, Size: 0x00000030, Max: 0xffffffff, ABSOLUTE)

    Exec Addr    Load Addr    Size         Type   Attr      Idx    E Section Name        Object

    0x20000000   0x08004170   0x00000008   Data   RW           97    .data               onewire.o
    0x20000008   0x08004178   0x00000014   Data   RW          878    .data               system_stm32f10x.o
    0x2000001c   0x0800418c   0x00000014   Data   RW         1426    .data               stm32f10x_rcc.o


    Execution Region ER_ZI (Exec base: 0x20000030, Load base: 0x080041a0, Size: 0x000006e0, Max: 0xffffffff, ABSOLUTE)

    Exec Addr    Load Addr    Size         Type   Attr      Idx    E Section Name        Object

    0x20000030        -       0x0000001c   Zero   RW          185    .bss                i2c_stm32f10x.o
    0x2000004c        -       0x00000028   Zero   RW          379    .bss                spi_stm32f10x.o
    0x20000074        -       0x00000038   Zero   RW          541    .bss                usart_stm32f10x.o
    0x200000ac        -       0x00000060   Zero   RW         1986    .bss                c_w.l(libspace.o)
    0x2000010c   0x080041a0   0x00000004   PAD
    0x20000110        -       0x00000200   Zero   RW          865    HEAP                startup_stm32f10x_md.o
    0x20000310        -       0x00000400   Zero   RW          864    STACK               startup_stm32f10x_md.o


==============================================================================

Image component sizes


      Code (inc. data)   RO Data    RW Data    ZI Data      Debug   Object Name

       210         30          0          0          0       7259   dma_stm32f10x.o
       744         76          0          0          0       6361   gpio_stm32f10x.o
      4256        136         96          0         28      53387   i2c_stm32f10x.o
        88         22          0          0          0     240275   main.o
       726         42          0          8          0       5097   onewire.o
      3022        104        116          0         40      52200   spi_stm32f10x.o
        64         26        236          0       1536        812   startup_stm32f10x_md.o
       460         16          0          0          0       4374   stm32f10x_dma.o
       282          0          0          0          0       2767   stm32f10x_gpio.o
       276         32          0         20          0       4729   stm32f10x_rcc.o
       344          6          0          0          0       6755   stm32f10x_usart.o
       492         50          0         20          0       2997   system_stm32f10x.o
      4800        158        124          0         56      30911   usart_stm32f10x.o

    ----------------------------------------------------------------------
     15794        698        604         48       1660     417924   Object Totals
         0          0         32          0          0          0   (incl. Generated)
        30          0          0          0          0          0   (incl. Padding)

    ----------------------------------------------------------------------

      Code (inc. data)   RO Data    RW Data    ZI Data      Debug   Library Member Name

         8          0          0          0          0         68   __main.o
         0          0          0          0          0          0   __rtentry.o
        12          0          0          0          0          0   __rtentry2.o
         6          0          0          0          0          0   __rtentry4.o
        52          8          0          0          0          0   __scatter.o
        26          0          0          0          0          0   __scatter_copy.o
        28          0          0          0          0          0   __scatter_zi.o
        18          0          0          0          0         80   exit.o
         6          0          0          0          0        152   heapauxi.o
         0          0          0          0          0          0   indicate_semi.o
         2          0          0          0          0          0   libinit.o
         2          0          0          0          0          0   libinit2.o
         2          0          0          0          0          0   libshutdown.o
         2          0          0          0          0          0   libshutdown2.o
         8          4          0          0         96         68   libspace.o
        78          0          0          0          0         80   rt_memclr_w.o
         2          0          0          0          0          0   rtexit.o
        10          0          0          0          0          0   rtexit2.o
        12          4          0          0          0         68   sys_exit.o
        74          0          0          0          0         80   sys_stackheap_outer.o
         2          0          0          0          0         68   use_no_semi.o

    ----------------------------------------------------------------------
       354         16          0          0        100        664   Library Totals
         4          0          0          0          4          0   (incl. Padding)

    ----------------------------------------------------------------------

      Code (inc. data)   RO Data    RW Data    ZI Data      Debug   Library Name

       350         16          0          0         96        664   c_w.l

    ----------------------------------------------------------------------
       354         16          0          0        100        664   Library Totals

    ----------------------------------------------------------------------

==============================================================================


      Code (inc. data)   RO Data    RW Data    ZI Data      Debug   

     16148        714        604         48       1760     411824   Grand Totals
     16148        714        604         48       1760     411824   ELF Image Totals
     16148        714        604         48          0          0   ROM Totals

==============================================================================

    Total RO  Size (Code + RO Data)                16752 (  16.36kB)
    Total RW  Size (RW Data + ZI Data)              1808 (   1.77kB)
    Total ROM Size (Code + RO Data + RW Data)      16800 (  16.41kB)

==============================================================================

